[    0.000000] Linux version 4.15.0-212-generic (buildd@lcy02-amd64-083) (gcc version 7.5.0 (Ubuntu 7.5.0-3ubuntu1~18.04)) #223-Ubuntu SMP Tue May 23 13:09:22 UTC 2023 (Ubuntu 4.15.0-212.223-generic 4.15.18)
[    0.000000] Command line: BOOT_IMAGE=/boot/vmlinuz-4.15.0-212-generic root=LABEL=cloudimg-rootfs ro console=tty1 console=ttyS0
[    0.000000] KERNEL supported cpus:
[    0.000000]   Intel GenuineIntel
[    0.000000]   AMD AuthenticAMD
[    0.000000]   Centaur CentaurHauls
[    0.000000] x86/fpu: Supporting XSAVE feature 0x001: 'x87 floating point registers'
[    0.000000] x86/fpu: Supporting XSAVE feature 0x002: 'SSE registers'
[    0.000000] x86/fpu: Supporting XSAVE feature 0x004: 'AVX registers'
[    0.000000] x86/fpu: xstate_offset[2]:  576, xstate_sizes[2]:  256
[    0.000000] x86/fpu: Enabled xstate features 0x7, context size is 832 bytes, using 'standard' format.
[    0.000000] e820: BIOS-provided physical RAM map:
[    0.000000] BIOS-e820: [mem 0x0000000000000000-0x000000000009fbff] usable
[    0.000000] BIOS-e820: [mem 0x000000000009fc00-0x000000000009ffff] reserved
[    0.000000] BIOS-e820: [mem 0x00000000000f0000-0x00000000000fffff] reserved
[    0.000000] BIOS-e820: [mem 0x0000000000100000-0x000000001ffeffff] usable
[    0.000000] BIOS-e820: [mem 0x000000001fff0000-0x000000001fffffff] ACPI data
[    0.000000] BIOS-e820: [mem 0x00000000fec00000-0x00000000fec00fff] reserved
[    0.000000] BIOS-e820: [mem 0x00000000fee00000-0x00000000fee00fff] reserved
[    0.000000] BIOS-e820: [mem 0x00000000fffc0000-0x00000000ffffffff] reserved
[    0.000000] NX (Execute Disable) protection: active
[    0.000000] SMBIOS 2.5 present.
[    0.000000] DMI: innotek GmbH VirtualBox/VirtualBox, BIOS VirtualBox 12/01/2006
[    0.000000] Hypervisor detected: KVM
[    0.000000] e820: last_pfn = 0x1fff0 max_arch_pfn = 0x400000000
[    0.000000] x86/PAT: Configuration [0-7]: WB  WC  UC- UC  WB  WP  UC- WT  
[    0.000000] CPU MTRRs all blank - virtualized system.
[    0.000000] found SMP MP-table at [mem 0x0009fbf0-0x0009fbff]
[    0.000000] Scanning 1 areas for low memory corruption
[    0.000000] RAMDISK: [mem 0x1db01000-0x1ee12fff]
[    0.000000] ACPI: Early table checksum verification disabled
[    0.000000] ACPI: RSDP 0x00000000000E0000 000024 (v02 VBOX  )
[    0.000000] ACPI: XSDT 0x000000001FFF0030 00003C (v01 VBOX   VBOXXSDT 00000001 ASL  00000061)
[    0.000000] ACPI: FACP 0x000000001FFF00F0 0000F4 (v04 VBOX   VBOXFACP 00000001 ASL  00000061)
[    0.000000] ACPI: DSDT 0x000000001FFF02E0 002353 (v02 VBOX   VBOXBIOS 00000002 VBOX 00029BF3)
[    0.000000] ACPI: FACS 0x000000001FFF0200 000040
[    0.000000] ACPI: FACS 0x000000001FFF0200 000040
[    0.000000] ACPI: APIC 0x000000001FFF0240 000054 (v02 VBOX   VBOXAPIC 00000001 ASL  00000061)
[    0.000000] ACPI: SSDT 0x000000001FFF02A0 000038 (v01 VBOX   VBOXCPUT 00000002 VBOX 00029BF3)
[    0.000000] ACPI: Reserving FACP table memory at [mem 0x1fff00f0-0x1fff01e3]
[    0.000000] ACPI: Reserving DSDT table memory at [mem 0x1fff02e0-0x1fff2632]
[    0.000000] ACPI: Reserving FACS table memory at [mem 0x1fff0200-0x1fff023f]
[    0.000000] ACPI: Reserving FACS table memory at [mem 0x1fff0200-0x1fff023f]
[    0.000000] ACPI: Reserving APIC table memory at [mem 0x1fff0240-0x1fff0293]
[    0.000000] ACPI: Reserving SSDT table memory at [mem 0x1fff02a0-0x1fff02d7]
[    0.000000] No NUMA configuration found
[    0.000000] Faking a node at [mem 0x0000000000000000-0x000000001ffeffff]
[    0.000000] NODE_DATA(0) allocated [mem 0x1ffc5000-0x1ffeffff]
[    0.000000] kvm-clock: cpu 0, msr 0:1ff44001, primary cpu clock
[    0.000000] kvm-clock: Using msrs 4b564d01 and 4b564d00
[    0.000000] kvm-clock: using sched offset of 3821432682 cycles
[    0.000000] clocksource: kvm-clock: mask: 0xffffffffffffffff max_cycles: 0x1cd42e4dffb, max_idle_ns: 881590591483 ns
[    0.000000] Zone ranges:
[    0.000000]   DMA      [mem 0x0000000000001000-0x0000000000ffffff]
[    0.000000]   DMA32    [mem 0x0000000001000000-0x000000001ffeffff]
[    0.000000]   Normal   empty
[    0.000000]   Device   empty
[    0.000000] Movable zone start for each node
[    0.000000] Early memory node ranges
[    0.000000]   node   0: [mem 0x0000000000001000-0x000000000009efff]
[    0.000000]   node   0: [mem 0x0000000000100000-0x000000001ffeffff]
[    0.000000] Reserved but unavailable: 104 pages
[    0.000000] Initmem setup node 0 [mem 0x0000000000001000-0x000000001ffeffff]
[    0.000000] ACPI: PM-Timer IO Port: 0x4008
[    0.000000] IOAPIC[0]: apic_id 1, version 32, address 0xfec00000, GSI 0-23
[    0.000000] ACPI: INT_SRC_OVR (bus 0 bus_irq 0 global_irq 2 dfl dfl)
[    0.000000] ACPI: INT_SRC_OVR (bus 0 bus_irq 9 global_irq 9 low level)
[    0.000000] Using ACPI (MADT) for SMP configuration information
[    0.000000] smpboot: Allowing 1 CPUs, 0 hotplug CPUs
[    0.000000] PM: Registered nosave memory: [mem 0x00000000-0x00000fff]
[    0.000000] PM: Registered nosave memory: [mem 0x0009f000-0x0009ffff]
[    0.000000] PM: Registered nosave memory: [mem 0x000a0000-0x000effff]
[    0.000000] PM: Registered nosave memory: [mem 0x000f0000-0x000fffff]
[    0.000000] e820: [mem 0x20000000-0xfebfffff] available for PCI devices
[    0.000000] Booting paravirtualized kernel on KVM
[    0.000000] clocksource: refined-jiffies: mask: 0xffffffff max_cycles: 0xffffffff, max_idle_ns: 7645519600211568 ns
[    0.000000] setup_percpu: NR_CPUS:8192 nr_cpumask_bits:1 nr_cpu_ids:1 nr_node_ids:1
[    0.000000] percpu: Embedded 50 pages/cpu s167936 r8192 d28672 u2097152
[    0.000000] PV qspinlock hash table entries: 256 (order: 0, 4096 bytes)
[    0.000000] Built 1 zonelists, mobility grouping on.  Total pages: 128889
[    0.000000] Policy zone: DMA32
[    0.000000] Kernel command line: BOOT_IMAGE=/boot/vmlinuz-4.15.0-212-generic root=LABEL=cloudimg-rootfs ro console=tty1 console=ttyS0
[    0.000000] Memory: 466748K/523832K available (12300K kernel code, 2477K rwdata, 4324K rodata, 2480K init, 2720K bss, 57084K reserved, 0K cma-reserved)
[    0.000000] SLUB: HWalign=64, Order=0-3, MinObjects=0, CPUs=1, Nodes=1
[    0.000000] Kernel/User page tables isolation: enabled
[    0.000000] ftrace: allocating 39508 entries in 155 pages
[    0.004000] Hierarchical RCU implementation.
[    0.004000] 	RCU restricting CPUs from NR_CPUS=8192 to nr_cpu_ids=1.
[    0.004000] 	Tasks RCU enabled.
[    0.004000] RCU: Adjusting geometry for rcu_fanout_leaf=16, nr_cpu_ids=1
[    0.004000] NR_IRQS: 524544, nr_irqs: 256, preallocated irqs: 16
[    0.004000] random: crng init done
[    0.004000] Console: colour VGA+ 80x25
[    0.004000] console [tty1] enabled
[    0.004000] console [ttyS0] enabled
[    0.004000] ACPI: Core revision 20170831
[    0.004000] ACPI: 2 ACPI AML tables successfully acquired and loaded
[    0.004000] APIC: Switch to symmetric I/O mode setup
[    0.008000] ..TIMER: vector=0x30 apic1=0 pin1=2 apic2=-1 pin2=-1
[    0.008003] tsc: Detected 3696.000 MHz processor
[    0.012007] Calibrating delay loop (skipped) preset value.. 7392.00 BogoMIPS (lpj=14784000)
[    0.016002] pid_max: default: 32768 minimum: 301
[    0.020021] Security Framework initialized
[    0.024002] Yama: becoming mindful.
[    0.026942] AppArmor: AppArmor initialized
[    0.028056] Dentry cache hash table entries: 65536 (order: 7, 524288 bytes)
[    0.032022] Inode-cache hash table entries: 32768 (order: 6, 262144 bytes)
[    0.036008] Mount-cache hash table entries: 1024 (order: 1, 8192 bytes)
[    0.040004] Mountpoint-cache hash table entries: 1024 (order: 1, 8192 bytes)
[    0.048149] Last level iTLB entries: 4KB 64, 2MB 8, 4MB 8
[    0.052002] Last level dTLB entries: 4KB 64, 2MB 0, 4MB 0, 1GB 4
[    0.056003] Spectre V1 : Mitigation: usercopy/swapgs barriers and __user pointer sanitization
[    0.060002] Spectre V2 : Mitigation: Retpolines
[    0.064002] Spectre V2 : Spectre v2 / SpectreRSB mitigation: Filling RSB on context switch
[    0.068001] Spectre V2 : Spectre v2 / SpectreRSB : Filling RSB on VMEXIT
[    0.072002] RETBleed: WARNING: Spectre v2 mitigation leaves CPU vulnerable to RETBleed attacks, data leaks possible!
[    0.076002] RETBleed: Vulnerable
[    0.080002] Speculative Store Bypass: Vulnerable
[    0.084071] MDS: Mitigation: Clear CPU buffers
[    0.087664] MMIO Stale Data: Mitigation: Clear CPU buffers
[    0.088002] SRBDS: Unknown: Dependent on hypervisor status
[    0.099569] Freeing SMP alternatives memory: 36K
[    0.208382] smpboot: CPU0: Intel(R) Core(TM) i7-8700K CPU @ 3.70GHz (family: 0x6, model: 0x9e, stepping: 0xa)
[    0.212051] Performance Events: unsupported p6 CPU model 158 no PMU driver, software events only.
[    0.216026] Hierarchical SRCU implementation.
[    0.220371] NMI watchdog: Perf event create on CPU 0 failed with -2
[    0.224001] NMI watchdog: Perf NMI watchdog permanently disabled
[    0.228025] smp: Bringing up secondary CPUs ...
[    0.232002] smp: Brought up 1 node, 1 CPU
[    0.236002] smpboot: Max logical packages: 1
[    0.240002] smpboot: Total of 1 processors activated (7392.00 BogoMIPS)
[    0.244089] devtmpfs: initialized
[    0.248036] x86/mm: Memory block size: 128MB
[    0.252130] evm: security.selinux
[    0.256003] evm: security.SMACK64
[    0.258836] evm: security.SMACK64EXEC
[    0.260002] evm: security.SMACK64TRANSMUTE
[    0.264002] evm: security.SMACK64MMAP
[    0.268002] evm: security.apparmor
[    0.272002] evm: security.ima
[    0.274497] evm: security.capability
[    0.276085] clocksource: jiffies: mask: 0xffffffff max_cycles: 0xffffffff, max_idle_ns: 7645041785100000 ns
[    0.280009] futex hash table entries: 256 (order: 2, 16384 bytes)
[    0.284033] pinctrl core: initialized pinctrl subsystem
[    0.288372] RTC time: 11:55:33, date: 10/27/25
[    0.292105] NET: Registered protocol family 16
[    0.296047] audit: initializing netlink subsys (disabled)
[    0.300084] cpuidle: using governor ladder
[    0.304005] audit: type=2000 audit(1761566138.697:1): state=initialized audit_enabled=0 res=1
[    0.308004] cpuidle: using governor menu
[    0.312033] ACPI: bus type PCI registered
[    0.316002] acpiphp: ACPI Hot Plug PCI Controller Driver version: 0.5
[    0.320311] PCI: Using configuration type 1 for base access
[    0.324854] HugeTLB registered 2.00 MiB page size, pre-allocated 0 pages
[    0.328105] ACPI: Added _OSI(Module Device)
[    0.332003] ACPI: Added _OSI(Processor Device)
[    0.336002] ACPI: Added _OSI(3.0 _SCP Extensions)
[    0.340002] ACPI: Added _OSI(Processor Aggregator Device)
[    0.344007] ACPI: Added _OSI(Linux-Dell-Video)
[    0.348012] ACPI: Added _OSI(Linux-Lenovo-NV-HDMI-Audio)
[    0.352002] ACPI: Added _OSI(Linux-HPI-Hybrid-Graphics)
[    0.356759] ACPI: Executed 1 blocks of module-level executable AML code
[    0.365414] ACPI: Interpreter enabled
[    0.368009] ACPI: (supports S0 S5)
[    0.370916] ACPI: Using IOAPIC for interrupt routing
[    0.376218] PCI: Using host bridge windows from ACPI; if necessary, use "pci=nocrs" and report a bug
[    0.380233] ACPI: Enabled 2 GPEs in block 00 to 07
[    0.392832] ACPI: PCI Root Bridge [PCI0] (domain 0000 [bus 00-ff])
[    0.396005] acpi PNP0A03:00: _OSC: OS supports [ASPM ClockPM Segments MSI]
[    0.404503] acpi PNP0A03:00: _OSC: not requesting OS control; OS requires [ExtendedConfig ASPM ClockPM MSI]
[    0.408010] acpi PNP0A03:00: fail to add MMCONFIG information, can't access extended PCI configuration space under this bridge.
[    0.412669] PCI host bridge to bus 0000:00
[    0.416003] pci_bus 0000:00: root bus resource [io  0x0000-0x0cf7 window]
[    0.420002] pci_bus 0000:00: root bus resource [io  0x0d00-0xffff window]
[    0.424002] pci_bus 0000:00: root bus resource [mem 0x000a0000-0x000bffff window]
[    0.428002] pci_bus 0000:00: root bus resource [mem 0x20000000-0xfdffffff window]
[    0.432004] pci_bus 0000:00: root bus resource [bus 00-ff]
[    0.443631] pci 0000:00:01.1: legacy IDE quirk: reg 0x10: [io  0x01f0-0x01f7]
[    0.444002] pci 0000:00:01.1: legacy IDE quirk: reg 0x14: [io  0x03f6]
[    0.448003] pci 0000:00:01.1: legacy IDE quirk: reg 0x18: [io  0x0170-0x0177]
[    0.452002] pci 0000:00:01.1: legacy IDE quirk: reg 0x1c: [io  0x0376]
[    0.479659] pci 0000:00:07.0: quirk: [io  0x4000-0x403f] claimed by PIIX4 ACPI
[    0.480037] pci 0000:00:07.0: quirk: [io  0x4100-0x410f] claimed by PIIX4 SMB
[    0.497415] ACPI: PCI Interrupt Link [LNKA] (IRQs 5 9 10 *11)
[    0.500527] ACPI: PCI Interrupt Link [LNKB] (IRQs 5 9 *10 11)
[    0.504195] ACPI: PCI Interrupt Link [LNKC] (IRQs 5 *9 10 11)
[    0.508195] ACPI: PCI Interrupt Link [LNKD] (IRQs 5 9 10 *11)
[    0.512330] SCSI subsystem initialized
[    0.516082] pci 0000:00:02.0: vgaarb: setting as boot VGA device
[    0.520000] pci 0000:00:02.0: vgaarb: VGA device added: decodes=io+mem,owns=io+mem,locks=none
[    0.520003] pci 0000:00:02.0: vgaarb: bridge control possible
[    0.524002] vgaarb: loaded
[    0.526270] ACPI: bus type USB registered
[    0.528015] usbcore: registered new interface driver usbfs
[    0.532008] usbcore: registered new interface driver hub
[    0.536007] usbcore: registered new device driver usb
[    0.540037] EDAC MC: Ver: 3.0.0
[    0.543232] PCI: Using ACPI for IRQ routing
[    0.548089] NetLabel: Initializing
[    0.550834] NetLabel:  domain hash size = 128
[    0.552001] NetLabel:  protocols = UNLABELED CIPSOv4 CALIPSO
[    0.556014] NetLabel:  unlabeled traffic allowed by default
[    0.560090] clocksource: Switched to clocksource kvm-clock
[    0.600736] VFS: Disk quotas dquot_6.6.0
[    0.610837] VFS: Dquot-cache hash table entries: 512 (order 0, 4096 bytes)
[    0.616893] AppArmor: AppArmor Filesystem Enabled
[    0.621022] pnp: PnP ACPI init
[    0.625356] pnp: PnP ACPI: found 3 devices
[    0.636513] clocksource: acpi_pm: mask: 0xffffff max_cycles: 0xffffff, max_idle_ns: 2085701024 ns
[    0.643799] NET: Registered protocol family 2
[    0.647885] IP idents hash table entries: 8192 (order: 4, 65536 bytes)
[    0.653671] TCP established hash table entries: 4096 (order: 3, 32768 bytes)
[    0.659344] TCP bind hash table entries: 4096 (order: 4, 65536 bytes)
[    0.665114] TCP: Hash tables configured (established 4096 bind 4096)
[    0.670777] UDP hash table entries: 256 (order: 1, 8192 bytes)
[    0.675819] UDP-Lite hash table entries: 256 (order: 1, 8192 bytes)
[    0.681086] NET: Registered protocol family 1
[    0.684914] pci 0000:00:00.0: Limiting direct PCI/PCI transfers
[    0.689919] pci 0000:00:01.0: Activating ISA DMA hang workarounds
[    0.695182] pci 0000:00:02.0: Video device with shadowed ROM at [mem 0x000c0000-0x000dffff]
[    0.702083] Unpacking initramfs...
[    1.172933] Freeing initrd memory: 19528K
[    1.180366] clocksource: tsc: mask: 0xffffffffffffffff max_cycles: 0x6a8d280fdb9, max_idle_ns: 881591151302 ns
[    1.188509] platform rtc_cmos: registered platform RTC device (no PNP device found)
[    1.196183] Scanning for low memory corruption every 60 seconds
[    1.201749] Initialise system trusted keyrings
[    1.205610] Key type blacklist registered
[    1.209005] workingset: timestamp_bits=36 max_order=17 bucket_order=0
[    1.216815] zbud: loaded
[    1.220201] squashfs: version 4.0 (2009/01/31) Phillip Lougher
[    1.225239] fuse init (API version 7.26)
[    1.230971] Key type asymmetric registered
[    1.234975] Asymmetric key parser 'x509' registered
[    1.239225] Block layer SCSI generic (bsg) driver version 0.4 loaded (major 246)
[    1.245696] io scheduler noop registered
[    1.249124] io scheduler deadline registered
[    1.252939] io scheduler cfq registered (default)
[    1.257155] ACPI: AC Adapter [AC] (on-line)
[    1.260615] input: Power Button as /devices/LNXSYSTM:00/LNXPWRBN:00/input/input0
[    1.266537] ACPI: Power Button [PWRF]
[    1.269676] input: Sleep Button as /devices/LNXSYSTM:00/LNXSLPBN:00/input/input1
[    1.275999] ACPI: Sleep Button [SLPF]
[    1.279518] Serial: 8250/16550 driver, 32 ports, IRQ sharing enabled
[    1.313219] 00:02: ttyS0 at I/O 0x3f8 (irq = 4, base_baud = 115200) is a 16550A
[    1.322756] Linux agpgart interface v0.103
[    1.328927] loop: module loaded
[    1.333357] scsi host0: ata_piix
[    1.336555] scsi host1: ata_piix
[    1.339195] ata1: PATA max UDMA/33 cmd 0x1f0 ctl 0x3f6 bmdma 0xd000 irq 14
[    1.344603] ata2: PATA max UDMA/33 cmd 0x170 ctl 0x376 bmdma 0xd008 irq 15
[    1.351974] tun: Universal TUN/TAP device driver, 1.6
[    1.356664] PPP generic driver version 2.4.2
[    1.360172] ehci_hcd: USB 2.0 'Enhanced' Host Controller (EHCI) Driver
[    1.365491] ehci-pci: EHCI PCI platform driver
[    1.369302] ehci-platform: EHCI generic platform driver
[    1.373471] ohci_hcd: USB 1.1 'Open' Host Controller (OHCI) Driver
[    1.378595] ohci-pci: OHCI PCI platform driver
[    1.382208] ohci-platform: OHCI generic platform driver
[    1.386622] uhci_hcd: USB Universal Host Controller Interface driver
[    1.391684] i8042: PNP: PS/2 Controller [PNP0303:PS2K,PNP0f03:PS2M] at 0x60,0x64 irq 1,12
[    1.401360] serio: i8042 KBD port at 0x60,0x64 irq 1
[    1.405835] serio: i8042 AUX port at 0x60,0x64 irq 12
[    1.410167] mousedev: PS/2 mouse device common for all mice
[    1.415793] input: AT Translated Set 2 keyboard as /devices/platform/i8042/serio0/input/input2
[    1.423982] rtc_cmos rtc_cmos: rtc core: registered rtc_cmos as rtc0
[    1.430237] rtc_cmos rtc_cmos: alarms up to one day, 114 bytes nvram
[    1.435629] i2c /dev entries driver
[    1.438564] device-mapper: uevent: version 1.0.3
[    1.443695] device-mapper: ioctl: 4.37.0-ioctl (2017-09-20) initialised: dm-devel@redhat.com
[    1.450637] ledtrig-cpu: registered to indicate activity on CPUs
[    1.456401] NET: Registered protocol family 10
[    1.464547] Segment Routing with IPv6
[    1.467793] NET: Registered protocol family 17
[    1.471545] Key type dns_resolver registered
[    1.475557] mce: Using 0 MCE banks
[    1.478476] RAS: Correctable Errors collector initialized.
[    1.483183] sched_clock: Marking stable (1483130695, 0)->(2172141220, -689010525)
[    1.489410] registered taskstats version 1
[    1.493529] Loading compiled-in X.509 certificates
[    1.500422] Loaded X.509 cert 'Build time autogenerated kernel key: b5b26778eaa3ab3a4a6cee031137706e947d12ad'
[    1.564144] Loaded X.509 cert 'Canonical Ltd. Live Patch Signing: 14df34d1a87cf37625abec039ef2bf521249b969'
[    1.573234] Loaded X.509 cert 'Canonical Ltd. Kernel Module Signing: 88f752e560a1e0737e31163a466ad7b70a850c19'
[    1.581497] blacklist: Loading compiled-in revocation X.509 certificates
[    1.587472] Loaded X.509 cert 'Canonical Ltd. Secure Boot Signing: 61482aa2830d0ab2ad5af10b7250da9033ddcef0'
[    1.595398] Loaded X.509 cert 'Canonical Ltd. Secure Boot Signing (2017): 242ade75ac4a15e50d50c84b0d45ff3eae707a03'
[    1.603505] Loaded X.509 cert 'Canonical Ltd. Secure Boot Signing (ESM 2018): 365188c1d374d6b07c3c8f240f8ef722433d6a8b'
[    1.612413] Loaded X.509 cert 'Canonical Ltd. Secure Boot Signing (2019): c0746fd6c5da3ae827864651ad66ae47fe24b3e8'
[    1.620913] Loaded X.509 cert 'Canonical Ltd. Secure Boot Signing (2021 v1): a8d54bbb3825cfb94fa13c9f8a594a195c107b8d'
[    1.629597] Loaded X.509 cert 'Canonical Ltd. Secure Boot Signing (2021 v2): 4cf046892d6fd3c9a5b03f98d845f90851dc6a8c'
[    1.638290] Loaded X.509 cert 'Canonical Ltd. Secure Boot Signing (2021 v3): 100437bb6de6e469b581e61cd66bce3ef4ed53af'
[    1.647052] Loaded X.509 cert 'Canonical Ltd. Secure Boot Signing (Ubuntu Core 2019): c1d57b8f6b743f23ee41f4f7ee292f06eecadfb9'
[    1.656136] zswap: loaded using pool lzo/zbud
[    1.663895] Key type big_key registered
[    1.667312] Key type trusted registered
[    1.672739] Key type encrypted registered
[    1.676298] AppArmor: AppArmor sha1 policy hashing enabled
[    1.680688] ima: No TPM chip found, activating TPM-bypass! (rc=-19)
[    1.685752] ima: Allocated hash algorithm: sha1
[    1.689859] evm: HMAC attrs: 0x1
[    1.693408]   Magic number: 13:112:935
[    1.696774] rtc_cmos rtc_cmos: setting system clock to 2025-10-27 11:55:35 UTC (1761566135)
[    1.703577] BIOS EDD facility v0.16 2004-Jun-25, 0 devices found
[    1.708477] EDD information not available.
[    1.714723] Freeing unused kernel image memory: 2480K
[    1.724312] Write protecting the kernel read-only data: 20480k
[    1.729534] Freeing unused kernel image memory: 2008K
[    1.734263] Freeing unused kernel image memory: 1820K
[    1.743107] x86/mm: Checked W+X mappings: passed, no W+X pages found.
[    1.748556] x86/mm: Checking user space page tables
[    1.757412] x86/mm: Checked W+X mappings: passed, no W+X pages found.
Loading, please wait...
starting version 237
[    1.866427] e1000: Intel(R) PRO/1000 Network Driver - version 7.3.21-k8-NAPI
[    1.872459] e1000: Copyright (c) 1999-2006 Intel Corporation.
[    1.881369] Fusion MPT base driver 3.04.20
[    1.885840] Copyright (c) 1999-2008 LSI Corporation
[    1.915759] AVX2 version of gcm_enc/dec engaged.
[    1.920276] AES CTR mode by8 optimization enabled
[    1.961063] Fusion MPT SPI Host driver 3.04.20
[    2.150329] input: ImExPS/2 Generic Explorer Mouse as /devices/platform/i8042/serio1/input/input4
[    2.615618] e1000 0000:00:03.0 eth0: (PCI:33MHz:32-bit) 02:3b:7b:b7:3b:2d
[    2.621252] e1000 0000:00:03.0 eth0: Intel(R) PRO/1000 Network Connection
[    2.628267] mptbase: ioc0: Initiating bringup
[    2.738323] ioc0: LSI53C1030 A0: Capabilities={Initiator}
[    2.993840] scsi host2: ioc0: LSI53C1030 A0, FwRev=00000000h, Ports=1, MaxQ=256, IRQ=20
[    3.169792] scsi 2:0:0:0: Direct-Access     VBOX     HARDDISK         1.0  PQ: 0 ANSI: 5
[    3.179197] scsi target2:0:0: Beginning Domain Validation
[    3.189390] scsi target2:0:0: Domain Validation skipping write tests
[    3.195249] scsi target2:0:0: Ending Domain Validation
[    3.200293] scsi target2:0:0: asynchronous
[    3.206386] scsi 2:0:1:0: Direct-Access     VBOX     HARDDISK         1.0  PQ: 0 ANSI: 5
[    3.220609] scsi target2:0:1: Beginning Domain Validation
[    3.312656] scsi target2:0:1: Domain Validation skipping write tests
[    3.318234] scsi target2:0:1: Ending Domain Validation
[    3.330560] scsi target2:0:1: asynchronous
[    3.462439] sd 2:0:0:0: [sda] 83886080 512-byte logical blocks: (42.9 GB/40.0 GiB)
[    3.469175] sd 2:0:0:0: Attached scsi generic sg0 type 0
[    3.474295] sd 2:0:1:0: Attached scsi generic sg1 type 0
[    3.479268] sd 2:0:0:0: [sda] Write Protect is off
[    3.483774] sd 2:0:1:0: [sdb] 20480 512-byte logical blocks: (10.5 MB/10.0 MiB)
[    3.497933] sd 2:0:1:0: [sdb] Write Protect is off
[    3.502502] sd 2:0:0:0: [sda] Write cache: enabled, read cache: enabled, supports DPO and FUA
[    3.517637] sd 2:0:1:0: [sdb] Write cache: enabled, read cache: enabled, supports DPO and FUA
[    3.535043]  sda: sda1
[    3.540861] sd 2:0:0:0: [sda] Attached SCSI disk
[    3.547175] sd 2:0:1:0: [sdb] Attached SCSI disk
[    3.914003] e1000 0000:00:08.0 eth1: (PCI:33MHz:32-bit) 08:00:27:16:76:84
[    3.919847] e1000 0000:00:08.0 eth1: Intel(R) PRO/1000 Network Connection
[    3.926992] e1000 0000:00:08.0 enp0s8: renamed from eth1
[    3.940806] e1000 0000:00:03.0 enp0s3: renamed from eth0
Begin: Loading essential drivers ... [    5.604055] raid6: sse2x1   gen() 13630 MB/s
[    5.656116] raid6: sse2x1   xor()  9885 MB/s
[    5.708104] raid6: sse2x2   gen() 17098 MB/s
[    5.760120] raid6: sse2x2   xor() 11311 MB/s
[    5.812117] raid6: sse2x4   gen() 19297 MB/s
[    5.864130] raid6: sse2x4   xor() 11697 MB/s
[    5.924342] raid6: avx2x1   gen() 33839 MB/s
[    5.988070] raid6: avx2x1   xor() 23356 MB/s
[    6.040064] raid6: avx2x2   gen() 30637 MB/s
[    6.092090] raid6: avx2x2   xor() 20485 MB/s
[    6.144089] raid6: avx2x4   gen() 35413 MB/s
[    6.196109] raid6: avx2x4   xor() 22871 MB/s
[    6.200057] raid6: using algorithm avx2x4 gen() 35413 MB/s
[    6.204779] raid6: .... xor() 22871 MB/s, rmw enabled
[    6.209042] raid6: using avx2x2 recovery algorithm
[    6.214323] xor: automatically using best checksumming function   avx       
[    6.221356] async_tx: api initialized (async)
done.
Begin: Running /scripts/init-premount ... done.
Begin: Mounting root file system ... Begin: Running /scripts/local-top ... done.
Begin: Running /scripts/local-premount ... [    6.281314] Btrfs loaded, crc32c=crc32c-intel
Scanning for Btrfs filesystems
done.
Warning: fsck not present, so skipping root file system
[    6.329253] EXT4-fs (sda1): mounted filesystem with ordered data mode. Opts: (null)
done.
Begin: Running /scripts/local-bottom ... done.
Begin: Running /scripts/init-bottom ... done.
[    6.550004] ip_tables: (C) 2000-2006 Netfilter Core Team
[    6.569464] systemd[1]: systemd 237 running in system mode. (+PAM +AUDIT +SELINUX +IMA +APPARMOR +SMACK +SYSVINIT +UTMP +LIBCRYPTSETUP +GCRYPT +GNUTLS +ACL +XZ +LZ4 +SECCOMP +BLKID +ELFUTILS +KMOD -IDN2 +IDN -PCRE2 default-hierarchy=hybrid)
[    6.586874] systemd[1]: Detected virtualization oracle.
[    6.591632] systemd[1]: Detected architecture x86-64.

Welcome to [1mUbuntu 18.04.6 LTS[0m!

[    6.600989] systemd[1]: Set hostname to <ubuntu>.
[    6.610529] systemd[1]: Initializing machine ID from random generator.
[    6.616321] systemd[1]: Installed transient /etc/machine-id file.
[    6.937166] systemd[1]: Created slice User and Session Slice.
[[0;32m  OK  [0m] Created slice User and Session Slice.
[    6.946000] systemd[1]: Started Forward Password Requests to Wall Directory Watch.
[[0;32m  OK  [0m] Started Forward Password Requests to Wall Directory Watch.
[    6.957119] systemd[1]: Created slice System Slice.
[[0;32m  OK  [0m] Created slice System Slice.
[    6.965145] systemd[1]: Created slice system-serial\x2dgetty.slice.
[[0;32m  OK  [0m] Created slice system-serial\x2dgetty.slice.
[[0;32m  OK  [0m] Listening on LVM2 poll daemon socket.
[[0;32m  OK  [0m] Listening on Network Service Netlink Socket.
[[0;32m  OK  [0m] Listening on fsck to fsckd communication Socket.
[[0;32m  OK  [0m] Listening on Journal Socket.
         Starting Load Kernel Modules...
         Mounting Huge Pages File System...
         Mounting Kernel Debug File System...
[    7.009511] Loading iSCSI transport class v2.0-870.
         Starting Set the console keyboard layout...
[[0;32m  OK  [0m] Reached target System Time Synchronized.
[[0;32m  OK  [0m] Reached target Swap.
         Starting Create list of required st…ce nodes for the current kernel...
[[0;32m  OK  [0m] Listening on LVM2 metadata daemon socket.[    7.044524] iscsi: registered transport (tcp)

[[0;32m  OK  [0m] Listening on /dev/initctl Compatibility Named Pipe.
[[0;32m  OK  [0m] Set up automount Arbitrary Executab…rmats File System Automount Point.
[[0;32m  OK  [0m] Listening on udev Kernel Socket.
[[0;32m  OK  [0m] Listening on Journal Socket (/dev/log).
         Starting File System Check on Root Device...
[[0;32m  OK  [0m] Reached target Mounting snaps.
[[0;32m  OK  [0m] Reached target Mounted snaps.
         Mounting POSIX Message Queue File System...
[[0;32m  OK  [0m] Reached target User and Group Name Lookups.
[[0;32m  OK  [0m] Listening on udev Control Socket.
         Starting udev Coldplug all Devices...
[[0;32m  OK  [0m] Listening on Journal Audit Socket.
         Starting Uncomplicated firewall...
[[0;32m  OK  [0m] Reached target Slices.
[[0;32m  OK  [0m] Listening on Device-mapper event daemon FIFOs.
         Starting Monitoring of LVM2 mirrors…ng dmeventd or progress polling...
[[0;32m  OK  [0m] Listening on Syslog Socket.
         Starting Journal Service...
[[0;32m  OK  [0m] Mounted Huge Pages File System.
[[0;32m  OK  [0m] [    7.206241] iscsi: registered transport (iser)
Mounted Kernel Debug File System.
[[0;32m  OK  [0m] Started Create list of required sta…vice nodes for the current kernel.
[[0;32m  OK  [0m] Started File System Check on Root Device.
[[0;32m  OK  [0m] Started Load Kernel Modules.
[[0;32m  OK  [0m] Mounted POSIX Message Queue File System.
[[0;32m  OK  [0m] Started Uncomplicated firewall.
[[0;32m  OK  [0m] Started File System Check Daemon to report status.
         Mounting FUSE Control File System...
         Mounting Kernel Configuration File System...
         Starting Apply Kernel Variables...
         Starting Remount Root and Kernel File Systems...
         Starting Create Static Device Nodes in /dev...
[[0;32m  OK  [0m] Mounted FUSE Control File System.
[[0;32m  OK  [0m] Mounted Kernel Configuration File System.
[[0;32m  OK  [0m] Started Journal Service.
[[0;32m  OK  [0m] Started udev Coldplug all Devices.
[[0;32m  OK  [0m] Started Create Static Device Nodes in /dev.
[[0;32m  OK  [0m] Started Apply Kernel Variables.
[[0;32m  OK  [0m] Started LVM2 metadata daemon.
[[0;32m  OK  [0m] Started Remount Root and Kernel File Systems.
         Starting Flush Journal to Persistent Storage...
         Starting udev Kernel Device Manager...
         Starting Load/Save Random Seed...
[[0;32m  OK  [0m] Started Load/Save Random Seed.
[[0;32m  OK  [0m] Started udev Kernel Device Manager.
[[0;32m  OK  [0m] Started Flush Journal to Persistent Storage.
[[0;32m  OK  [0m] Started Monitoring of LVM2 mirrors,…sing dmeventd or progress polling.
[[0;32m  OK  [0m] Found device /dev/ttyS0.
[[0;32m  OK  [0m] Listening on Load/Save RF Kill Switch Status /dev/rfkill Watch.
[[0;32m  OK  [0m] Started Set the console keyboard layout.
         Mounting Arbitrary Executable File Formats File System...
[[0;32m  OK  [0m] Reached target Local File Systems (Pre).
[[0;32m  OK  [0m] Reached target Local File Systems.
         Starting AppArmor initialization...
         Starting Set console font and keymap...
         Starting Create Volatile Files and Directories...
         Starting ebtables ruleset management...
         Starting Commit a transient machine-id on disk...
         Starting Tell Plymouth To Write Out Runtime Data...
[[0;32m  OK  [0m] Started Dispatch Password Requests to Console Directory Watch.
[[0;32m  OK  [0m] Reached target Local Encrypted Volumes.
[[0;32m  OK  [0m] Mounted Arbitrary Executable File Formats File System.
[[0;32m  OK  [0m] Started Tell Plymouth To Write Out Runtime Data.
[[0;32m  OK  [0m] Started Commit a transient machine-id on disk.
[[0;32m  OK  [0m] Started Create Volatile Files and Directories.
[[0;32m  OK  [0m] Started ebtables ruleset management.
         Starting Update UTMP about System Boot/Shutdown...
[[0;32m  OK  [0m] Started Update UTMP about System Boot/Shutdown.
[[0;32m  OK  [0m] Started AppArmor initialization.
         Starting Initial cloud-init job (pre-networking)...
         Starting Load AppArmor profiles managed internally by snapd...
[[0;32m  OK  [0m] Started Load AppArmor profiles managed internally by snapd.
[[0;32m  OK  [0m] Started Set console font and keymap.
[   11.890831] cloud-init[750]: Cloud-init v. 23.1.2-0ubuntu0~18.04.1 running 'init-local' at Mon, 27 Oct 2025 11:55:45 +0000. Up 11.44 seconds.
[[0;32m  OK  [0m] Started Initial cloud-init job (pre-networking).
[[0;32m  OK  [0m] Reached target Network (Pre).
         Starting Network Service...
[[0;32m  OK  [0m] Started Network Service.
         Starting Network Name Resolution...
         Starting Wait for Network to be Configured...
[[0;32m  OK  [0m] Started Network Name Resolution.
[[0;32m  OK  [0m] Reached target Network.
[[0;32m  OK  [0m] Reached target Host and Network Name Lookups.
[[0;32m  OK  [0m] Started Wait for Network to be Configured.
         Starting Initial cloud-init job (metadata service crawler)...
[   13.618369] cloud-init[907]: Cloud-init v. 23.1.2-0ubuntu0~18.04.1 running 'init' at Mon, 27 Oct 2025 11:55:47 +0000. Up 13.51 seconds.
[   13.632581] cloud-init[907]: ci-info: ++++++++++++++++++++++++++++++++++++++++++++Net device info++++++++++++++++++++++++++++++++++++++++++++
[   13.641850] cloud-init[907]: ci-info: +--------+-------+---------------------------------------+---------------+--------+-------------------+
[   13.659503] cloud-init[907]: ci-info: | Device |   Up  |                Address                |      Mask     | Scope  |     Hw-Address    |
[   13.671011] cloud-init[907]: ci-info: +--------+-------+---------------------------------------+---------------+--------+-------------------+
[   13.687047] cloud-init[907]: ci-info: | enp0s3 |  True |               10.0.2.15               | 255.255.255.0 | global | 02:3b:7b:b7:3b:2d |
[   13.699240] cloud-init[907]: ci-info: | enp0s3 |  True | fd17:625c:f037:2:3b:7bff:feb7:3b2d/64 |       .       | global | 02:3b:7b:b7:3b:2d |
[   13.707432] cloud-init[907]: ci-info: | enp0s3 |  True |       fe80::3b:7bff:feb7:3b2d/64      |       .       |  link  | 02:3b:7b:b7:3b:2d |
[   13.720077] cloud-init[907]: ci-info: | enp0s8 | False |                   .                   |       .       |   .    | 08:00:27:16:76:84 |
[   13.730834] cloud-init[907]: ci-info: |   lo   |  True |               127.0.0.1               |   255.0.0.0   |  host  |         .         |
[   13.740673] cloud-init[907]: ci-info: |   lo   |  True |                ::1/128                |       .       |  host  |         .         |
[   13.748594] cloud-init[907]: ci-info: +--------+-------+---------------------------------------+---------------+--------+-------------------+
[   13.755536] cloud-init[907]: ci-info: ++++++++++++++++++++++++++++Route IPv4 info+++++++++++++++++++++++++++++
[   13.765188] cloud-init[907]: ci-info: +-------+-------------+----------+-----------------+-----------+-------+
[   13.777908] cloud-init[907]: ci-info: | Route | Destination | Gateway  |     Genmask     | Interface | Flags |
[   13.786388] cloud-init[907]: ci-info: +-------+-------------+----------+-----------------+-----------+-------+
[   13.796916] cloud-init[907]: ci-info: |   0   |   0.0.0.0   | 10.0.2.2 |     0.0.0.0     |   enp0s3  |   UG  |
[   13.807592] cloud-init[907]: ci-info: |   1   |   10.0.2.0  | 0.0.0.0  |  255.255.255.0  |   enp0s3  |   U   |
[   13.816897] cloud-init[907]: ci-info: |   2   |   10.0.2.2  | 0.0.0.0  | 255.255.255.255 |   enp0s3  |   UH  |
[   13.827626] cloud-init[907]: ci-info: +-------+-------------+----------+-----------------+-----------+-------+
[   13.836071] cloud-init[907]: ci-info: ++++++++++++++++++++++++Route IPv6 info++++++++++++++++++++++++
[   13.849198] cloud-init[907]: ci-info: +-------+-----------------------+---------+-----------+-------+
[   13.862326] cloud-init[907]: ci-info: | Route |      Destination      | Gateway | Interface | Flags |
[   13.867326] cloud-init[907]: ci-info: +-------+-----------------------+---------+-----------+-------+
[   13.872626] cloud-init[907]: ci-info: |   1   | fd17:625c:f037:2::/64 |    ::   |   enp0s3  |   U   |
[   13.877542] cloud-init[907]: ci-info: |   2   |       fe80::/64       |    ::   |   enp0s3  |   U   |
[   13.883251] cloud-init[907]: ci-info: |   3   |          ::/0         | fe80::2 |   enp0s3  |   UG  |
[   13.888387] cloud-init[907]: ci-info: |   5   |         local         |    ::   |   enp0s3  |   U   |
[   13.893273] cloud-init[907]: ci-info: |   6   |        ff00::/8       |    ::   |   enp0s3  |   U   |
[   13.898036] cloud-init[907]: ci-info: +-------+-----------------------+---------+-----------+-------+
[   14.520832] cloud-init[907]: Generating public/private rsa key pair.
[   14.537581] cloud-init[907]: Your identification has been saved in /etc/ssh/ssh_host_rsa_key.
[   14.543245] cloud-init[907]: Your public key has been saved in /etc/ssh/ssh_host_rsa_key.pub.
[   14.558172] cloud-init[907]: The key fingerprint is:
[   14.562433] cloud-init[907]: SHA256:578IYcikP+Td3vrVJRoSnwaZVhdpoo9Ui5XPqVdvh5g root@ubuntu-bionic
[   14.567168] cloud-init[907]: The key's randomart image is:
[   14.580471] cloud-init[907]: +---[RSA 2048]----+
[   14.584283] cloud-init[907]: |            ..oo |
[[0;32m  OK  [0m] Started Initial cloud-init job (metadata service crawler).
[   14.592333] cloud-init[907]: |           +=.o  |
[[0;32m  OK  [0m] Reached target Network is Online.
[   14.600380] cloud-init[907]: |      .   *= * . |
[[0;32m  OK  [0m] Reached target Remote File Systems (Pre).
[[0;32m  OK  [0m] Reached target Remote File Systems.[   14.617024] cloud-init[907]: |     + . .++..+ .|
         Starting Availability of block devices...
[[0;32m  OK  [0m] Reached target Cloud-config availability.

[   14.633825] [[0;32m  OK  [0m] Reached target System Initialization.
cloud-init[907]: |    . + S.oo=+.oo|
[   14.643215] cloud-init[[0;32m  OK  [0m] Listening on ACPID Listen Socket.
[[0;32m  OK  [0m] Listening on cloud-init hotplug hook socket.
[907]: |     + o =.oEooo=|
[   14.659780] [[0;32m  OK  [0m] Started Message of the Day.
cloud-init[[0;32m  OK  [0m[907]: |      + o o ....o|
[   14.671155] cloud-init] Started ACPI Events Check.
[[0;32m  OK  [0m] Listening on UUID daemon activation socket.
[[0;32m  OK  [0m] [907]: |       . o + .   |
[   14.683600] cloud-init[907]: |          +o=.   |
[   14.686995] cloud-initListening on D-Bus System Message Bus Socket.
[907]:          Starting LXD - unix socket.
         Starting Socket activation for snappy daemon.+----[SHA256]-----+
[   14.698181] cloud-init[907]: 
[[0;32m  OK  [0m] Started Daily apt download activities.
[[0;32m  OK  [0m] Reached target Paths.Generating public/private dsa key pair.
[   14.715099] cloud-init
[[0;32m  OK  [0m] Started Daily apt upgrade and clean activities.[907]: Your identification has been saved in /etc/ssh/ssh_host_dsa_key.
[[0;32m  OK  [0m] Started Discard unused blocks once a week.
[   14.730383] cloud-init[907]: 
[[0;32m  OK  [0m] Listening on Open-iSCSI iscsid Socket.Your public key has been saved in /etc/ssh/ssh_host_dsa_key.pub.
[   14.738670] cloud-init[907]: 
[[0;32m  OK  [0m] Started Ubuntu Advantage Timer for running repeated jobs.The key fingerprint is:
[   14.746554] cloud-init[907]: 
[[0;32m  OK  [0m] Started Daily Cleanup of Temporary Directories.SHA256:Jgf7xK8d1aTP1s7HT8d1S7MzJdwU3X4qfx6qi1tbqJ0 root@ubuntu-bionic
[   14.755026] cloud-init
[[0;32m  OK  [0m] Reached target Timers.
[907]: The key's randomart image is:
[   14.762811] cloud-init[[0;32m  OK  [0m] Started Availability of block devices.
[907]: +---[DSA 1024]----+
[   14.770343] cloud-init[907]: [[0;32m  OK  [0m] Listening on LXD - unix socket.
[|               .o|
[   14.778184] cloud-init[907]: [0;32m  OK  [0m] Listening on Socket activation for snappy daemon.
[[0;32m  OK  [0m] Reached target Sockets.
[[0;32m  OK  [0m|                +|
[   14.794483] cloud-init[907]: ] Reached target Basic System.
|      .       ...|         Starting System Logging Service...
[
[   14.805171] cloud-init[907]: |       +     = oo|
[0;32m  OK  [0m] Reached target Login Prompts (Pre).
         Starting LSB: Record successful boot for GRUB...[   14.821986] 
cloud-init[907]: |      o S   o ++*|
[   14.835057] cloud-init[907]: |       * . .ooo+B|
[   14.846682]          Starting Dispatcher daemon for systemd-networkd...
[[0;32m  OK  [0m] Started Deferred execution scheduler.
         Starting Accounts Service...
cloud-init[907]: |        . oo ++B=|
         [   14.892943] cloud-initStarting Snap Daemon...
[907]: |         o=.+.o+O|
[   14.915045] cloud-init[907]: |        .+oEo. oB|
[   14.933253] cloud-init[907]: +----[SHA256]-----+
[   14.951163] cloud-init[907]: Generating public/private ecdsa key pair.
[   14.965339] cloud-init[907]: Your identification has been saved in /etc/ssh/ssh_host_ecdsa_key.
[   14.978376] cloud-init[907]: Your public key has been saved in /etc/ssh/ssh_host_ecdsa_key.pub.
[   14.988827] cloud-init[907]: The key fingerprint is:
         Starting Pollinate to seed the pseudo random number generator...
[   15.011231]          Starting LSB: automatic crash report generation...
cloud-init[907]:          Starting Login Service...
SHA256:Cy1EEKNbLHJE98OrUKN2g1yZwWJpOtZNakU05XfM5iY root@ubuntu-bionic
[   15.058496] cloud-init[907]: The key's randomart image is:
[[0;32m  OK  [0m] Started irqbalance daemon.
         Starting Permit User Sessions...
         Starting LXD - container startup/shutdown...
[   15.093828] cloud-init[907]: [[0;32m  OK  [0m] Started D-Bus System Message Bus.
+---[ECDSA 256]---+
[   15.161196] cloud-init[907]: | .ooO*o.         |
[   15.170286] cloud-init[907]: | .=+.@o   o      |
[   15.187511] cloud-init[907]: |.+=.& =. . =     |
[   15.206483] cloud-init[907]: |o= % + +. +      |
[   15.236226] cloud-init[907]: |..O o + SE o     |
[   15.248311] cloud-init[907]: | . o o o .o      |
[   15.258210] cloud-init[907]: [[0;32m  OK  [0m] Started FUSE filesystem for LXC.
|    .   .        |         Starting Virtualbox guest utils...

[   15.289810] cloud-init[907]: |                 |
[   15.303266] cloud-init[907]: |                 |
[   15.320025] cloud-init[907]: +----[SHA256]-----+
[[0;32m  OK  [0m] Started Regular background program processing daemon.[   15.338445] 
cloud-init[[0;32m  OK  [0m] Started System Logging Service.
[[0;32m  OK  [0m] Started Permit User Sessions.
[907]: Generating public/private ed25519 key pair.[[0;32m  OK  [0m] Started Login Service.
[[0;32m  OK  [0m] Started Unattended Upgrades Shutdown.
         Starting Hold until boot process finishes up...
         Starting Terminate Plymouth Boot Screen...
[[0;32m  OK  [0m] Started Hold until boot process finishes up.
[   15.428017] 
cloud-init[907]: Your identification has been saved in /etc/ssh/ssh_host_ed25519_key.
[   15.456607] cloud-init[907]: Your public key has been saved in /etc/ssh/ssh_host_ed25519_key.pub.
[   15.474526] cloud-init[907]: The key fingerprint is:
[   15.488657] cloud-init[907]: SHA256:YZFGqxW4dYjhzb4tZJYf/7WLsK5rXD8O5cGZMHyUOh4 root@ubuntu-bionic
[   15.506186] cloud-init[907]: The key's randomart image is:
[   15.523575] cloud-init[907]: +--[ED25519 256]--+
[   15.541194] cloud-init[907]: |      .=+o   ..  |
[   15.556861] cloud-init[907]: |     .oo=+o ..   |
[   15.577804] cloud-init[907]: |      .+B. +..   |[[0;32m  OK  [0m] Started Terminate Plymouth Boot Screen.
         Starting Authorization Manager...
         Starting Set console scheme...
[[0;32m  OK  [0m] Started Serial Getty on ttyS0.

[   15.645060] cloud-init[907]: |      .= o E= o  |
[   15.688152] cloud-init[907]: |      . S o o*   |
[[0;32m  OK  [0m] Started LSB: automatic crash report generation.
[[0;32m  OK  [0m] Started Set console scheme.
[[0;32m  OK  [0m] Created slice system-getty.slice.
[[0;32m  OK  [0m] Started Getty on tty1.
[   15.738038] [[0;32m  OK  [0m] Reached target Login Prompts.
cloud-init[907]: |       + + =o .  |
[   15.776151] cloud-init[907]: |        + +oo.  .|
[   15.792987] cloud-init[907]: |         +  ++...|
[[0;32m  OK  [0m] Started LSB: Record successful boot for GRUB.
[   15.960239] cloud-init[907]: |        .o+o.ooo.|
[   15.976727] cloud-init[907]: +----[SHA256]-----+
[[0;32m  OK  [0m] Started LXD - container startup/shutdown.
[[0;32m  OK  [0m] Started Authorization Manager.
[[0;32m  OK  [0m] Started Accounts Service.
[[0;32m  OK  [0m] Started Dispatcher daemon for systemd-networkd.
[[0;32m  OK  [0m] Started Virtualbox guest utils.
[[0;32m  OK  [0m] Started Snap Daemon.
         Starting Wait until snapd is fully seeded...
[[0;32m  OK  [0m] Started Pollinate to seed the pseudo random number generator.
         Starting OpenBSD Secure Shell server...
[[0;32m  OK  [0m] Started OpenBSD Secure Shell server.
         Starting Time & Date Service...
[[0;32m  OK  [0m] Started Time & Date Service.
[[0;32m  OK  [0m] Created slice User Slice of vagrant.
         Starting User Manager for UID 1000...
[[0;32m  OK  [0m] Started Session 1 of user vagrant.
[[0;32m  OK  [0m] Started User Manager for UID 1000.
[[0;32m  OK  [0m] Started Wait until snapd is fully seeded.
         Starting Apply the settings specified in cloud-config...
[   20.968318] cloud-init[1394]: Cloud-init v. 23.1.2-0ubuntu0~18.04.1 running 'modules:config' at Mon, 27 Oct 2025 11:55:53 +0000. Up 19.47 seconds.

Ubuntu 18.04.6 LTS ubuntu-bionic ttyS0

ubuntu-bionic login: ci-info: no authorized SSH keys fingerprints found for user ubuntu.
<14>Oct 27 11:55:55 cloud-init: #############################################################
<14>Oct 27 11:55:55 cloud-init: -----BEGIN SSH HOST KEY FINGERPRINTS-----
<14>Oct 27 11:55:55 cloud-init: 1024 SHA256:Jgf7xK8d1aTP1s7HT8d1S7MzJdwU3X4qfx6qi1tbqJ0 root@ubuntu-bionic (DSA)
<14>Oct 27 11:55:55 cloud-init: 256 SHA256:Cy1EEKNbLHJE98OrUKN2g1yZwWJpOtZNakU05XfM5iY root@ubuntu-bionic (ECDSA)
<14>Oct 27 11:55:55 cloud-init: 256 SHA256:YZFGqxW4dYjhzb4tZJYf/7WLsK5rXD8O5cGZMHyUOh4 root@ubuntu-bionic (ED25519)
<14>Oct 27 11:55:55 cloud-init: 2048 SHA256:578IYcikP+Td3vrVJRoSnwaZVhdpoo9Ui5XPqVdvh5g root@ubuntu-bionic (RSA)
<14>Oct 27 11:55:55 cloud-init: -----END SSH HOST KEY FINGERPRINTS-----
<14>Oct 27 11:55:55 cloud-init: #############################################################
-----BEGIN SSH HOST KEY KEYS-----
ecdsa-sha2-nistp256 AAAAE2VjZHNhLXNoYTItbmlzdHAyNTYAAAAIbmlzdHAyNTYAAABBBM5XhvpYjZi2BcvMxBaTHDnjemGTQZuwouq9YROQuap7i/Wqg2GUxrBUvwEa7UodtvDb9FmoO3gCMnfwlvgiC/A= root@ubuntu-bionic
ssh-ed25519 AAAAC3NzaC1lZDI1NTE5AAAAIJaKKa1EWxk7xvJJk1mkEBa73dbDpJcDG3EphJxipgCj root@ubuntu-bionic
ssh-rsa AAAAB3NzaC1yc2EAAAADAQABAAABAQDMOxMtaqeHecvRz4auaO5qjxi+FGfD1BMz8j6L3waQNYzCxRmG/Rzk6STXjxn7MuOzeHywQKxnhXr+FuVGifD7yMOACRjlwS6tbCMM0q6DI8I03V8K6v5+fl7t5dhuEAmBkK6rnT3ifkQSce8ZT0c1CI/UiBncXvKRdqC48LWmeeSlMncxlvKoeHPRQaM5EQOZ+pFROXPZJmeBtyYQdcvvMWvgznZTwVb94Q2L6uawoqX/W0oYRvfaIJVd6B/pXyIsBKq21+ibuX0qwGjuxlO3HjygBmiR7lIsTIeQCYMQ7v8iMYsG/shtgg3vsMIHmU+CovZp3rDm0T1OgqTlackH root@ubuntu-bionic
-----END SSH HOST KEY KEYS-----
[   22.289468] cloud-init[1521]: Cloud-init v. 23.1.2-0ubuntu0~18.04.1 running 'modules:final' at Mon, 27 Oct 2025 11:55:55 +0000. Up 21.96 seconds.
[   22.312671] cloud-init[1521]: Cloud-init v. 23.1.2-0ubuntu0~18.04.1 finished at Mon, 27 Oct 2025 11:55:56 +0000. Datasource DataSourceNoCloud [seed=/dev/sdb][dsmode=net].  Up 22.28 seconds
