[    0.000000] Linux version 4.15.0-212-generic (buildd@lcy02-amd64-083) (gcc version 7.5.0 (Ubuntu 7.5.0-3ubuntu1~18.04)) #223-Ubuntu SMP Tue May 23 13:09:22 UTC 2023 (Ubuntu 4.15.0-212.223-generic 4.15.18)
[    0.000000] Command line: BOOT_IMAGE=/boot/vmlinuz-4.15.0-212-generic root=LABEL=cloudimg-rootfs ro console=tty1 console=ttyS0
[    0.000000] KERNEL supported cpus:
[    0.000000]   Intel GenuineIntel
[    0.000000]   AMD AuthenticAMD
[    0.000000]   Centaur CentaurHauls
[    0.000000] x86/fpu: Supporting XSAVE feature 0x001: 'x87 floating point registers'
[    0.000000] x86/fpu: Supporting XSAVE feature 0x002: 'SSE registers'
[    0.000000] x86/fpu: Supporting XSAVE feature 0x004: 'AVX registers'
[    0.000000] x86/fpu: xstate_offset[2]:  576, xstate_sizes[2]:  256
[    0.000000] x86/fpu: Enabled xstate features 0x7, context size is 832 bytes, using 'standard' format.
[    0.000000] e820: BIOS-provided physical RAM map:
[    0.000000] BIOS-e820: [mem 0x0000000000000000-0x000000000009fbff] usable
[    0.000000] BIOS-e820: [mem 0x000000000009fc00-0x000000000009ffff] reserved
[    0.000000] BIOS-e820: [mem 0x00000000000f0000-0x00000000000fffff] reserved
[    0.000000] BIOS-e820: [mem 0x0000000000100000-0x000000007ffeffff] usable
[    0.000000] BIOS-e820: [mem 0x000000007fff0000-0x000000007fffffff] ACPI data
[    0.000000] BIOS-e820: [mem 0x00000000fec00000-0x00000000fec00fff] reserved
[    0.000000] BIOS-e820: [mem 0x00000000fee00000-0x00000000fee00fff] reserved
[    0.000000] BIOS-e820: [mem 0x00000000fffc0000-0x00000000ffffffff] reserved
[    0.000000] NX (Execute Disable) protection: active
[    0.000000] SMBIOS 2.5 present.
[    0.000000] DMI: innotek GmbH VirtualBox/VirtualBox, BIOS VirtualBox 12/01/2006
[    0.000000] Hypervisor detected: KVM
[    0.000000] e820: last_pfn = 0x7fff0 max_arch_pfn = 0x400000000
[    0.000000] x86/PAT: Configuration [0-7]: WB  WC  UC- UC  WB  WP  UC- WT  
[    0.000000] CPU MTRRs all blank - virtualized system.
[    0.000000] found SMP MP-table at [mem 0x0009fbf0-0x0009fbff]
[    0.000000] Scanning 1 areas for low memory corruption
[    0.000000] RAMDISK: [mem 0x359cb000-0x36cdcfff]
[    0.000000] ACPI: Early table checksum verification disabled
[    0.000000] ACPI: RSDP 0x00000000000E0000 000024 (v02 VBOX  )
[    0.000000] ACPI: XSDT 0x000000007FFF0030 00003C (v01 VBOX   VBOXXSDT 00000001 ASL  00000061)
[    0.000000] ACPI: FACP 0x000000007FFF00F0 0000F4 (v04 VBOX   VBOXFACP 00000001 ASL  00000061)
[    0.000000] ACPI: DSDT 0x000000007FFF02F0 002353 (v02 VBOX   VBOXBIOS 00000002 VBOX 00029BF3)
[    0.000000] ACPI: FACS 0x000000007FFF0200 000040
[    0.000000] ACPI: FACS 0x000000007FFF0200 000040
[    0.000000] ACPI: APIC 0x000000007FFF0240 00005C (v02 VBOX   VBOXAPIC 00000001 ASL  00000061)
[    0.000000] ACPI: SSDT 0x000000007FFF02A0 000045 (v01 VBOX   VBOXCPUT 00000002 VBOX 00029BF3)
[    0.000000] ACPI: Reserving FACP table memory at [mem 0x7fff00f0-0x7fff01e3]
[    0.000000] ACPI: Reserving DSDT table memory at [mem 0x7fff02f0-0x7fff2642]
[    0.000000] ACPI: Reserving FACS table memory at [mem 0x7fff0200-0x7fff023f]
[    0.000000] ACPI: Reserving FACS table memory at [mem 0x7fff0200-0x7fff023f]
[    0.000000] ACPI: Reserving APIC table memory at [mem 0x7fff0240-0x7fff029b]
[    0.000000] ACPI: Reserving SSDT table memory at [mem 0x7fff02a0-0x7fff02e4]
[    0.000000] No NUMA configuration found
[    0.000000] Faking a node at [mem 0x0000000000000000-0x000000007ffeffff]
[    0.000000] NODE_DATA(0) allocated [mem 0x7ffc5000-0x7ffeffff]
[    0.000000] kvm-clock: cpu 0, msr 0:7ff44001, primary cpu clock
[    0.000000] kvm-clock: Using msrs 4b564d01 and 4b564d00
[    0.000000] kvm-clock: using sched offset of 3862631815 cycles
[    0.000000] clocksource: kvm-clock: mask: 0xffffffffffffffff max_cycles: 0x1cd42e4dffb, max_idle_ns: 881590591483 ns
[    0.000000] Zone ranges:
[    0.000000]   DMA      [mem 0x0000000000001000-0x0000000000ffffff]
[    0.000000]   DMA32    [mem 0x0000000001000000-0x000000007ffeffff]
[    0.000000]   Normal   empty
[    0.000000]   Device   empty
[    0.000000] Movable zone start for each node
[    0.000000] Early memory node ranges
[    0.000000]   node   0: [mem 0x0000000000001000-0x000000000009efff]
[    0.000000]   node   0: [mem 0x0000000000100000-0x000000007ffeffff]
[    0.000000] Reserved but unavailable: 104 pages
[    0.000000] Initmem setup node 0 [mem 0x0000000000001000-0x000000007ffeffff]
[    0.000000] ACPI: PM-Timer IO Port: 0x4008
[    0.000000] IOAPIC[0]: apic_id 2, version 32, address 0xfec00000, GSI 0-23
[    0.000000] ACPI: INT_SRC_OVR (bus 0 bus_irq 0 global_irq 2 dfl dfl)
[    0.000000] ACPI: INT_SRC_OVR (bus 0 bus_irq 9 global_irq 9 low level)
[    0.000000] Using ACPI (MADT) for SMP configuration information
[    0.000000] smpboot: Allowing 2 CPUs, 0 hotplug CPUs
[    0.000000] PM: Registered nosave memory: [mem 0x00000000-0x00000fff]
[    0.000000] PM: Registered nosave memory: [mem 0x0009f000-0x0009ffff]
[    0.000000] PM: Registered nosave memory: [mem 0x000a0000-0x000effff]
[    0.000000] PM: Registered nosave memory: [mem 0x000f0000-0x000fffff]
[    0.000000] e820: [mem 0x80000000-0xfebfffff] available for PCI devices
[    0.000000] Booting paravirtualized kernel on KVM
[    0.000000] clocksource: refined-jiffies: mask: 0xffffffff max_cycles: 0xffffffff, max_idle_ns: 7645519600211568 ns
[    0.000000] setup_percpu: NR_CPUS:8192 nr_cpumask_bits:2 nr_cpu_ids:2 nr_node_ids:1
[    0.000000] percpu: Embedded 50 pages/cpu s167936 r8192 d28672 u1048576
[    0.000000] PV qspinlock hash table entries: 256 (order: 0, 4096 bytes)
[    0.000000] Built 1 zonelists, mobility grouping on.  Total pages: 515961
[    0.000000] Policy zone: DMA32
[    0.000000] Kernel command line: BOOT_IMAGE=/boot/vmlinuz-4.15.0-212-generic root=LABEL=cloudimg-rootfs ro console=tty1 console=ttyS0
[    0.000000] Memory: 2014836K/2096696K available (12300K kernel code, 2477K rwdata, 4324K rodata, 2480K init, 2720K bss, 81860K reserved, 0K cma-reserved)
[    0.000000] SLUB: HWalign=64, Order=0-3, MinObjects=0, CPUs=2, Nodes=1
[    0.000000] Kernel/User page tables isolation: enabled
[    0.000000] ftrace: allocating 39508 entries in 155 pages
[    0.004000] Hierarchical RCU implementation.
[    0.004000] 	RCU restricting CPUs from NR_CPUS=8192 to nr_cpu_ids=2.
[    0.004000] 	Tasks RCU enabled.
[    0.004000] RCU: Adjusting geometry for rcu_fanout_leaf=16, nr_cpu_ids=2
[    0.004000] NR_IRQS: 524544, nr_irqs: 440, preallocated irqs: 16
[    0.004000] random: crng init done
[    0.004000] Console: colour VGA+ 80x25
[    0.004000] console [tty1] enabled
[    0.004000] console [ttyS0] enabled
[    0.004000] ACPI: Core revision 20170831
[    0.004000] ACPI: 2 ACPI AML tables successfully acquired and loaded
[    0.004000] APIC: Switch to symmetric I/O mode setup
[    0.004000] ..TIMER: vector=0x30 apic1=0 pin1=2 apic2=-1 pin2=-1
[    0.004000] tsc: Detected 3695.998 MHz processor
[    0.004000] Calibrating delay loop (skipped) preset value.. 7391.99 BogoMIPS (lpj=14783992)
[    0.004004] pid_max: default: 32768 minimum: 301
[    0.008112] Security Framework initialized
[    0.012003] Yama: becoming mindful.
[    0.016090] AppArmor: AppArmor initialized
[    0.033257] Dentry cache hash table entries: 262144 (order: 9, 2097152 bytes)
[    0.044445] Inode-cache hash table entries: 131072 (order: 8, 1048576 bytes)
[    0.048163] Mount-cache hash table entries: 4096 (order: 3, 32768 bytes)
[    0.052148] Mountpoint-cache hash table entries: 4096 (order: 3, 32768 bytes)
[    0.058205] Last level iTLB entries: 4KB 64, 2MB 8, 4MB 8
[    0.060002] Last level dTLB entries: 4KB 64, 2MB 0, 4MB 0, 1GB 4
[    0.064004] Spectre V1 : Mitigation: usercopy/swapgs barriers and __user pointer sanitization
[    0.068004] Spectre V2 : Mitigation: Retpolines
[    0.072003] Spectre V2 : Spectre v2 / SpectreRSB mitigation: Filling RSB on context switch
[    0.076004] Spectre V2 : Spectre v2 / SpectreRSB : Filling RSB on VMEXIT
[    0.080003] RETBleed: WARNING: Spectre v2 mitigation leaves CPU vulnerable to RETBleed attacks, data leaks possible!
[    0.084003] RETBleed: Vulnerable
[    0.088002] Speculative Store Bypass: Vulnerable
[    0.092074] MDS: Mitigation: Clear CPU buffers
[    0.096001] MMIO Stale Data: Mitigation: Clear CPU buffers
[    0.100003] SRBDS: Unknown: Dependent on hypervisor status
[    0.104149] Freeing SMP alternatives memory: 36K
[    0.234516] APIC calibration not consistent with PM-Timer: 111ms instead of 100ms
[    0.236000] APIC delta adjusted to PM-Timer: 6443266 (7156059)
[    0.236388] smpboot: CPU0: Intel(R) Core(TM) i7-8700K CPU @ 3.70GHz (family: 0x6, model: 0x9e, stepping: 0xa)
[    0.240000] Performance Events: unsupported p6 CPU model 158 no PMU driver, software events only.
[    0.240000] Hierarchical SRCU implementation.
[    0.240000] NMI watchdog: Perf event create on CPU 0 failed with -2
[    0.240000] NMI watchdog: Perf NMI watchdog permanently disabled
[    0.240000] smp: Bringing up secondary CPUs ...
[    0.240000] x86: Booting SMP configuration:
[    0.240000] .... node  #0, CPUs:      #1
[    0.004000] kvm-clock: cpu 1, msr 0:7ff44041, secondary cpu clock
[    0.260228] smp: Brought up 1 node, 2 CPUs
[    0.264005] smpboot: Max logical packages: 1
[    0.268003] smpboot: Total of 2 processors activated (14783.99 BogoMIPS)
[    0.272728] devtmpfs: initialized
[    0.276113] x86/mm: Memory block size: 128MB
[    0.280570] evm: security.selinux
[    0.284003] evm: security.SMACK64
[    0.287011] evm: security.SMACK64EXEC
[    0.288002] evm: security.SMACK64TRANSMUTE
[    0.292002] evm: security.SMACK64MMAP
[    0.296002] evm: security.apparmor
[    0.300002] evm: security.ima
[    0.304002] evm: security.capability
[    0.308470] clocksource: jiffies: mask: 0xffffffff max_cycles: 0xffffffff, max_idle_ns: 7645041785100000 ns
[    0.312008] futex hash table entries: 512 (order: 3, 32768 bytes)
[    0.316185] pinctrl core: initialized pinctrl subsystem
[    0.320603] RTC time: 18:20:26, date: 10/25/25
[    0.328797] NET: Registered protocol family 16
[    0.332176] audit: initializing netlink subsys (disabled)
[    0.340104] audit: type=2000 audit(1761416431.822:1): state=initialized audit_enabled=0 res=1
[    0.352073] cpuidle: using governor ladder
[    0.355775] cpuidle: using governor menu
[    0.356033] ACPI: bus type PCI registered
[    0.360002] acpiphp: ACPI Hot Plug PCI Controller Driver version: 0.5
[    0.364578] PCI: Using configuration type 1 for base access
[    0.376341] HugeTLB registered 2.00 MiB page size, pre-allocated 0 pages
[    0.384666] ACPI: Added _OSI(Module Device)
[    0.388007] ACPI: Added _OSI(Processor Device)
[    0.392002] ACPI: Added _OSI(3.0 _SCP Extensions)
[    0.396002] ACPI: Added _OSI(Processor Aggregator Device)
[    0.400003] ACPI: Added _OSI(Linux-Dell-Video)
[    0.404002] ACPI: Added _OSI(Linux-Lenovo-NV-HDMI-Audio)
[    0.408003] ACPI: Added _OSI(Linux-HPI-Hybrid-Graphics)
[    0.416945] ACPI: Executed 1 blocks of module-level executable AML code
[    0.425868] ACPI: Interpreter enabled
[    0.428025] ACPI: (supports S0 S5)
[    0.432005] ACPI: Using IOAPIC for interrupt routing
[    0.436508] PCI: Using host bridge windows from ACPI; if necessary, use "pci=nocrs" and report a bug
[    0.440259] ACPI: Enabled 2 GPEs in block 00 to 07
[    0.455083] ACPI: PCI Root Bridge [PCI0] (domain 0000 [bus 00-ff])
[    0.456012] acpi PNP0A03:00: _OSC: OS supports [ASPM ClockPM Segments MSI]
[    0.465206] acpi PNP0A03:00: _OSC: not requesting OS control; OS requires [ExtendedConfig ASPM ClockPM MSI]
[    0.468018] acpi PNP0A03:00: fail to add MMCONFIG information, can't access extended PCI configuration space under this bridge.
[    0.472915] PCI host bridge to bus 0000:00
[    0.476007] pci_bus 0000:00: root bus resource [io  0x0000-0x0cf7 window]
[    0.480006] pci_bus 0000:00: root bus resource [io  0x0d00-0xffff window]
[    0.484006] pci_bus 0000:00: root bus resource [mem 0x000a0000-0x000bffff window]
[    0.488007] pci_bus 0000:00: root bus resource [mem 0x80000000-0xfdffffff window]
[    0.492006] pci_bus 0000:00: root bus resource [bus 00-ff]
[    0.504069] pci 0000:00:01.1: legacy IDE quirk: reg 0x10: [io  0x01f0-0x01f7]
[    0.508004] pci 0000:00:01.1: legacy IDE quirk: reg 0x14: [io  0x03f6]
[    0.512004] pci 0000:00:01.1: legacy IDE quirk: reg 0x18: [io  0x0170-0x0177]
[    0.516003] pci 0000:00:01.1: legacy IDE quirk: reg 0x1c: [io  0x0376]
[    0.543767] pci 0000:00:07.0: quirk: [io  0x4000-0x403f] claimed by PIIX4 ACPI
[    0.544045] pci 0000:00:07.0: quirk: [io  0x4100-0x410f] claimed by PIIX4 SMB
[    0.558814] ACPI: PCI Interrupt Link [LNKA] (IRQs 5 9 10 *11)
[    0.560561] ACPI: PCI Interrupt Link [LNKB] (IRQs 5 9 *10 11)
[    0.564210] ACPI: PCI Interrupt Link [LNKC] (IRQs 5 *9 10 11)
[    0.568228] ACPI: PCI Interrupt Link [LNKD] (IRQs 5 9 10 *11)
[    0.572790] SCSI subsystem initialized
[    0.576213] pci 0000:00:02.0: vgaarb: setting as boot VGA device
[    0.580000] pci 0000:00:02.0: vgaarb: VGA device added: decodes=io+mem,owns=io+mem,locks=none
[    0.584005] pci 0000:00:02.0: vgaarb: bridge control possible
[    0.588000] vgaarb: loaded
[    0.588061] ACPI: bus type USB registered
[    0.592034] usbcore: registered new interface driver usbfs
[    0.596008] usbcore: registered new interface driver hub
[    0.600000] usbcore: registered new device driver usb
[    0.604109] EDAC MC: Ver: 3.0.0
[    0.608348] PCI: Using ACPI for IRQ routing
[    0.612846] NetLabel: Initializing
[    0.616002] NetLabel:  domain hash size = 128
[    0.619904] NetLabel:  protocols = UNLABELED CIPSOv4 CALIPSO
[    0.620163] NetLabel:  unlabeled traffic allowed by default
[    0.624193] clocksource: Switched to clocksource kvm-clock
[    0.642574] VFS: Disk quotas dquot_6.6.0
[    0.642574] VFS: Dquot-cache hash table entries: 512 (order 0, 4096 bytes)
[    0.642574] AppArmor: AppArmor Filesystem Enabled
[    0.642574] pnp: PnP ACPI init
[    0.642574] pnp: PnP ACPI: found 3 devices
[    0.737908] clocksource: acpi_pm: mask: 0xffffff max_cycles: 0xffffff, max_idle_ns: 2085701024 ns
[    0.740923] NET: Registered protocol family 2
[    0.740923] IP idents hash table entries: 32768 (order: 6, 262144 bytes)
[    0.757702] TCP established hash table entries: 16384 (order: 5, 131072 bytes)
[    0.764589] TCP bind hash table entries: 16384 (order: 6, 262144 bytes)
[    0.767974] TCP: Hash tables configured (established 16384 bind 16384)
[    0.767974] UDP hash table entries: 1024 (order: 3, 32768 bytes)
[    0.767974] UDP-Lite hash table entries: 1024 (order: 3, 32768 bytes)
[    0.767974] NET: Registered protocol family 1
[    0.767974] pci 0000:00:00.0: Limiting direct PCI/PCI transfers
[    0.767974] pci 0000:00:01.0: Activating ISA DMA hang workarounds
[    0.767974] pci 0000:00:02.0: Video device with shadowed ROM at [mem 0x000c0000-0x000dffff]
[    0.767974] Unpacking initramfs...
[    1.263858] Freeing initrd memory: 19528K
[    1.267826] clocksource: tsc: mask: 0xffffffffffffffff max_cycles: 0x6a8d2284b57, max_idle_ns: 881590451434 ns
[    1.276389] platform rtc_cmos: registered platform RTC device (no PNP device found)
[    1.283103] Scanning for low memory corruption every 60 seconds
[    1.289927] Initialise system trusted keyrings
[    1.294027] Key type blacklist registered
[    1.298107] workingset: timestamp_bits=36 max_order=19 bucket_order=0
[    1.306401] zbud: loaded
[    1.310160] squashfs: version 4.0 (2009/01/31) Phillip Lougher
[    1.316315] fuse init (API version 7.26)
[    1.341743] Key type asymmetric registered
[    1.345633] Asymmetric key parser 'x509' registered
[    1.350095] Block layer SCSI generic (bsg) driver version 0.4 loaded (major 246)
[    1.357087] io scheduler noop registered
[    1.360681] io scheduler deadline registered
[    1.364810] io scheduler cfq registered (default)
[    1.370049] ACPI: AC Adapter [AC] (on-line)
[    1.374215] input: Power Button as /devices/LNXSYSTM:00/LNXPWRBN:00/input/input0
[    1.381349] ACPI: Power Button [PWRF]
[    1.385265] input: Sleep Button as /devices/LNXSYSTM:00/LNXSLPBN:00/input/input1
[    1.391617] ACPI: Sleep Button [SLPF]
[    1.396265] Serial: 8250/16550 driver, 32 ports, IRQ sharing enabled
 1405986] 00:02: tyS0 at I/O 0x3f8 (irq = 4, base_baud = 115200) is a 16550A
[    2.305363] Linux agpgart interface v0.103
[    2.316434] loop: module loaded
[    2.321794] scsi host0: ata_piix
[    2.325936] scsi host1: ata_piix
[    2.328739] ata1: PATA max UDMA/33 cmd 0x1f0 ctl 0x3f6 bmdma 0xd000 irq 14
[    2.334601] ata2: PATA max UDMA/33 cmd 0x170 ctl 0x376 bmdma 0xd008 irq 15
[    2.340566] tun: Universal TUN/TAP device driver, 1.6
[    2.345837] PPP generic driver version 2.4.2
[    2.350182] ehci_hcd: USB 2.0 'Enhanced' Host Controller (EHCI) Driver
[    2.354120] ehci-pci: EHCI PCI platform driver
[    2.354120] ehci-platform: EHCI generic platform driver
[    2.354120] ohci_hcd: USB 1.1 'Open' Host Controller (OHCI) Driver
[    2.354120] ohci-pci: OHCI PCI platform driver
[    2.354120] ohci-platform: OHCI generic platform driver
[    2.354120] uhci_hcd: USB Universal Host Controller Interface driver
[    2.354120] i8042: PNP: PS/2 Controller [PNP0303:PS2K,PNP0f03:PS2M] at 0x60,0x64 irq 1,12
[    2.354120] serio: i8042 KBD port at 0x60,0x64 irq 1
[    2.354120] serio: i8042 AUX port at 0x60,0x64 irq 12
[    2.354120] mousedev: PS/2 mouse device common for all mice
[    2.409341] rtc_cmos rtc_cmos: rtc core: registered rtc_cmos as rtc0
[    2.415820] input: AT Translated Set 2 keyboard as /devices/platform/i8042/serio0/input/input2
[    2.421119] rtc_cmos rtc_cmos: alarms up to one day, 114 bytes nvram
[    2.430049] i2c /dev entries driver
[    2.433686] device-mapper: uevent: version 1.0.3
[    2.438918] device-mapper: ioctl: 4.37.0-ioctl (2017-09-20) initialised: dm-devel@redhat.com
[    2.447366] ledtrig-cpu: registered to indicate activity on CPUs
[    2.455871] NET: Registered protocol family 10
[    2.467972] Segment Routing with IPv6
[    2.471919] NET: Registered protocol family 17
[    2.476549] Key type dns_resolver registered
[    2.481732] mce: Using 0 MCE banks
[    2.485290] RAS: Correctable Errors collector initialized.
[    2.490944] sched_clock: Marking stable (2490894724, 0)->(3336345890, -845451166)
[    2.558654] registered taskstats version 1
[    2.562850] Loading compiled-in X.509 certificates
[    2.571031] Loaded X.509 cert 'Build time autogenerated kernel key: b5b26778eaa3ab3a4a6cee031137706e947d12ad'
[    2.580938] Loaded X.509 cert 'Canonical Ltd. Live Patch Signing: 14df34d1a87cf37625abec039ef2bf521249b969'
[    2.589951] Loaded X.509 cert 'Canonical Ltd. Kernel Module Signing: 88f752e560a1e0737e31163a466ad7b70a850c19'
[    2.599115] blacklist: Loading compiled-in revocation X.509 certificates
[    2.605497] Loaded X.509 cert 'Canonical Ltd. Secure Boot Signing: 61482aa2830d0ab2ad5af10b7250da9033ddcef0'
[    2.614395] Loaded X.509 cert 'Canonical Ltd. Secure Boot Signing (2017): 242ade75ac4a15e50d50c84b0d45ff3eae707a03'
[    2.624001] Loaded X.509 cert 'Canonical Ltd. Secure Boot Signing (ESM 2018): 365188c1d374d6b07c3c8f240f8ef722433d6a8b'
[    2.633811] Loaded X.509 cert 'Canonical Ltd. Secure Boot Signing (2019): c0746fd6c5da3ae827864651ad66ae47fe24b3e8'
[    2.643347] Loaded X.509 cert 'Canonical Ltd. Secure Boot Signing (2021 v1): a8d54bbb3825cfb94fa13c9f8a594a195c107b8d'
[    2.653022] Loaded X.509 cert 'Canonical Ltd. Secure Boot Signing (2021 v2): 4cf046892d6fd3c9a5b03f98d845f90851dc6a8c'
[    2.662755] Loaded X.509 cert 'Canonical Ltd. Secure Boot Signing (2021 v3): 100437bb6de6e469b581e61cd66bce3ef4ed53af'
[    2.672394] Loaded X.509 cert 'Canonical Ltd. Secure Boot Signing (Ubuntu Core 2019): c1d57b8f6b743f23ee41f4f7ee292f06eecadfb9'
[    2.682737] zswap: loaded using pool lzo/zbud
[    2.696066] Key type big_key registered
[    2.700020] Key type trusted registered
[    2.707130] Key type encrypted registered
[    2.711111] AppArmor: AppArmor sha1 policy hashing enabled
[    2.716422] ima: No TPM chip found, activating TPM-bypass! (rc=-19)
[    2.722330] ima: Allocated hash algorithm: sha1
[    2.727294] evm: HMAC attrs: 0x1
[    2.731263]   Magic number: 13:86:343
[    2.735024] tty tty60: hash matches
[    2.739517] rtc_cmos rtc_cmos: setting system clock to 2025-10-25 18:20:29 UTC (1761416429)
[    2.747347] BIOS EDD facility v0.16 2004-Jun-25, 0 devices found
[    2.755214] EDD information not available.
[    2.762897] Freeing unused kernel image memory: 2480K
[    2.796773] Write protecting the kernel read-only data: 20480k
[    2.803394] Freeing unused kernel image memory: 2008K
[    2.808663] Freeing unused kernel image memory: 1820K
[    2.818934] x86/mm: Checked W+X mappings: passed, no W+X pages found.
[    2.825047] x86/mm: Checking user space page tables
[    2.834263] x86/mm: Checked W+X mappings: passed, no W+X pages found.
Loading, please wait...
starting version 237
[    2.937175] e1000: Intel(R) PRO/1000 Network Driver - version 7.3.21-k8-NAPI
[    2.943923] e1000: Copyright (c) 1999-2006 Intel Corporation.
[    2.951640] Fusion MPT base driver 3.04.20
[    2.955898] Copyright (c) 1999-2008 LSI Corporation
[    2.988978] AVX2 version of gcm_enc/dec engaged.
[    2.993678] AES CTR mode by8 optimization enabled
[    3.004857] Fusion MPT SPI Host driver 3.04.20
[    3.209099] input: ImExPS/2 Generic Explorer Mouse as /devices/platform/i8042/serio1/input/input4
[    4.094430] e1000 0000:00:03.0 eth0: (PCI:33MHz:32-bit) 02:3b:7b:b7:3b:2d
[    4.100513] e1000 0000:00:03.0 eth0: Intel(R) PRO/1000 Network Connection
[    4.108355] mptbase: ioc0: Initiating bringup
[    4.330985] ioc0: LSI53C1030 A0: Capabilities={Initiator}
[    6.141416] scsi host2: ioc0: LSI53C1030 A0, FwRev=00000000h, Ports=1, MaxQ=256, IRQ=20
[    7.150576] scsi 2:0:0:0: Direct-Access     VBOX     HARDDISK         1.0  PQ: 0 ANSI: 5
[    7.196148] scsi target2:0:0: Beginning Domain Validation
[    7.207358] scsi target2:0:0: Domain Validation skipping write tests
[    7.213199] scsi target2:0:0: Ending Domain Validation
[    7.218660] scsi target2:0:0: asynchronous
[    7.224707] scsi 2:0:1:0: Direct-Access     VBOX     HARDDISK         1.0  PQ: 0 ANSI: 5
[    7.588375] scsi target2:0:1: Beginning Domain Validation
[    7.599774] scsi target2:0:1: Domain Validation skipping write tests
[    7.605827] scsi target2:0:1: Ending Domain Validation
[    7.610831] scsi target2:0:1: asynchronous
[    7.626828] sd 2:0:0:0: [sda] 83886080 512-byte logical blocks: (42.9 GB/40.0 GiB)
[    7.634663] sd 2:0:0:0: Attached scsi generic sg0 type 0
[    7.640322] sd 2:0:0:0: [sda] Write Protect is off
[    7.644982] sd 2:0:1:0: Attached scsi generic sg1 type 0
[    7.650598] sd 2:0:0:0: [sda] Write cache: enabled, read cache: enabled, supports DPO and FUA
[    7.661305] sd 2:0:1:0: [sdb] 20480 512-byte logical blocks: (10.5 MB/10.0 MiB)
[    7.668600] sd 2:0:1:0: [sdb] Write Protect is off
[    7.673394] sd 2:0:1:0: [sdb] Write cache: enabled, read cache: enabled, supports DPO and FUA
[    7.683643]  sda: sda1
[    7.689188] sd 2:0:0:0: [sda] Attached SCSI disk
[    7.699371] sd 2:0:1:0: [sdb] Attached SCSI disk
[    7.840579] e1000 0000:00:08.0 eth1: (PCI:33MHz:32-bit) 08:00:27:e7:b7:30
[    7.846674] e1000 0000:00:08.0 eth1: Intel(R) PRO/1000 Network Connection
[    7.854852] e1000 0000:00:08.0 enp0s8: renamed from eth1
[    7.882779] e1000 0000:00:03.0 enp0s3: renamed from eth0
Begin: Loading essential drivers ... [    9.684052] raid6: sse2x1   gen() 14658 MB/s
[    9.732791] raid6: sse2x1   xor() 10158 MB/s
[    9.784317] raid6: sse2x2   gen() 16314 MB/s
[    9.832884] raid6: sse2x2   xor() 12094 MB/s
[    9.884801] raid6: sse2x4   gen() 20632 MB/s
[    9.936290] raid6: sse2x4   xor() 12776 MB/s
[    9.988076] raid6: avx2x1   gen() 29719 MB/s
[   10.036048] raid6: avx2x1   xor() 20533 MB/s
[   10.084878] raid6: avx2x2   gen() 35340 MB/s
[   10.137442] raid6: avx2x2   xor() 23095 MB/s
[   10.189130] raid6: avx2x4   gen() 37471 MB/s
[   10.240609] raid6: avx2x4   xor() 24539 MB/s
[   10.244657] raid6: using algorithm avx2x4 gen() 37471 MB/s
[   10.249418] raid6: .... xor() 24539 MB/s, rmw enabled
[   10.254187] raid6: using avx2x2 recovery algorithm
[   10.260652] xor: automatically using best checksumming function   avx       
[   10.269769] async_tx: api initialized (async)
done.
Begin: Running /scripts/init-premount ... done.
Begin: Mounting root file system ... Begin: Running /scripts/local-top ... done.
Begin: Running /scripts/local-premount ... [   10.333923] Btrfs loaded, crc32c=crc32c-intel
Scanning for Btrfs filesystems
done.
Warning: fsck not present, so skipping root file system
[   10.390051] EXT4-fs (sda1): mounted filesystem with ordered data mode. Opts: (null)
done.
Begin: Running /scripts/local-bottom ... done.
Begin: Running /scripts/init-bottom ... done.
[   10.607737] ip_tables: (C) 2000-2006 Netfilter Core Team
[   10.628634] systemd[1]: systemd 237 running in system mode. (+PAM +AUDIT +SELINUX +IMA +APPARMOR +SMACK +SYSVINIT +UTMP +LIBCRYPTSETUP +GCRYPT +GNUTLS +ACL +XZ +LZ4 +SECCOMP +BLKID +ELFUTILS +KMOD -IDN2 +IDN -PCRE2 default-hierarchy=hybrid)
[   10.647281] systemd[1]: Detected virtualization oracle.
[   10.652608] systemd[1]: Detected architecture x86-64.

Welcome to [1mUbuntu 18.04.6 LTS[0m!

[   10.687359] systemd[1]: Set hostname to <ubuntu>.
[   10.697735] systemd[1]: Initializing machine ID from random generator.
[   10.703868] systemd[1]: Installed transient /etc/machine-id file.
[   11.027737] systemd[1]: Reached target Swap.
[[0;32m  OK  [0m] Reached target Swap.
[   11.035574] systemd[1]: Reached target System Time Synchronized.
[[0;32m  OK  [0m] Reached target System Time Synchronized.
[   11.054866] systemd[1]: Created slice System Slice.
[[0;32m  OK  [0m] Created slice System Slice.
[   11.063215] systemd[1]: Listening on Journal Socket (/dev/log).
[[0;32m  OK  [0m] Listening on Journal Socket (/dev/log).
[[0;32m  OK  [0m] Created slice system-serial\x2dgetty.slice.
[[0;32m  OK  [0m] Listening on Journal Socket.
         Starting Create list of required st…ce nodes for the current kernel...
         Mounting POSIX Message Queue File System...
[[0;32m  OK  [0m] Listening on LVM2 poll daemon socket.
[[0;32m  OK  [0m] Listening on fsck to fsckd communication Socket.
[[0;32m  OK  [0m] Reached target User and Group Name Lookups.
[[0;32m  OK  [0m] Listening on udev Kernel Socket.
         Starting Uncomplicated firewall...
[[0;32m  OK  [0m] Listening on LVM2 metadata daemon socket.
         Starting Load Kernel Modules...
[[0;32m  OK  [0m] Reached target Mounting snaps.
[[0;32m  OK  [0m] Reached target Mounted snaps.
         Mounting Kernel Debug File System...
[[0;32m  OK  [0m] Listening on Device-mapper event daemon FIFOs.
[   11.131741] Loading iSCSI transport class v2.0-870.
         Starting Monitoring of LVM2 mirrors…ng dmeventd or progress polling...
         Starting File System Check on Root Device...
[   11.147897] iscsi: registered transport (tcp)
         Starting Set the console keyboard layout...
[[0;32m  OK  [0m] Listening on Syslog Socket.
[[0;32m  OK  [0m] Created slice User and Session Slice.
[[0;32m  OK  [0m] Reached target Slices.
[[0;32m  OK  [0m] Listening on udev Control Socket.
[[0;32m  OK  [0m] [   11.178182] iscsi: registered transport (iser)
Listening on Network Service Netlink Socket.
         Mounting Huge Pages File System...
[[0;32m  OK  [0m] Started Forward Password Requests to Wall Directory Watch.
[[0;32m  OK  [0m] Set up automount Arbitrary Executab…rmats File System Automount Point.
[[0;32m  OK  [0m] Listening on /dev/initctl Compatibility Named Pipe.
         Starting udev Coldplug all Devices...
[[0;32m  OK  [0m] Listening on Journal Audit Socket.
         Starting Journal Service...
[[0;32m  OK  [0m] Started Create list of required sta…vice nodes for the current kernel.
[[0;32m  OK  [0m] Mounted POSIX Message Queue File System.
[[0;32m  OK  [0m] Started Uncomplicated firewall.
[[0;32m  OK  [0m] Started Load Kernel Modules.
[[0;32m  OK  [0m] Mounted Kernel Debug File System.
[[0;32m  OK  [0m] Mounted Huge Pages File System.
[[0;32m  OK  [0m] Started File System Check Daemon to report status.
[[0;32m  OK  [0m] Started LVM2 metadata daemon.
         Mounting FUSE Control File System...
         Mounting Kernel Configuration File System...
         Starting Apply Kernel Variables...
         Starting Create Static Device Nodes in /dev...
[[0;32m  OK  [0m] Mounted FUSE Control File System.
[[0;32m  OK  [0m] Mounted Kernel Configuration File System.
[[0;32m  OK  [0m] Started udev Coldplug all Devices.
[[0;32m  OK  [0m] Started Create Static Device Nodes in /dev.
[[0;32m  OK  [0m] Started Journal Service.
[[0;32m  OK  [0m] Started File System Check on Root Device.
         Starting Remount Root and Kernel File Systems...
[[0;32m  OK  [0m] Started Monitoring of LVM2 mirrors,…sing dmeventd or progress polling.
[[0;32m  OK  [0m] Started Apply Kernel Variables.
[[0;32m  OK  [0m] Started Remount Root and Kernel File Systems.
         Starting Flush Journal to Persistent Storage...
         Starting Load/Save Random Seed...
         Starting udev Kernel Device Manager...
[[0;32m  OK  [0m] Started Load/Save Random Seed.
[[0;32m  OK  [0m] Started udev Kernel Device Manager.
[[0;32m  OK  [0m] Started Flush Journal to Persistent Storage.
[[0;32m  OK  [0m] Found device /dev/ttyS0.
[[0;32m  OK  [0m] Listening on Load/Save RF Kill Switch Status /dev/rfkill Watch.
[[0;32m  OK  [0m] Started Set the console keyboard layout.
         Mounting Arbitrary Executable File Formats File System...
[[0;32m  OK  [0m] Started Dispatch Password Requests to Console Directory Watch.
[[0;32m  OK  [0m] Reached target Local Encrypted Volumes.
[[0;32m  OK  [0m] Reached target Local File Systems (Pre).
[[0;32m  OK  [0m] Reached target Local File Systems.
         Starting ebtables ruleset management...
         Starting AppArmor initialization...
         Starting Set console font and keymap...
         Starting Create Volatile Files and Directories...
         Starting Tell Plymouth To Write Out Runtime Data...
         Starting Commit a transient machine-id on disk...
[[0;32m  OK  [0m] Mounted Arbitrary Executable File Formats File System.
[[0;32m  OK  [0m] Started Tell Plymouth To Write Out Runtime Data.
[[0;32m  OK  [0m] Started Create Volatile Files and Directories.
         Starting Update UTMP about System Boot/Shutdown...
[[0;32m  OK  [0m] Started Update UTMP about System Boot/Shutdown.
[[0;32m  OK  [0m] Started Commit a transient machine-id on disk.
[[0;32m  OK  [0m] Started ebtables ruleset management.
[[0;32m  OK  [0m] Started AppArmor initialization.
         Starting Load AppArmor profiles managed internally by snapd...
         Starting Initial cloud-init job (pre-networking)...
[[0;32m  OK  [0m] Started Load AppArmor profiles managed internally by snapd.
[[0;32m  OK  [0m] Started Set console font and keymap.
[   14.930008] cloud-init[795]: Cloud-init v. 23.1.2-0ubuntu0~18.04.1 running 'init-local' at Sat, 25 Oct 2025 18:20:41 +0000. Up 14.58 seconds.
[[0;32m  OK  [0m] Started Initial cloud-init job (pre-networking).
[[0;32m  OK  [0m] Reached target Network (Pre).
         Starting Network Service...
[[0;32m  OK  [0m] Started Network Service.
         Starting Wait for Network to be Configured...
         Starting Network Name Resolution...
[[0;32m  OK  [0m] Started Network Name Resolution.
[[0;32m  OK  [0m] Reached target Network.
[[0;32m  OK  [0m] Reached target Host and Network Name Lookups.
[[0;32m  OK  [0m] Started Wait for Network to be Configured.
         Starting Initial cloud-init job (metadata service crawler)...
[   16.907880] cloud-init[932]: Cloud-init v. 23.1.2-0ubuntu0~18.04.1 running 'init' at Sat, 25 Oct 2025 18:20:43 +0000. Up 16.80 seconds.
[   16.912202] cloud-init[932]: ci-info: ++++++++++++++++++++++++++++++++++++++++++++Net device info++++++++++++++++++++++++++++++++++++++++++++
[   16.916058] cloud-init[932]: ci-info: +--------+-------+---------------------------------------+---------------+--------+-------------------+
[   16.920387] cloud-init[932]: ci-info: | Device |   Up  |                Address                |      Mask     | Scope  |     Hw-Address    |
[   16.924430] cloud-init[932]: ci-info: +--------+-------+---------------------------------------+---------------+--------+-------------------+
[   16.928546] cloud-init[932]: ci-info: | enp0s3 |  True |               10.0.2.15               | 255.255.255.0 | global | 02:3b:7b:b7:3b:2d |
[   16.932446] cloud-init[932]: ci-info: | enp0s3 |  True | fd17:625c:f037:2:3b:7bff:feb7:3b2d/64 |       .       | global | 02:3b:7b:b7:3b:2d |
[   16.936331] cloud-init[932]: ci-info: | enp0s3 |  True |       fe80::3b:7bff:feb7:3b2d/64      |       .       |  link  | 02:3b:7b:b7:3b:2d |
[   16.940369] cloud-init[932]: ci-info: | enp0s8 | False |                   .                   |       .       |   .    | 08:00:27:e7:b7:30 |
[   16.944119] cloud-init[932]: ci-info: |   lo   |  True |               127.0.0.1               |   255.0.0.0   |  host  |         .         |
[   16.948029] cloud-init[932]: ci-info: |   lo   |  True |                ::1/128                |       .       |  host  |         .         |
[   16.951969] cloud-init[932]: ci-info: +--------+-------+---------------------------------------+---------------+--------+-------------------+
[   16.955827] cloud-init[932]: ci-info: ++++++++++++++++++++++++++++Route IPv4 info+++++++++++++++++++++++++++++
[   16.958946] cloud-init[932]: ci-info: +-------+-------------+----------+-----------------+-----------+-------+
[   16.962373] cloud-init[932]: ci-info: | Route | Destination | Gateway  |     Genmask     | Interface | Flags |
[   16.965340] cloud-init[932]: ci-info: +-------+-------------+----------+-----------------+-----------+-------+
[   16.968537] cloud-init[932]: ci-info: |   0   |   0.0.0.0   | 10.0.2.2 |     0.0.0.0     |   enp0s3  |   UG  |
[   16.971496] cloud-init[932]: ci-info: |   1   |   10.0.2.0  | 0.0.0.0  |  255.255.255.0  |   enp0s3  |   U   |
[   16.974588] cloud-init[932]: ci-info: |   2   |   10.0.2.2  | 0.0.0.0  | 255.255.255.255 |   enp0s3  |   UH  |
[   16.977789] cloud-init[932]: ci-info: +-------+-------------+----------+-----------------+-----------+-------+
[   16.980966] cloud-init[932]: ci-info: ++++++++++++++++++++++++Route IPv6 info++++++++++++++++++++++++
[   16.983835] cloud-init[932]: ci-info: +-------+-----------------------+---------+-----------+-------+
[   16.986829] cloud-init[932]: ci-info: | Route |      Destination      | Gateway | Interface | Flags |
[   16.989779] cloud-init[932]: ci-info: +-------+-----------------------+---------+-----------+-------+
[   16.992513] cloud-init[932]: ci-info: |   1   | fd17:625c:f037:2::/64 |    ::   |   enp0s3  |   U   |
[   16.995475] cloud-init[932]: ci-info: |   2   |       fe80::/64       |    ::   |   enp0s3  |   U   |
[   16.998532] cloud-init[932]: ci-info: |   3   |          ::/0         | fe80::2 |   enp0s3  |   UG  |
[   17.001406] cloud-init[932]: ci-info: |   5   |         local         |    ::   |   enp0s3  |   U   |
[   17.005978] cloud-init[932]: ci-info: |   6   |        ff00::/8       |    ::   |   enp0s3  |   U   |
[   17.010013] cloud-init[932]: ci-info: +-------+-----------------------+---------+-----------+-------+
[   17.815527] cloud-init[932]: Generating public/private rsa key pair.
[   17.817825] cloud-init[932]: Your identification has been saved in /etc/ssh/ssh_host_rsa_key.
[   17.820860] cloud-init[932]: Your public key has been saved in /etc/ssh/ssh_host_rsa_key.pub.
[   17.823828] cloud-init[932]: The key fingerprint is:
[   17.825525] cloud-init[932]: SHA256:NOKBuSEkOE7GpCHjfSSDUbM/qV0lXvzh/URw4c9ch+A root@ubuntu-bionic
[   17.828451] cloud-init[932]: The key's randomart image is:
[   17.830194] cloud-init[932]: +---[RSA 2048]----+
[   17.831890] cloud-init[932]: |Oo== .      .. o.|
[   17.833595] cloud-init[932]: |*X. *o  .  . .+. |
[   17.835174] cloud-init[932]: |=o.o+.o.o+ .E .oo|
[   17.836862] cloud-init[932]: | . .o+o++.o o .o+|
[   17.838386] cloud-init[932]: |    .+.oS  o . .+|
[   17.839875] cloud-init[932]: |    o o       o  |
[   17.841623] cloud-init[932]: |   . .         . |
[   17.843232] cloud-init[932]: |                 |
[   17.844907] cloud-init[932]: |                 |
[   17.846521] cloud-init[932]: +----[SHA256]-----+
[   17.848282] cloud-init[932]: Generating public/private dsa key pair.
[   17.850358] cloud-init[932]: Your identification has been saved in /etc/ssh/ssh_host_dsa_key.
[   17.853167] cloud-init[932]: Your public key has been saved in /etc/ssh/ssh_host_dsa_key.pub.
[   17.855907] cloud-init[932]: The key fingerprint is:
[   17.857724] cloud-init[932]: SHA256:22cF86YyePxYAPropw4RBxRgGJ04XsaDdh80SMjqvdg root@ubuntu-bionic
[   17.860701] cloud-init[932]: The key's randomart image is:
[   17.862430] cloud-init[932]: +---[DSA 1024]----+
[   17.863935] cloud-init[932]: |o=B=*+           |
[   17.866148] cloud-init[932]: |+*oB o.          |
[   17.869984] cloud-init[932]: |+.+ + o .   o    |
[   17.874498] cloud-init[932]: |..   + . .   +   |
[   17.878342] cloud-init[932]: |. . . . S .   +  |
[   17.882269] cloud-init[932]: | . . . o = . +   |
[   17.886239] cloud-init[932]: |  o o . + * =    |
[   17.889982] cloud-init[932]: | . E o  .. O     |
[   17.894179] cloud-init[932]: |     .+o  . .    |
[   17.898424] cloud-init[[0;32m  OK  [0m] Started Initial cloud-init job (metadata service crawler).
[[0;32m  OK  [0m] Reached target System Initialization.
[[0;32m  OK  [0m] Started Discard unused blocks once a week.
[932]: +----[SHA256]-----+
         Starting LXD - unix socket.
         Starting Socket activation for snappy daemon.
[[0;32m  OK  [0m] Started Message of the Day.
[[0;32m  OK  [0m] Listening on D-Bus System Message Bus Socket.
[   17.914786] cloud-init[932]: Generating public/private ecdsa key pair.
[   17.926153] cloud-init[932]: Your identification has been saved in /etc/ssh/ssh_host_ecdsa_key.
[[0;32m  OK  [0m] Started Daily apt download activities.
[   17.932518] cloud-init[932]: Your public key has been saved in /etc/ssh/ssh_host_ecdsa_key.pub.[[0;32m  OK  [0m] Started ACPI Events Check.
[[0;32m  OK  [0m] Started Ubuntu Advantage Timer for running repeated jobs.
[[0;32m  OK  [0m] Listening on Open-iSCSI iscsid Socket.
[[0;32m  OK  [0m] Started Daily apt upgrade and clean activities.
[[0;32m  OK  [0m] Started Daily Cleanup of Temporary Directories.
[[0;32m  OK  [0m] Reached target Timers.
[[0;32m  OK  [0m] Reached target Paths.
[[0;32m  OK  [0m] Listening on cloud-init hotplug hook socket.
[[0;32m  OK  [0m] Listening on ACPID Listen Socket.
[[0;32m  OK  [0m] Listening on UUID daemon activation socket.
[[0;32m  OK  [0m] Reached target Cloud-config availability.
[[0;32m  OK  [0m] Reached target Network is Online.
         Starting Availability of block devices...
[[0;32m  OK  [0m] Reached target Remote File Systems (Pre).
[[0;32m  OK  [0m] Reached target Remote File Systems.
[[0;32m  OK  [0m] Listening on LXD - unix socket.
[[0;32m  OK  [0m] Listening on Socket activation for snappy daemon.
[[0;32m  OK  [0m] Reached target Sockets.
[[0;32m  OK  [0m] Reached target Basic System.
         Starting LSB: Record successful boot for GRUB...
[[0;32m  OK  [0m] Started irqbalance daemon.
[[0;32m  OK  [0m] Reached target Login Prompts (Pre).
         Starting Dispatcher daemon for systemd-networkd...
         Starting System Logging Service...
         Starting LSB: automatic crash report generation...
         Starting Pollinate to seed the pseudo random number generator...
[[0;32m  OK  [0m] Started Regular background program processing daemon.
[[0;32m  OK  [0m] Started D-Bus System Message Bus.

[   17.993680] cloud-init[932]: The key fingerprint is:
[   17.999291] cloud-init[932]: SHA256:j4fOngvyC+JUeMtYqgZfsfKBjVqEfJAveHuc+jlqSgs root@ubuntu-bionic
[   18.006453] cloud-init[932]: The key's randomart image is:
[   18.016924] cloud-init[932]: +---[ECDSA 256]---+
[   18.024715] cloud-init[932]: |  .              |
[   18.033128] cloud-init[932]: | o               |
[   18.039576] cloud-init[932]: |o.o              |
[   18.044375] cloud-init[932]: |ooo+.            |
[   18.048913] cloud-init[932]: | o+*++  S        |
[   18.057686] cloud-init[932]: |. *BO.   +       |
[   18.065972] cloud-init[932]: |E==*=.. o o      |
[   18.074691] cloud-init[932]: |+==.o= + o       |
[   18.078995] cloud-init[932]: |++ooo.oo*.       |
[   18.082925] cloud-init[932]: +----[SHA256]-----+
[   18.087043] cloud-init[932]: Generating public/private ed25519 key pair.
[   18.092704] cloud-init[932]: Your identification has been saved in /etc/ssh/ssh_host_ed25519_key.
[   18.098320] cloud-init[932]: Your public key has been saved in /etc/ssh/ssh_host_ed25519_key.pub.
[   18.106997] cloud-init[932]: The key fingerprint is:
[   18.110855] cloud-init[932]: SHA256:HYj7g68LVxGa0N+KM9SA4PHioVtJLt1IcI91odAdOfo root@ubuntu-bionic
[   18.116643] cloud-init[932]: The key's randomart image is:
[   18.121723] cloud-init[932]: +--[ED25519 256]--+[[0;32m  OK  [0m] Started Deferred execution scheduler.
         Starting Accounts Service...
         Starting Permit User Sessions...

         Starting Login Service...
         Starting Virtualbox guest utils...
[[0;32m  OK  [0m] Started FUSE filesystem for LXC.
[   18.148656] cloud-init[932]: |. =oo+++.        |
[   18.150354] cloud-init[932]: | + Bo+*+ o       |
[   18.151876] cloud-init[932]: |  B +.+=o..      |
[   18.153661] cloud-init[932]: | B *. ..oo..     |
[   18.155401] cloud-init[932]: |o B .o..S..      |
[   18.157109] cloud-init[932]: | +    E+.        |
[   18.158601] cloud-init[932]: |.   . ooo        |
[   18.160382] cloud-init[932]: |     o . .       |
         Starting Snap Daemon...
         Starting LXD - container startup/shutdown...
[[0;32m  OK  [0m] Started System Logging Service.
[[0;32m  OK  [0m] Started Availability of block devices.
[   18.165784] cloud-init[932]: |      oo.        |
[   18.191104] cloud-init[932]: +----[SHA256]-----+
[[0;32m  OK  [0m] Started Permit User Sessions.
         Starting Hold until boot process finishes up...
         Starting Terminate Plymouth Boot Screen...
[[0;32m  OK  [0m] Started Hold until boot process finishes up.
[[0;32m  OK  [0m] Started Serial Getty on ttyS0.
         Starting Set console scheme...
[[0;32m  OK  [0m] Started Terminate Plymouth Boot Screen.
[[0;32m  OK  [0m] Started LSB: automatic crash report generation.
[[0;32m  OK  [0m] Started Login Service.
[[0;32m  OK  [0m] Started Unattended Upgrades Shutdown.
[[0;32m  OK  [0m] Started Set console scheme.
[[0;32m  OK  [0m] Created slice system-getty.slice.
[[0;32m  OK  [0m] Started Getty on tty1.
[[0;32m  OK  [0m] Reached target Login Prompts.
[[0;32m  OK  [0m] Started LSB: Record successful boot for GRUB.
         Starting Authorization Manager...
[[0;32m  OK  [0m] Started LXD - container startup/shutdown.
[[0;32m  OK  [0m] Started Virtualbox guest utils.
[[0;32m  OK  [0m] Started Authorization Manager.
[[0;32m  OK  [0m] Started Accounts Service.
[[0;32m  OK  [0m] Started Dispatcher daemon for systemd-networkd.
[[0;32m  OK  [0m] Started Pollinate to seed the pseudo random number generator.
         Starting OpenBSD Secure Shell server...
[[0;32m  OK  [0m] Started OpenBSD Secure Shell server.
[[0;32m  OK  [0m] Started Snap Daemon.
         Starting Wait until snapd is fully seeded...
[[0;32m  OK  [0m] Created slice User Slice of vagrant.
         Starting User Manager for UID 1000...
[[0;32m  OK  [0m] Started Session 1 of user vagrant.
[[0;32m  OK  [0m] Started User Manager for UID 1000.
         Starting Time & Date Service...
[[0;32m  OK  [0m] Started Time & Date Service.
[[0;32m  OK  [0m] Started Wait until snapd is fully seeded.
         Starting Apply the settings specified in cloud-config...
[   22.500296] cloud-init[1490]: Cloud-init v. 23.1.2-0ubuntu0~18.04.1 running 'modules:config' at Sat, 25 Oct 2025 18:20:48 +0000. Up 21.91 seconds.
[[0;32m  OK  [0m] Started Apply the settings specified in cloud-config.
[[0;32m  OK  [0m] Reached target Multi-User System.
[[0;32m  OK  [0m] Reached target Graphical Interface.
         Starting Update UTMP about System Runlevel Changes...
         Starting Execute cloud user/final scripts...
[[0;32m  OK  [0m] Started Update UTMP about System Runlevel Changes.
ci-info: no authorized SSH keys fingerprints found for user ubuntu.
<14>Oct 25 18:20:49 cloud-init: #############################################################
<14>Oct 25 18:20:49 cloud-init: -----BEGIN SSH HOST KEY FINGERPRINTS-----
<14>Oct 25 18:20:49 cloud-init: 1024 SHA256:22cF86YyePxYAPropw4RBxRgGJ04XsaDdh80SMjqvdg root@ubuntu-bionic (DSA)
<14>Oct 25 18:20:49 cloud-init: 256 SHA256:j4fOngvyC+JUeMtYqgZfsfKBjVqEfJAveHuc+jlqSgs root@ubuntu-bionic (ECDSA)
<14>Oct 25 18:20:49 cloud-init: 256 SHA256:HYj7g68LVxGa0N+KM9SA4PHioVtJLt1IcI91odAdOfo root@ubuntu-bionic (ED25519)
<14>Oct 25 18:20:49 cloud-init: 2048 SHA256:NOKBuSEkOE7GpCHjfSSDUbM/qV0lXvzh/URw4c9ch+A root@ubuntu-bionic (RSA)
<14>Oct 25 18:20:49 cloud-init: -----END SSH HOST KEY FINGERPRINTS-----
<14>Oct 25 18:20:49 cloud-init: #############################################################
-----BEGIN SSH HOST KEY KEYS-----
ecdsa-sha2-nistp256 AAAAE2VjZHNhLXNoYTItbmlzdHAyNTYAAAAIbmlzdHAyNTYAAABBBN8WZhHP4Tdaow7jv/4rwMtRtwHMUdumAthWnwRbjzBrCVDeWiFCgBPRlKcEnoz0q8GzjIQ+CQrDxKNP34XrKFo= root@ubuntu-bionic
ssh-ed25519 AAAAC3NzaC1lZDI1NTE5AAAAIDuSNuKm2jXS7WxA9BBTa2jCVy80eg1nOaELFT9s1q47 root@ubuntu-bionic
ssh-rsa AAAAB3NzaC1yc2EAAAADAQABAAABAQDBq6OIEW96Lp727jqT/SiOTBr1WjMrnST0oR6Le1qy76L08kQq4Nm7Ikj1vfHazDy87FlxnDvu9Mq8ggeMnF5DZy5KaN+vEGKiCZyUAX7MnNr90adprmuxkiFzE/e46ngBHTL0aGudAdHrMOmgf4t/2TqmSVyOvSwZsGOnHFBrDs6w0v73hI6GdfnU0feO/1xj2otl5UXbhyieBK+uw4642Ymg/OuKG8slauusGDB1PLPUDQaLBVKXQ39BxIys159RCsh56cLT/UkMbfH50boI6OhkRcBuA7XDiLr3rShDXr1r+bThlgtJD4cNNkc0HXgKcTlM2daj290XKxAGBFyn root@ubuntu-bionic
-----END SSH HOST KEY KEYS-----
[   23.122019] cloud-init[1621]: Cloud-init v. 23.1.2-0ubuntu0~18.04.1 running 'modules:final' at Sat, 25 Oct 2025 18:20:49 +0000. Up 22.90 seconds.
[   23.126148] cloud-init[1621]: Cloud-init v. 23.1.2-0ubuntu0~18.04.1 finished at Sat, 25 Oct 2025 18:20:49 +0000. Datasource DataSourceNoCloud [seed=/dev/sdb][dsmode=net].  Up 23.11 seconds
[[0;32m  OK  [0m] Started Execute cloud user/final scripts.
[[0;32m  OK  [0m] Reached target Cloud-init target.

Ubuntu 18.04.6 LTS ubuntu-bionic ttyS0

ubuntu-bionic login: [[0;32m  OK  [0m] Stopped target Host and Network Name Lookups.
[[0;32m  OK  [0m] Stopped target Graphical Interface.
         Unmounting /run/user/1000...
         Stopping User Manager for UID 1000...
[[0;32m  OK  [0m] Closed Load/Save RF Kill Switch Status /dev/rfkill Watch.
[[0;32m  OK  [0m] Stopped target Mounted snaps.
         Stopping Authorization Manager...
         Unmounting /var/lib/lxcfs...
         Stopping Accounts Service...
[[0;32m  OK  [0m] Stopped target Mounting snaps.
[[0;32m  OK  [0m] Stopped target Timers.
[[0;32m  OK  [0m] Stopped Message of the Day.
[[0;32m  OK  [0m] Stopped Ubuntu Advantage Timer for running repeated jobs.
[[0;32m  OK  [0m] Stopped Daily Cleanup of Temporary Directories.
[[0;32m  OK  [0m] Stopped Discard unused blocks once a week.
         Stopping Session 7 of user vagrant.
[[0;32m  OK  [0m] Stopped target Cloud-init target.
[[0;32m  OK  [0m] Stopped Execute cloud user/final scripts.
[[0;32m  OK  [0m] Stopped target Multi-User System.
         Stopping LXD - container startup/shutdown...
         Stopping OpenBSD Secure Shell server...
         Stopping System Logging Service...
         Stopping LSB: Record successful boot for GRUB...
         Stopping irqbalance daemon...
         Stopping Deferred execution scheduler...
         Stopping Virtualbox guest utils...
         Stopping Dispatcher daemon for systemd-networkd...
         Stopping FUSE filesystem for LXC...
         Stopping D-Bus System Message Bus...
         Stopping LSB: automatic crash report generation...
[[0;32m  OK  [0m] Stopped Apply the settings specified in cloud-config.
[[0;32m  OK  [0m] Stopped Wait until snapd is fully seeded.
[[0;32m  OK  [0m] Stopped Daily apt upgrade and clean activities.
[[0;32m  OK  [0m] Stopped Daily apt download activities.
[[0;32m  OK  [0m] Stopped target System Time Synchronized.
         Stopping Availability of block devices...
[[0;32m  OK  [0m] Stopped target Login Prompts.
         Stopping Getty on tty1...
         Stopping Serial Getty on ttyS0...
[[0;32m  OK  [0m] Stopped target Cloud-config availability.
         Stopping Regular background program processing daemon...
[[0;32m  OK  [0m] Stopped User Manager for UID 1000.
[[0;32m  OK  [0m] Stopped Getty on tty1.
[[0;32m  OK  [0m] Stopped irqbalance daemon.
[[0;32m  OK  [0m] Stopped Dispatcher daemon for systemd-networkd.
[[0;32m  OK  [0m] Stopped System Logging Service.
[[0;32m  OK  [0m] Stopped Regular background program processing daemon.
[[0;32m  OK  [0m] Stopped Deferred execution scheduler.
[[0;32m  OK  [0m] Stopped Accounts Service.
[[0;32m  OK  [0m] Stopped Serial Getty on ttyS0.
[[0;32m  OK  [0m] Stopped OpenBSD Secure Shell server.
[[0;32m  OK  [0m] Unmounted /run/user/1000.
[[0;32m  OK  [0m] Unmounted /var/lib/lxcfs.
[[0;32m  OK  [0m] Stopped D-Bus System Message Bus.
[[0;32m  OK  [0m] Stopped FUSE filesystem for LXC.
[[0;32m  OK  [0m] Stopped Authorization Manager.
[[0;32m  OK  [0m] Stopped Session 7 of user vagrant.
[[0;32m  OK  [0m] Stopped LXD - container startup/shutdown.
[[0;32m  OK  [0m] Removed slice system-serial\x2dgetty.slice.
[[0;32m  OK  [0m] Removed slice system-getty.slice.
[[0;32m  OK  [0m] Stopped target Login Prompts (Pre).
[[0;32m  OK  [0m] Removed slice User Slice of vagrant.
         Stopping Login Service...
         Stopping Permit User Sessions...
[[0;32m  OK  [0m] Stopped LSB: Record successful boot for GRUB.
[[0;32m  OK  [0m] Stopped Permit User Sessions.
[[0;32m  OK  [0m] Stopped Availability of block devices.
[[0;32m  OK  [0m] Stopped LSB: automatic crash report generation.
[[0;32m  OK  [0m] Stopped target Remote File Systems.
         Unmounting /vagrant...
[[0;32m  OK  [0m] Stopped Virtualbox guest utils.
[[0;32m  OK  [0m] Unmounted /vagrant.
[[0;32m  OK  [0m] Reached target Unmount All Filesystems.
[[0;32m  OK  [0m] Stopped target Network is Online.
[[0;32m  OK  [0m] Stopped target Remote File Systems (Pre).
[[0;32m  OK  [0m] Stopped target Local File Systems (Pre).
         Stopping Monitoring of LVM2 mirrors…ng dmeventd or progress polling...
[[0;32m  OK  [0m] Stopped target Network.
         Stopping Network Name Resolution...
[[0;32m  OK  [0m] Stopped Monitoring of LVM2 mirrors,…sing dmeventd or progress polling.
         Stopping LVM2 metadata daemon...
[[0;32m  OK  [0m] Stopped LVM2 metadata daemon.
[[0;32m  OK  [0m] Stopped Network Name Resolution.
         Stopping Network Service...
[[0;32m  OK  [0m] Stopped Login Service.
[[0;32m  OK  [0m] Stopped target Basic System.
[[0;32m  OK  [0m] Stopped target Paths.
[[0;32m  OK  [0m] Stopped ACPI Events Check.
[[0;32m  OK  [0m] Stopped target Sockets.
[[0;32m  OK  [0m] Closed UUID daemon activation socket.
[[0;32m  OK  [0m] Closed Open-iSCSI iscsid Socket.
[[0;32m  OK  [0m] Closed LXD - unix socket.
[[0;32m  OK  [0m] Closed Syslog Socket.
[[0;32m  OK  [0m] Closed Socket activation for snappy daemon.
[[0;32m  OK  [0m] Closed ACPID Listen Socket.
[[0;32m  OK  [0m] Closed D-Bus System Message Bus Socket.
[[0;32m  OK  [0m] Closed cloud-init hotplug hook socket.
[[0;32m  OK  [0m] Stopped target Slices.
[[0;32m  OK  [0m] Removed slice User and Session Slice.
[[0;32m  OK  [0m] Stopped target User and Group Name Lookups.
[[0;32m  OK  [0m] Stopped target System Initialization.
[[0;32m  OK  [0m] Stopped Create Static Device Nodes in /dev.
         Stopping Load/Save Random Seed...
[[0;32m  OK  [0m] Stopped target Swap.
         Stopping Update UTMP about System Boot/Shutdown...
[[0;32m  OK  [0m] Stopped Initial cloud-init job (metadata service crawler).
[[0;32m  OK  [0m] Stopped Commit a transient machine-id on disk.
[[0;32m  OK  [0m] Stopped target Local Encrypted Volumes.
[[0;32m  OK  [0m] Stopped Dispatch Password Requests to Console Directory Watch.
[[0;32m  OK  [0m] Stopped Forward Password Requests to Wall Directory Watch.
[[0;32m  OK  [0m] Stopped Load/Save Random Seed.
[[0;32m  OK  [0m] Stopped Update UTMP about System Boot/Shutdown.
[[0;32m  OK  [0m] Stopped Network Service.
[[0;32m  OK  [0m] Stopped target Network (Pre).
[[0;32m  OK  [0m] Stopped Initial cloud-init job (pre-networking).
[[0;32m  OK  [0m] Stopped Apply Kernel Variables.
[[0;32m  OK  [0m] Stopped Load Kernel Modules.
[[0;32m  OK  [0m] Stopped Create Volatile Files and Directories.
[[0;32m  OK  [0m] Stopped Remount Root and Kernel File Systems.
[[0;32m  OK  [0m] Reached target Shutdown.
[[0;32m  OK  [0m] Reached target Final Step.
         Starting Power-Off...
[   66.793900] reboot: Power down
