[    0.000000] Linux version 4.15.0-212-generic (buildd@lcy02-amd64-083) (gcc version 7.5.0 (Ubuntu 7.5.0-3ubuntu1~18.04)) #223-Ubuntu SMP Tue May 23 13:09:22 UTC 2023 (Ubuntu 4.15.0-212.223-generic 4.15.18)
[    0.000000] Command line: BOOT_IMAGE=/boot/vmlinuz-4.15.0-212-generic root=LABEL=cloudimg-rootfs ro console=tty1 console=ttyS0
[    0.000000] KERNEL supported cpus:
[    0.000000]   Intel GenuineIntel
[    0.000000]   AMD AuthenticAMD
[    0.000000]   Centaur CentaurHauls
[    0.000000] x86/fpu: Supporting XSAVE feature 0x001: 'x87 floating point registers'
[    0.000000] x86/fpu: Supporting XSAVE feature 0x002: 'SSE registers'
[    0.000000] x86/fpu: Supporting XSAVE feature 0x004: 'AVX registers'
[    0.000000] x86/fpu: xstate_offset[2]:  576, xstate_sizes[2]:  256
[    0.000000] x86/fpu: Enabled xstate features 0x7, context size is 832 bytes, using 'standard' format.
[    0.000000] e820: BIOS-provided physical RAM map:
[    0.000000] BIOS-e820: [mem 0x0000000000000000-0x000000000009fbff] usable
[    0.000000] BIOS-e820: [mem 0x000000000009fc00-0x000000000009ffff] reserved
[    0.000000] BIOS-e820: [mem 0x00000000000f0000-0x00000000000fffff] reserved
[    0.000000] BIOS-e820: [mem 0x0000000000100000-0x000000007ffeffff] usable
[    0.000000] BIOS-e820: [mem 0x000000007fff0000-0x000000007fffffff] ACPI data
[    0.000000] BIOS-e820: [mem 0x00000000fec00000-0x00000000fec00fff] reserved
[    0.000000] BIOS-e820: [mem 0x00000000fee00000-0x00000000fee00fff] reserved
[    0.000000] BIOS-e820: [mem 0x00000000fffc0000-0x00000000ffffffff] reserved
[    0.000000] NX (Execute Disable) protection: active
[    0.000000] SMBIOS 2.5 present.
[    0.000000] DMI: innotek GmbH VirtualBox/VirtualBox, BIOS VirtualBox 12/01/2006
[    0.000000] Hypervisor detected: KVM
[    0.000000] e820: last_pfn = 0x7fff0 max_arch_pfn = 0x400000000
[    0.000000] x86/PAT: Configuration [0-7]: WB  WC  UC- UC  WB  WP  UC- WT  
[    0.000000] CPU MTRRs all blank - virtualized system.
[    0.000000] found SMP MP-table at [mem 0x0009fbf0-0x0009fbff]
[    0.000000] Scanning 1 areas for low memory corruption
[    0.000000] RAMDISK: [mem 0x359cb000-0x36cdcfff]
[    0.000000] ACPI: Early table checksum verification disabled
[    0.000000] ACPI: RSDP 0x00000000000E0000 000024 (v02 VBOX  )
[    0.000000] ACPI: XSDT 0x000000007FFF0030 00003C (v01 VBOX   VBOXXSDT 00000001 ASL  00000061)
[    0.000000] ACPI: FACP 0x000000007FFF00F0 0000F4 (v04 VBOX   VBOXFACP 00000001 ASL  00000061)
[    0.000000] ACPI: DSDT 0x000000007FFF02F0 002353 (v02 VBOX   VBOXBIOS 00000002 VBOX 00029BF3)
[    0.000000] ACPI: FACS 0x000000007FFF0200 000040
[    0.000000] ACPI: FACS 0x000000007FFF0200 000040
[    0.000000] ACPI: APIC 0x000000007FFF0240 00005C (v02 VBOX   VBOXAPIC 00000001 ASL  00000061)
[    0.000000] ACPI: SSDT 0x000000007FFF02A0 000045 (v01 VBOX   VBOXCPUT 00000002 VBOX 00029BF3)
[    0.000000] ACPI: Reserving FACP table memory at [mem 0x7fff00f0-0x7fff01e3]
[    0.000000] ACPI: Reserving DSDT table memory at [mem 0x7fff02f0-0x7fff2642]
[    0.000000] ACPI: Reserving FACS table memory at [mem 0x7fff0200-0x7fff023f]
[    0.000000] ACPI: Reserving FACS table memory at [mem 0x7fff0200-0x7fff023f]
[    0.000000] ACPI: Reserving APIC table memory at [mem 0x7fff0240-0x7fff029b]
[    0.000000] ACPI: Reserving SSDT table memory at [mem 0x7fff02a0-0x7fff02e4]
[    0.000000] No NUMA configuration found
[    0.000000] Faking a node at [mem 0x0000000000000000-0x000000007ffeffff]
[    0.000000] NODE_DATA(0) allocated [mem 0x7ffc5000-0x7ffeffff]
[    0.000000] kvm-clock: cpu 0, msr 0:7ff44001, primary cpu clock
[    0.000000] kvm-clock: Using msrs 4b564d01 and 4b564d00
[    0.000000] kvm-clock: using sched offset of 3905576427 cycles
[    0.000000] clocksource: kvm-clock: mask: 0xffffffffffffffff max_cycles: 0x1cd42e4dffb, max_idle_ns: 881590591483 ns
[    0.000000] Zone ranges:
[    0.000000]   DMA      [mem 0x0000000000001000-0x0000000000ffffff]
[    0.000000]   DMA32    [mem 0x0000000001000000-0x000000007ffeffff]
[    0.000000]   Normal   empty
[    0.000000]   Device   empty
[    0.000000] Movable zone start for each node
[    0.000000] Early memory node ranges
[    0.000000]   node   0: [mem 0x0000000000001000-0x000000000009efff]
[    0.000000]   node   0: [mem 0x0000000000100000-0x000000007ffeffff]
[    0.000000] Reserved but unavailable: 104 pages
[    0.000000] Initmem setup node 0 [mem 0x0000000000001000-0x000000007ffeffff]
[    0.000000] ACPI: PM-Timer IO Port: 0x4008
[    0.000000] IOAPIC[0]: apic_id 2, version 32, address 0xfec00000, GSI 0-23
[    0.000000] ACPI: INT_SRC_OVR (bus 0 bus_irq 0 global_irq 2 dfl dfl)
[    0.000000] ACPI: INT_SRC_OVR (bus 0 bus_irq 9 global_irq 9 low level)
[    0.000000] Using ACPI (MADT) for SMP configuration information
[    0.000000] smpboot: Allowing 2 CPUs, 0 hotplug CPUs
[    0.000000] PM: Registered nosave memory: [mem 0x00000000-0x00000fff]
[    0.000000] PM: Registered nosave memory: [mem 0x0009f000-0x0009ffff]
[    0.000000] PM: Registered nosave memory: [mem 0x000a0000-0x000effff]
[    0.000000] PM: Registered nosave memory: [mem 0x000f0000-0x000fffff]
[    0.000000] e820: [mem 0x80000000-0xfebfffff] available for PCI devices
[    0.000000] Booting paravirtualized kernel on KVM
[    0.000000] clocksource: refined-jiffies: mask: 0xffffffff max_cycles: 0xffffffff, max_idle_ns: 7645519600211568 ns
[    0.000000] setup_percpu: NR_CPUS:8192 nr_cpumask_bits:2 nr_cpu_ids:2 nr_node_ids:1
[    0.000000] percpu: Embedded 50 pages/cpu s167936 r8192 d28672 u1048576
[    0.000000] PV qspinlock hash table entries: 256 (order: 0, 4096 bytes)
[    0.000000] Built 1 zonelists, mobility grouping on.  Total pages: 515961
[    0.000000] Policy zone: DMA32
[    0.000000] Kernel command line: BOOT_IMAGE=/boot/vmlinuz-4.15.0-212-generic root=LABEL=cloudimg-rootfs ro console=tty1 console=ttyS0
[    0.000000] Memory: 2014836K/2096696K available (12300K kernel code, 2477K rwdata, 4324K rodata, 2480K init, 2720K bss, 81860K reserved, 0K cma-reserved)
[    0.000000] SLUB: HWalign=64, Order=0-3, MinObjects=0, CPUs=2, Nodes=1
[    0.000000] Kernel/User page tables isolation: enabled
[    0.000000] ftrace: allocating 39508 entries in 155 pages
[    0.004000] Hierarchical RCU implementation.
[    0.004000] 	RCU restricting CPUs from NR_CPUS=8192 to nr_cpu_ids=2.
[    0.004000] 	Tasks RCU enabled.
[    0.004000] RCU: Adjusting geometry for rcu_fanout_leaf=16, nr_cpu_ids=2
[    0.004000] NR_IRQS: 524544, nr_irqs: 440, preallocated irqs: 16
[    0.004000] random: crng init done
[    0.004000] Console: colour VGA+ 80x25
[    0.004000] console [tty1] enabled
[    0.004000] console [ttyS0] enabled
[    0.004000] ACPI: Core revision 20170831
[    0.004000] ACPI: 2 ACPI AML tables successfully acquired and loaded
[    0.004000] APIC: Switch to symmetric I/O mode setup
[    0.004000] ..TIMER: vector=0x30 apic1=0 pin1=2 apic2=-1 pin2=-1
[    0.004000] tsc: Detected 3695.998 MHz processor
[    0.004000] Calibrating delay loop (skipped) preset value.. 7391.99 BogoMIPS (lpj=14783992)
[    0.004004] pid_max: default: 32768 minimum: 301
[    0.008095] Security Framework initialized
[    0.012002] Yama: becoming mindful.
[    0.016096] AppArmor: AppArmor initialized
[    0.030411] Dentry cache hash table entries: 262144 (order: 9, 2097152 bytes)
[    0.037517] Inode-cache hash table entries: 131072 (order: 8, 1048576 bytes)
[    0.040156] Mount-cache hash table entries: 4096 (order: 3, 32768 bytes)
[    0.044142] Mountpoint-cache hash table entries: 4096 (order: 3, 32768 bytes)
[    0.050138] Last level iTLB entries: 4KB 64, 2MB 8, 4MB 8
[    0.052002] Last level dTLB entries: 4KB 64, 2MB 0, 4MB 0, 1GB 4
[    0.056003] Spectre V1 : Mitigation: usercopy/swapgs barriers and __user pointer sanitization
[    0.060003] Spectre V2 : Mitigation: Retpolines
[    0.064001] Spectre V2 : Spectre v2 / SpectreRSB mitigation: Filling RSB on context switch
[    0.068001] Spectre V2 : Spectre v2 / SpectreRSB : Filling RSB on VMEXIT
[    0.072002] RETBleed: WARNING: Spectre v2 mitigation leaves CPU vulnerable to RETBleed attacks, data leaks possible!
[    0.076002] RETBleed: Vulnerable
[    0.079036] Speculative Store Bypass: Vulnerable
[    0.080071] MDS: Mitigation: Clear CPU buffers
[    0.084001] MMIO Stale Data: Mitigation: Clear CPU buffers
[    0.088004] SRBDS: Unknown: Dependent on hypervisor status
[    0.092146] Freeing SMP alternatives memory: 36K
[    0.225953] APIC calibration not consistent with PM-Timer: 110ms instead of 100ms
[    0.228000] APIC delta adjusted to PM-Timer: 6455398 (7125440)
[    0.228420] smpboot: CPU0: Intel(R) Core(TM) i7-8700K CPU @ 3.70GHz (family: 0x6, model: 0x9e, stepping: 0xa)
[    0.232481] Performance Events: unsupported p6 CPU model 158 no PMU driver, software events only.
[    0.236119] Hierarchical SRCU implementation.
[    0.240762] NMI watchdog: Perf event create on CPU 0 failed with -2
[    0.244003] NMI watchdog: Perf NMI watchdog permanently disabled
[    0.248359] smp: Bringing up secondary CPUs ...
[    0.253155] x86: Booting SMP configuration:
[    0.256004] .... node  #0, CPUs:      #1
[    0.004000] kvm-clock: cpu 1, msr 0:7ff44041, secondary cpu clock
[    0.270909] smp: Brought up 1 node, 2 CPUs
[    0.272006] smpboot: Max logical packages: 1
[    0.276003] smpboot: Total of 2 processors activated (14783.99 BogoMIPS)
[    0.284707] devtmpfs: initialized
[    0.288127] x86/mm: Memory block size: 128MB
[    0.292585] evm: security.selinux
[    0.295433] evm: security.SMACK64
[    0.296003] evm: security.SMACK64EXEC
[    0.300002] evm: security.SMACK64TRANSMUTE
[    0.304002] evm: security.SMACK64MMAP
[    0.308003] evm: security.apparmor
[    0.312002] evm: security.ima
[    0.314644] evm: security.capability
[    0.316470] clocksource: jiffies: mask: 0xffffffff max_cycles: 0xffffffff, max_idle_ns: 7645041785100000 ns
[    0.320011] futex hash table entries: 512 (order: 3, 32768 bytes)
[    0.328008] pinctrl core: initialized pinctrl subsystem
[    0.332625] RTC time: 17:02:54, date: 10/25/25
[    0.337287] NET: Registered protocol family 16
[    0.340208] audit: initializing netlink subsys (disabled)
[    0.348232] audit: type=2000 audit(1761411779.166:1): state=initialized audit_enabled=0 res=1
[    0.356008] cpuidle: using governor ladder
[    0.360009] cpuidle: using governor menu
[    0.364038] ACPI: bus type PCI registered
[    0.368003] acpiphp: ACPI Hot Plug PCI Controller Driver version: 0.5
[    0.372559] PCI: Using configuration type 1 for base access
[    0.381697] HugeTLB registered 2.00 MiB page size, pre-allocated 0 pages
[    0.388449] ACPI: Added _OSI(Module Device)
[    0.392104] ACPI: Added _OSI(Processor Device)
[    0.396011] ACPI: Added _OSI(3.0 _SCP Extensions)
[    0.400003] ACPI: Added _OSI(Processor Aggregator Device)
[    0.404003] ACPI: Added _OSI(Linux-Dell-Video)
[    0.408004] ACPI: Added _OSI(Linux-Lenovo-NV-HDMI-Audio)
[    0.412004] ACPI: Added _OSI(Linux-HPI-Hybrid-Graphics)
[    0.416930] ACPI: Executed 1 blocks of module-level executable AML code
[    0.425146] ACPI: Interpreter enabled
[    0.428014] ACPI: (supports S0 S5)
[    0.431148] ACPI: Using IOAPIC for interrupt routing
[    0.432411] PCI: Using host bridge windows from ACPI; if necessary, use "pci=nocrs" and report a bug
[    0.436269] ACPI: Enabled 2 GPEs in block 00 to 07
[    0.450335] ACPI: PCI Root Bridge [PCI0] (domain 0000 [bus 00-ff])
[    0.452009] acpi PNP0A03:00: _OSC: OS supports [ASPM ClockPM Segments MSI]
[    0.456788] acpi PNP0A03:00: _OSC: not requesting OS control; OS requires [ExtendedConfig ASPM ClockPM MSI]
[    0.460015] acpi PNP0A03:00: fail to add MMCONFIG information, can't access extended PCI configuration space under this bridge.
[    0.464751] PCI host bridge to bus 0000:00
[    0.468005] pci_bus 0000:00: root bus resource [io  0x0000-0x0cf7 window]
[    0.472005] pci_bus 0000:00: root bus resource [io  0x0d00-0xffff window]
[    0.476005] pci_bus 0000:00: root bus resource [mem 0x000a0000-0x000bffff window]
[    0.480006] pci_bus 0000:00: root bus resource [mem 0x80000000-0xfdffffff window]
[    0.484006] pci_bus 0000:00: root bus resource [bus 00-ff]
[    0.496000] pci 0000:00:01.1: legacy IDE quirk: reg 0x10: [io  0x01f0-0x01f7]
[    0.496005] pci 0000:00:01.1: legacy IDE quirk: reg 0x14: [io  0x03f6]
[    0.500004] pci 0000:00:01.1: legacy IDE quirk: reg 0x18: [io  0x0170-0x0177]
[    0.504005] pci 0000:00:01.1: legacy IDE quirk: reg 0x1c: [io  0x0376]
[    0.532919] pci 0000:00:07.0: quirk: [io  0x4000-0x403f] claimed by PIIX4 ACPI
[    0.536041] pci 0000:00:07.0: quirk: [io  0x4100-0x410f] claimed by PIIX4 SMB
[    0.551431] ACPI: PCI Interrupt Link [LNKA] (IRQs 5 9 10 *11)
[    0.552570] ACPI: PCI Interrupt Link [LNKB] (IRQs 5 9 *10 11)
[    0.556224] ACPI: PCI Interrupt Link [LNKC] (IRQs 5 *9 10 11)
[    0.560235] ACPI: PCI Interrupt Link [LNKD] (IRQs 5 9 10 *11)
[    0.564793] SCSI subsystem initialized
[    0.568245] pci 0000:00:02.0: vgaarb: setting as boot VGA device
[    0.572000] pci 0000:00:02.0: vgaarb: VGA device added: decodes=io+mem,owns=io+mem,locks=none
[    0.572007] pci 0000:00:02.0: vgaarb: bridge control possible
[    0.576004] vgaarb: loaded
[    0.580082] ACPI: bus type USB registered
[    0.584059] usbcore: registered new interface driver usbfs
[    0.588020] usbcore: registered new interface driver hub
[    0.592017] usbcore: registered new device driver usb
[    0.600156] EDAC MC: Ver: 3.0.0
[    0.604341] PCI: Using ACPI for IRQ routing
[    0.608881] NetLabel: Initializing
[    0.612004] NetLabel:  domain hash size = 128
[    0.616002] NetLabel:  protocols = UNLABELED CIPSOv4 CALIPSO
[    0.620218] NetLabel:  unlabeled traffic allowed by default
[    0.628351] clocksource: Switched to clocksource kvm-clock
[    0.658926] VFS: Disk quotas dquot_6.6.0
[    0.658926] VFS: Dquot-cache hash table entries: 512 (order 0, 4096 bytes)
[    0.658926] AppArmor: AppArmor Filesystem Enabled
[    0.658926] pnp: PnP ACPI init
[    0.658926] pnp: PnP ACPI: found 3 devices
[    0.746881] clocksource: acpi_pm: mask: 0xffffff max_cycles: 0xffffff, max_idle_ns: 2085701024 ns
[    0.748315] NET: Registered protocol family 2
[    0.748315] IP idents hash table entries: 32768 (order: 6, 262144 bytes)
[    0.766655] TCP established hash table entries: 16384 (order: 5, 131072 bytes)
[    0.774021] TCP bind hash table entries: 16384 (order: 6, 262144 bytes)
[    0.780960] TCP: Hash tables configured (established 16384 bind 16384)
[    0.783837] UDP hash table entries: 1024 (order: 3, 32768 bytes)
[    0.794368] UDP-Lite hash table entries: 1024 (order: 3, 32768 bytes)
[    0.798177] NET: Registered protocol family 1
[    0.798177] pci 0000:00:00.0: Limiting direct PCI/PCI transfers
[    0.798177] pci 0000:00:01.0: Activating ISA DMA hang workarounds
[    0.798177] pci 0000:00:02.0: Video device with shadowed ROM at [mem 0x000c0000-0x000dffff]
[    0.798177] Unpacking initramfs...
[    1.287765] Freeing initrd memory: 19528K
[    1.292398] clocksource: tsc: mask: 0xffffffffffffffff max_cycles: 0x6a8d2284b57, max_idle_ns: 881590451434 ns
[    1.301689] platform rtc_cmos: registered platform RTC device (no PNP device found)
[    1.309170] Scanning for low memory corruption every 60 seconds
[    1.316672] Initialise system trusted keyrings
[    1.321349] Key type blacklist registered
[    1.326402] workingset: timestamp_bits=36 max_order=19 bucket_order=0
[    1.334937] zbud: loaded
[    1.339465] squashfs: version 4.0 (2009/01/31) Phillip Lougher
[    1.346592] fuse init (API version 7.26)
[    1.392254] Key type asymmetric registered
[    1.396184] Asymmetric key parser 'x509' registered
[    1.400854] Block layer SCSI generic (bsg) driver version 0.4 loaded (major 246)
[    1.408227] io scheduler noop registered
[    1.411693] io scheduler deadline registered
[    1.415492] io scheduler cfq registered (default)
[    1.421132] ACPI: AC Adapter [AC] (on-line)
[    1.424989] input: Power Button as /devices/LNXSYSTM:00/LNXPWRBN:00/input/input0
[    1.431789] ACPI: Power Button [PWRF]
[    1.435579] input: Sleep Button as /devices/LNXSYSTM:00/LNXSLPBN:00/input/input1
[    1.442603] ACPI: Sleep Button [SLPF]
[    1.446953] Serial: 8250/16550 driver, 32 ports, IRQ sharing enabled
[    1.478639] 00:02: ttyS0 at I/O 0x3f8 (irq = 4, base_baud = 115200) is a 16550A
[    1.502586] Linux agpgart interface v0.103
[    1.512152] loop: module loaded
[    1.517485] scsi host0: ata_piix
[    1.521173] scsi host1: ata_piix
[    1.524273] ata1: PATA max UDMA/33 cmd 0x1f0 ctl 0x3f6 bmdma 0xd000 irq 14
[    1.528196] ata2: PATA max UDMA/33 cmd 0x170 ctl 0x376 bmdma 0xd008 irq 15
[    1.536100] tun: Universal TUN/TAP device driver, 1.6
[    1.541799] PPP generic driver version 2.4.2
[    1.546194] ehci_hcd: USB 2.0 'Enhanced' Host Controller (EHCI) Driver
[    1.552155] ehci-pci: EHCI PCI platform driver
[    1.556212] ehci-platform: EHCI generic platform driver
[    1.561014] ohci_hcd: USB 1.1 'Open' Host Controller (OHCI) Driver
[    1.564962] ohci-pci: OHCI PCI platform driver
[    1.570214] ohci-platform: OHCI generic platform driver
[    1.574722] uhci_hcd: USB Universal Host Controller Interface driver
[    1.580436] i8042: PNP: PS/2 Controller [PNP0303:PS2K,PNP0f03:PS2M] at 0x60,0x64 irq 1,12
[    1.590577] serio: i8042 KBD port at 0x60,0x64 irq 1
[    1.595268] serio: i8042 AUX port at 0x60,0x64 irq 12
[    1.600850] mousedev: PS/2 mouse device common for all mice
[    1.609758] rtc_cmos rtc_cmos: rtc core: registered rtc_cmos as rtc0
[    1.609886] input: AT Translated Set 2 keyboard as /devices/platform/i8042/serio0/input/input2
[    1.616376] rtc_cmos rtc_cmos: alarms up to one day, 114 bytes nvram
[    1.629393] i2c /dev entries driver
[    1.633161] device-mapper: uevent: version 1.0.3
[    1.637832] device-mapper: ioctl: 4.37.0-ioctl (2017-09-20) initialised: dm-devel@redhat.com
[    1.647045] ledtrig-cpu: registered to indicate activity on CPUs
[    1.655429] NET: Registered protocol family 10
[    1.667264] Segment Routing with IPv6
[    1.671471] NET: Registered protocol family 17
[    1.676502] Key type dns_resolver registered
[    1.681060] mce: Using 0 MCE banks
[    1.684908] RAS: Correctable Errors collector initialized.
[    1.690415] sched_clock: Marking stable (1690358296, 0)->(2545356979, -854998683)
[    1.755576] registered taskstats version 1
[    1.759403] Loading compiled-in X.509 certificates
[    1.768810] Loaded X.509 cert 'Build time autogenerated kernel key: b5b26778eaa3ab3a4a6cee031137706e947d12ad'
[    1.777769] Loaded X.509 cert 'Canonical Ltd. Live Patch Signing: 14df34d1a87cf37625abec039ef2bf521249b969'
[    1.786947] Loaded X.509 cert 'Canonical Ltd. Kernel Module Signing: 88f752e560a1e0737e31163a466ad7b70a850c19'
[    1.795711] blacklist: Loading compiled-in revocation X.509 certificates
[    1.801712] Loaded X.509 cert 'Canonical Ltd. Secure Boot Signing: 61482aa2830d0ab2ad5af10b7250da9033ddcef0'
[    1.810410] Loaded X.509 cert 'Canonical Ltd. Secure Boot Signing (2017): 242ade75ac4a15e50d50c84b0d45ff3eae707a03'
[    1.819540] Loaded X.509 cert 'Canonical Ltd. Secure Boot Signing (ESM 2018): 365188c1d374d6b07c3c8f240f8ef722433d6a8b'
[    1.829015] Loaded X.509 cert 'Canonical Ltd. Secure Boot Signing (2019): c0746fd6c5da3ae827864651ad66ae47fe24b3e8'
[    1.838056] Loaded X.509 cert 'Canonical Ltd. Secure Boot Signing (2021 v1): a8d54bbb3825cfb94fa13c9f8a594a195c107b8d'
[    1.847426] Loaded X.509 cert 'Canonical Ltd. Secure Boot Signing (2021 v2): 4cf046892d6fd3c9a5b03f98d845f90851dc6a8c'
[    1.856786] Loaded X.509 cert 'Canonical Ltd. Secure Boot Signing (2021 v3): 100437bb6de6e469b581e61cd66bce3ef4ed53af'
[    1.865999] Loaded X.509 cert 'Canonical Ltd. Secure Boot Signing (Ubuntu Core 2019): c1d57b8f6b743f23ee41f4f7ee292f06eecadfb9'
[    1.875965] zswap: loaded using pool lzo/zbud
[    1.888356] Key type big_key registered
[    1.891826] Key type trusted registered
[    1.899434] Key type encrypted registered
[    1.903434] AppArmor: AppArmor sha1 policy hashing enabled
[    1.908425] ima: No TPM chip found, activating TPM-bypass! (rc=-19)
[    1.914113] ima: Allocated hash algorithm: sha1
[    1.918604] evm: HMAC attrs: 0x1
[    1.922451]   Magic number: 13:668:37
[    1.926162] bdi 7:2: hash matches
[    1.930051] rtc_cmos rtc_cmos: setting system clock to 2025-10-25 17:02:55 UTC (1761411775)
[    1.938301] BIOS EDD facility v0.16 2004-Jun-25, 0 devices found
[    1.943469] EDD information not available.
[    1.950357] Freeing unused kernel image memory: 2480K
[    1.972730] Write protecting the kernel read-only data: 20480k
[    1.978934] Freeing unused kernel image memory: 2008K
[    1.984242] Freeing unused kernel image memory: 1820K
[    1.994270] x86/mm: Checked W+X mappings: passed, no W+X pages found.
[    1.999964] x86/mm: Checking user space page tables
[    2.008915] x86/mm: Checked W+X mappings: passed, no W+X pages found.
Loading, please wait...
starting version 237
[    2.134734] Fusion MPT base driver 3.04.20
[    2.138667] Copyright (c) 1999-2008 LSI Corporation
[    2.152886] e1000: Intel(R) PRO/1000 Network Driver - version 7.3.21-k8-NAPI
[    2.159505] e1000: Copyright (c) 1999-2006 Intel Corporation.
[    2.177681] AVX2 version of gcm_enc/dec engaged.
[    2.181753] AES CTR mode by8 optimization enabled
[    2.192922] Fusion MPT SPI Host driver 3.04.20
[    2.426541] input: ImExPS/2 Generic Explorer Mouse as /devices/platform/i8042/serio1/input/input4
[    3.157618] e1000 0000:00:03.0 eth0: (PCI:33MHz:32-bit) 02:3b:7b:b7:3b:2d
[    3.163928] e1000 0000:00:03.0 eth0: Intel(R) PRO/1000 Network Connection
[    3.778879] e1000 0000:00:08.0 eth1: (PCI:33MHz:32-bit) 08:00:27:35:5a:ed
[    3.784862] e1000 0000:00:08.0 eth1: Intel(R) PRO/1000 Network Connection
[    3.793922] e1000 0000:00:03.0 enp0s3: renamed from eth0
[    3.801068] mptbase: ioc0: Initiating bringup
[    3.812976] e1000 0000:00:08.0 enp0s8: renamed from eth1
[    4.875501] ioc0: LSI53C1030 A0: Capabilities={Initiator}
[    6.299417] scsi host2: ioc0: LSI53C1030 A0, FwRev=00000000h, Ports=1, MaxQ=256, IRQ=20
[    7.360910] scsi 2:0:0:0: Direct-Access     VBOX     HARDDISK         1.0  PQ: 0 ANSI: 5
[    7.401190] scsi target2:0:0: Beginning Domain Validation
[    7.414680] scsi target2:0:0: Domain Validation skipping write tests
[    7.420706] scsi target2:0:0: Ending Domain Validation
[    7.426257] scsi target2:0:0: asynchronous
[    7.432714] scsi 2:0:1:0: Direct-Access     VBOX     HARDDISK         1.0  PQ: 0 ANSI: 5
[    7.468714] scsi target2:0:1: Beginning Domain Validation
[    7.482414] scsi target2:0:1: Domain Validation skipping write tests
[    7.488552] scsi target2:0:1: Ending Domain Validation
[    7.493755] scsi target2:0:1: asynchronous
[    7.512129] sd 2:0:0:0: Attached scsi generic sg0 type 0
[    7.513556] sd 2:0:0:0: [sda] 83886080 512-byte logical blocks: (42.9 GB/40.0 GiB)
[    7.517855] sd 2:0:1:0: Attached scsi generic sg1 type 0
[    7.524613] sd 2:0:0:0: [sda] Write Protect is off
[    7.534539] sd 2:0:0:0: [sda] Write cache: enabled, read cache: enabled, supports DPO and FUA
[    7.534546] sd 2:0:1:0: [sdb] 20480 512-byte logical blocks: (10.5 MB/10.0 MiB)
[    7.549964] sd 2:0:1:0: [sdb] Write Protect is off
[    7.552877]  sda: sda1
[    7.557893] sd 2:0:1:0: [sdb] Write cache: enabled, read cache: enabled, supports DPO and FUA
[    7.559737] sd 2:0:0:0: [sda] Attached SCSI disk
[    7.578921] sd 2:0:1:0: [sdb] Attached SCSI disk
Begin: Loading essential drivers ... [    9.809858] raid6: sse2x1   gen() 163011 MB/s
[   10.809128] raid6: sse2x1   xor() 126386 MB/s
[   11.811437] raid6: sse2x2   gen() 218462 MB/s
[   12.303395] raid6: sse2x2   xor() 136527 MB/s
[   13.305025] raid6: sse2x4   gen() 243221 MB/s
[   14.308795] raid6: sse2x4   xor() 153507 MB/s
[   14.853338] raid6: avx2x1   gen() 34726 MB/s
[   14.915382] raid6: avx2x1   xor() 23890 MB/s
[   14.977361] raid6: avx2x2   gen() 41488 MB/s
[   15.301477] raid6: avx2x2   xor() 167487 MB/s
[   15.361565] raid6: avx2x4   gen() 48838 MB/s
[   15.423670] raid6: avx2x4   xor() 29891 MB/s
[   15.429611] raid6: using algorithm sse2x4 gen() 243221 MB/s
[   15.435393] raid6: .... xor() 153507 MB/s, rmw enabled
[   15.440827] raid6: using avx2x2 recovery algorithm
[   15.447820] xor: automatically using best checksumming function   avx       
[   15.457383] async_tx: api initialized (async)
done.
Begin: Running /scripts/init-premount ... done.
Begin: Mounting root file system ... Begin: Running /scripts/local-top ... done.
Begin: Running /scripts/local-premount ... [   15.526759] Btrfs loaded, crc32c=crc32c-intel
Scanning for Btrfs filesystems
done.
Warning: fsck not present, so skipping root file system
[   15.574005] EXT4-fs (sda1): mounted filesystem with ordered data mode. Opts: (null)
done.
Begin: Running /scripts/local-bottom ... done.
Begin: Running /scripts/init-bottom ... done.
[   15.807297] ip_tables: (C) 2000-2006 Netfilter Core Team
[   15.827596] systemd[1]: systemd 237 running in system mode. (+PAM +AUDIT +SELINUX +IMA +APPARMOR +SMACK +SYSVINIT +UTMP +LIBCRYPTSETUP +GCRYPT +GNUTLS +ACL +XZ +LZ4 +SECCOMP +BLKID +ELFUTILS +KMOD -IDN2 +IDN -PCRE2 default-hierarchy=hybrid)
[   15.844799] systemd[1]: Detected virtualization oracle.
[   15.849442] systemd[1]: Detected architecture x86-64.

Welcome to [1mUbuntu 18.04.6 LTS[0m!

[   15.880862] systemd[1]: Set hostname to <ubuntu-bionic>.
[   16.191629] systemd[1]: Reached target Mounting snaps.
[[0;32m  OK  [0m] Reached target Mounting snaps.
[   16.208673] systemd[1]: Created slice User and Session Slice.
[[0;32m  OK  [0m] Created slice User and Session Slice.
[   16.215428] systemd[1]: Reached target Swap.
[[0;32m  OK  [0m] Reached target Swap.
[   16.220790] systemd[1]: Created slice System Slice.
[[0;32m  OK  [0m] Created slice System Slice.
[   16.227056] systemd[1]: Listening on udev Control Socket.
[[0;32m  OK  [0m] Listening on udev Control Socket.
[   16.233620] systemd[1]: Created slice system-serial\x2dgetty.slice.
[[0;32m  OK  [0m] Created slice system-serial\x2dgetty.slice.
[[0;32m  OK  [0m] Listening on Network Service Netlink Socket.
[[0;32m  OK  [0m] Listening on /dev/initctl Compatibility Named Pipe.
[[0;32m  OK  [0m] Listening on Journal Socket (/dev/log).
[[0;32m  OK  [0m] Reached target Slices.
[[0;32m  OK  [0m] Listening on LVM2 metadata daemon socket.
[[0;32m  OK  [0m] Listening on LVM2 poll daemon socket.
[[0;32m  OK  [0m] Reached target User and Group Name Lookups.
[[0;32m  OK  [0m] Set up automount Arbitrary Executab…rmats File System Automount Point.
[[0;32m  OK  [0m] Reached target Mounted snaps.
[[0;32m  OK  [0m] Listening on Journal Socket.
         Starting Load Kernel Modules...
         Mounting POSIX Message Queue File System...
         Mounting Kernel Debug File System...
         Mounting Huge Pages File System...
         Starting Set the console keyboard layout...
[[0;32m  OK  [0m] Started Forward Password Requests to Wall Directory Watch.
[[0;32m  OK  [0m] Listening on Journal Audit Socket.
[[0;32m  OK  [0m] Listening on udev Kernel Socket.
         Starting udev Coldplug all Devices...
[[0;32m  OK  [0m] Listening on Syslog Socket.
         Starting Journal Service...
         Starting Uncomplicated firewall...[   16.311955] Loading iSCSI transport class v2.0-870.

         Starting Create list of required st…ce nodes for the current kernel...
[[0;32m  OK  [0m] Listening on fsck to fsckd communication Socket.
         Starting File System Check on Root Device...
[[0;32m  OK  [0m] Listening on Device-mapper event daemon FIFOs.
         Starting Monitoring of LVM2 mirrors…ng dmeventd or progress polling...
[[0;32m  OK  [0m] Reached target System Time Synchronized.
[[0;32m  OK  [0m] Mounted POSIX Message Queue File System.
[[0;32m  OK  [0m] Mounted Kernel Debug File System.
[[0;32m  OK  [0m] Mounted Huge Pages File System.
[[0;32m  OK  [0m] Started Uncomplicated firewall.
[[0;32m  OK  [0m] Started Create list of required sta…vice nodes for the current kernel.
         Starting Create Static Device Nodes in /dev...
[[0;32m  OK  [0m] Started Journal Service.
[[0;32m  OK  [0m] Started File System Check Daemon to report status.
[[0;32m  OK  [0m] Started udev Coldplug all Devices.
[[0;32m  OK  [0m] Started LVM2 metadata daemon.
[   16.425012] iscsi: registered transport (tcp)
[[0;32m  OK  [0m] Started Create Static Device Nodes in /dev.
[[0;32m  OK  [0m] Started Set the console keyboard layout.
[   16.530739] iscsi: registered transport (iser)
[[0;32m  OK  [0m] Started Load Kernel Modules.
         Mounting FUSE Control File System...
         Mounting Kernel Configuration File System...
         Starting Apply Kernel Variables...
[[0;32m  OK  [0m] Mounted Kernel Configuration File System.
[[0;32m  OK  [0m] Mounted FUSE Control File System.
[[0;32m  OK  [0m] Started File System Check on Root Device.
         Starting Remount Root and Kernel File Systems...
[[0;32m  OK  [0m] Started Monitoring of LVM2 mirrors,…sing dmeventd or progress polling.
[[0;32m  OK  [0m] Started Remount Root and Kernel File Systems.
         Starting Flush Journal to Persistent Storage...
         Starting Load/Save Random Seed...
         Starting udev Kernel Device Manager...
[[0;32m  OK  [0m] Reached target Local File Systems (Pre).
[[0;32m  OK  [0m] Reached target Local File Systems.
         Starting AppArmor initialization...
         Starting Set console font and keymap...
         Starting ebtables ruleset management...
         Starting Tell Plymouth To Write Out Runtime Data...
[[0;32m  OK  [0m] Started Apply Kernel Variables.
[[0;32m  OK  [0m] Started Load/Save Random Seed.
[[0;32m  OK  [0m] Started udev Kernel Device Manager.
[[0;32m  OK  [0m] Started Dispatch Password Requests to Console Directory Watch.
[[0;32m  OK  [0m] Reached target Local Encrypted Volumes.
[[0;32m  OK  [0m] Started Set console font and keymap.
[[0;32m  OK  [0m] Started Tell Plymouth To Write Out Runtime Data.
[[0;32m  OK  [0m] Started Flush Journal to Persistent Storage.
         Starting Create Volatile Files and Directories...
[[0;32m  OK  [0m] Started Create Volatile Files and Directories.
         Starting Update UTMP about System Boot/Shutdown...
[[0;32m  OK  [0m] Started ebtables ruleset management.
[[0;32m  OK  [0m] Found device /dev/ttyS0.
[[0;32m  OK  [0m] Started Update UTMP about System Boot/Shutdown.
[[0;32m  OK  [0m] Listening on Load/Save RF Kill Switch Status /dev/rfkill Watch.
[[0;32m  OK  [0m] Started AppArmor initialization.
         Starting Initial cloud-init job (pre-networking)...
         Starting Load AppArmor profiles managed internally by snapd...
         Mounting Arbitrary Executable File Formats File System...
[[0;32m  OK  [0m] Mounted Arbitrary Executable File Formats File System.
[[0;32m  OK  [0m] Started Load AppArmor profiles managed internally by snapd.
[   18.553740] cloud-init[556]: Cloud-init v. 23.1.2-0ubuntu0~18.04.1 running 'init-local' at Sat, 25 Oct 2025 17:03:11 +0000. Up 18.38 seconds.
[[0;32m  OK  [0m] Started Initial cloud-init job (pre-networking).
[[0;32m  OK  [0m] Reached target Network (Pre).
         Starting Network Service...
[[0;32m  OK  [0m] Started Network Service.
         Starting Wait for Network to be Configured...
         Starting Network Name Resolution...
[[0;32m  OK  [0m] Started Network Name Resolution.
[[0;32m  OK  [0m] Reached target Host and Network Name Lookups.
[[0;32m  OK  [0m] Reached target Network.
[[0;32m  OK  [0m] Started Wait for Network to be Configured.
         Starting Initial cloud-init job (metadata service crawler)...
[   21.824715] cloud-init[668]: Cloud-init v. 23.1.2-0ubuntu0~18.04.1 running 'init' at Sat, 25 Oct 2025 17:03:15 +0000. Up 21.64 seconds.
[   21.828807] cloud-init[668]: ci-info: +++++++++++++++++++++++++++++++++++++++++++Net device info++++++++++++++++++++++++++++++++++++++++++++
[   21.833256] cloud-init[668]: ci-info: +--------+------+---------------------------------------+---------------+--------+-------------------+
[   21.838007] cloud-init[668]: ci-info: | Device |  Up  |                Address                |      Mask     | Scope  |     Hw-Address    |
[   21.842194] cloud-init[668]: ci-info: +--------+------+---------------------------------------+---------------+--------+-------------------+
[   21.846186] cloud-init[668]: ci-info: | enp0s3 | True |               10.0.2.15               | 255.255.255.0 | global | 02:3b:7b:b7:3b:2d |
[   21.850246] cloud-init[668]: ci-info: | enp0s3 | True | fd17:625c:f037:2:3b:7bff:feb7:3b2d/64 |       .       | global | 02:3b:7b:b7:3b:2d |
[   21.854297] cloud-init[668]: ci-info: | enp0s3 | True |       fe80::3b:7bff:feb7:3b2d/64      |       .       |  link  | 02:3b:7b:b7:3b:2d |
[   21.858486] cloud-init[668]: ci-info: | enp0s8 | True |              192.168.56.2             | 255.255.255.0 | global | 08:00:27:35:5a:ed |
[   21.862440] cloud-init[668]: ci-info: | enp0s8 | True |      fe80::a00:27ff:fe35:5aed/64      |       .       |  link  | 08:00:27:35:5a:ed |
[   21.866615] cloud-init[668]: ci-info: |   lo   | True |               127.0.0.1               |   255.0.0.0   |  host  |         .         |
[   21.870689] cloud-init[668]: ci-info: |   lo   | True |                ::1/128                |       .       |  host  |         .         |
[   21.874639] cloud-init[668]: ci-info: +--------+------+---------------------------------------+---------------+--------+-------------------+
[   21.878592] cloud-init[668]: ci-info: +++++++++++++++++++++++++++++Route IPv4 info+++++++++++++++++++++++++++++
[   21.881751] cloud-init[668]: ci-info: +-------+--------------+----------+-----------------+-----------+-------+
[   21.902781] cloud-init[668]: ci-info: | Route | Destination  | Gateway  |     Genmask     | Interface | Flags |
[   21.905952] cloud-init[668]: ci-info: +-------+--------------+----------+-----------------+-----------+-------+
[   21.909267] cloud-init[668]: ci-info: |   0   |   0.0.0.0    | 10.0.2.2 |     0.0.0.0     |   enp0s3  |   UG  |
[   21.912466] cloud-init[668]: ci-info: |   1   |   10.0.2.0   | 0.0.0.0  |  255.255.255.0  |   enp0s3  |   U   |
[   21.915646] cloud-init[668]: ci-info: |   2   |   10.0.2.2   | 0.0.0.0  | 255.255.255.255 |   enp0s3  |   UH  |
[   21.919199] cloud-init[668]: ci-info: |   3   | 192.168.56.0 | 0.0.0.0  |  255.255.255.0  |   enp0s8  |   U   |
[   21.922296] cloud-init[668]: ci-info: +-------+--------------+----------+-----------------+-----------+-------+
[   21.925475] cloud-init[668]: ci-info: ++++++++++++++++++++++++Route IPv6 info++++++++++++++++++++++++
[   21.928635] cloud-init[668]: ci-info: +-------+-----------------------+---------+-----------+-------+
[   21.931610] cloud-init[668]: ci-info: | Route |      Destination      | Gateway | Interface | Flags |
[   21.934558] cloud-init[668]: ci-info: +-------+-----------------------+---------+-----------+-------+
[   21.937330] cloud-init[668]: ci-info: |   1   | fd17:625c:f037:2::/64 |    ::   |   enp0s3  |   U   |
[   21.940567] cloud-init[668]: ci-info: |   2   |       fe80::/64       |    ::   |   enp0s8  |   U   |
[   21.943532] cloud-init[668]: ci-info: |   3   |       fe80::/64       |    ::   |   enp0s3  |   U   |
[   21.946343] cloud-init[668]: ci-info: |   4   |          ::/0         | fe80::2 |   enp0s3  |   UG  |
[   21.949466] cloud-init[668]: ci-info: |   6   |         local         |    ::   |   enp0s3  |   U   |
[   21.952462] cloud-init[668]: ci-info: |   7   |         local         |    ::   |   enp0s8  |   U   |
[   21.955562] cloud-init[668]: ci-info: |   8   |        ff00::/8       |    ::   |   enp0s8  |   U   |
[   21.958514] cloud-init[668]: ci-info: |   9   |        ff00::/8       |    ::   |   enp0s3  |   U   |
[   21.961815] cloud-init[668]: ci-info: +-------+-----------------------+---------+-----------+-------+
[[0;32m  OK  [0m] Started Initial cloud-init job (metadata service crawler).
[[0;32m  OK  [0m] Reached target Cloud-config availability.
[[0;32m  OK  [0m] Reached target Network is Online.
[[0;32m  OK  [0m] Reached target Remote File Systems (Pre).
         Starting Availability of block devices...
         Mounting /vagrant...
[[0;32m  OK  [0m] Reached target System Initialization.
[[0;32m  OK  [0m] Listening on ACPID Listen Socket.
[[0;32m  OK  [0m] Started Daily apt download activities.
[[0;32m  OK  [0m] Started ACPI Events Check.
[[0;32m  OK  [0m] Started Discard unused blocks once a week.
[[0;32m  OK  [0m] Started Message of the Day.
         Starting LXD - unix socket.
[[0;32m  OK  [0m] Listening on D-Bus System Message Bus Socket.
[[0;32m  OK  [0m] Started Daily Cleanup of Temporary Directories.
[[0;32m  OK  [0m] Listening on cloud-init hotplug hook socket.
[[0;32m  OK  [0m] Listening on Open-iSCSI iscsid Socket.
         Starting Socket activation for snappy daemon.
[[0;32m  OK  [0m] Listening on UUID daemon activation socket.
[[0;32m  OK  [0m] Reached target Paths.
[[0;32m  OK  [0m] Started Ubuntu Advantage Timer for running repeated jobs.
[[0;32m  OK  [0m] Started Daily apt upgrade and clean activities.
[[0;32m  OK  [0m] Reached target Timers.
[[0;32m  OK  [0m] Started Availability of block devices.
[[0;32m  OK  [0m] Mounted /vagrant.
[[0;32m  OK  [0m] Listening on LXD - unix socket.
[[0;32m  OK  [0m] Listening on Socket activation for snappy daemon.
[[0;32m  OK  [0m] Reached target Sockets.
[[0;32m  OK  [0m] Reached target Basic System.
[[0;32m  OK  [0m] Started FUSE filesystem for LXC.
[[0;32m  OK  [0m] Started Deferred execution scheduler.
         Starting Dispatcher daemon for systemd-networkd...
         Starting LSB: Record successful boot for GRUB...
         Starting LXD - container startup/shutdown...
         Starting System Logging Service...
[[0;32m  OK  [0m] Started D-Bus System Message Bus.
         Starting Login Service...
         Starting Accounts Service...
         Starting Virtualbox guest utils...
[[0;32m  OK  [0m] Started irqbalance daemon.
[[0;32m  OK  [0m] Reached target Login Prompts (Pre).
[[0;32m  OK  [0m] Started Regular background program processing daemon.
         Starting OpenBSD Secure Shell server...
         Starting Snap Daemon...
[[0;32m  OK  [0m] Reached target Remote File Systems.
         Starting Permit User Sessions...
         Starting LSB: automatic crash report generation...
[[0;32m  OK  [0m] Started System Logging Service.
[[0;32m  OK  [0m] Started Login Service.
[[0;32m  OK  [0m] Started Permit User Sessions.
         Starting Hold until boot process finishes up...
         Starting Terminate Plymouth Boot Screen...
         Starting Authorization Manager...
[[0;32m  OK  [0m] Started Unattended Upgrades Shutdown.
[[0;32m  OK  [0m] Started Hold until boot process finishes up.
         Starting Set console scheme...
[[0;32m  OK  [0m] Started Serial Getty on ttyS0.
[[0;32m  OK  [0m] Started Terminate Plymouth Boot Screen.
[[0;32m  OK  [0m] Started Authorization Manager.
[[0;32m  OK  [0m] Started Accounts Service.
[[0;32m  OK  [0m] Started Set console scheme.
[[0;32m  OK  [0m] Created slice system-getty.slice.
[[0;32m  OK  [0m] Started Getty on tty1.
[[0;32m  OK  [0m] Reached target Login Prompts.
[[0;32m  OK  [0m] Started Virtualbox guest utils.
[[0;32m  OK  [0m] Started OpenBSD Secure Shell server.
[[0;32m  OK  [0m] Started LSB: Record successful boot for GRUB.
[[0;32m  OK  [0m] Started LSB: automatic crash report generation.
[[0;32m  OK  [0m] Started Dispatcher daemon for systemd-networkd.
[[0;32m  OK  [0m] Started LXD - container startup/shutdown.
[[0;32m  OK  [0m] Started Snap Daemon.
         Starting Wait until snapd is fully seeded...
         Starting Time & Date Service...
[[0;32m  OK  [0m] Started Time & Date Service.
[[0;32m  OK  [0m] Started Wait until snapd is fully seeded.
         Starting Apply the settings specified in cloud-config...
[   23.983117] cloud-init[1120]: Cloud-init v. 23.1.2-0ubuntu0~18.04.1 running 'modules:config' at Sat, 25 Oct 2025 17:03:17 +0000. Up 23.89 seconds.
[[0;32m  OK  [0m] Started Apply the settings specified in cloud-config.
[[0;32m  OK  [0m] Reached target Multi-User System.
         Starting Execute cloud user/final scripts...
[[0;32m  OK  [0m] Reached target Graphical Interface.
         Starting Update UTMP about System Runlevel Changes...
[[0;32m  OK  [0m] Started Update UTMP about System Runlevel Changes.
[   24.414802] cloud-init[1162]: Cloud-init v. 23.1.2-0ubuntu0~18.04.1 running 'modules:final' at Sat, 25 Oct 2025 17:03:17 +0000. Up 24.32 seconds.
[   24.421689] cloud-init[1162]: Cloud-init v. 23.1.2-0ubuntu0~18.04.1 finished at Sat, 25 Oct 2025 17:03:17 +0000. Datasource DataSourceNoCloud [seed=/dev/sdb][dsmode=net].  Up 24.40 seconds
[[0;32m  OK  [0m] Started Execute cloud user/final scripts.
[[0;32m  OK  [0m] Reached target Cloud-init target.

Ubuntu 18.04.6 LTS ubuntu-bionic ttyS0

ubuntu-bionic login:          Stopping Authorization Manager...
[[0;32m  OK  [0m] Stopped target Host and Network Name Lookups.
[[0;32m  OK  [0m] Stopped target Cloud-init target.
[[0;32m  OK  [0m] Stopped Execute cloud user/final scripts.
[[0;32m  OK  [0m] Stopped Apply the settings specified in cloud-config.
[[0;32m  OK  [0m] Stopped target Cloud-config availability.
[[0;32m  OK  [0m] Stopped target Timers.
[[0;32m  OK  [0m] Stopped Daily apt upgrade and clean activities.
[[0;32m  OK  [0m] Stopped Ubuntu Advantage Timer for running repeated jobs.
         Stopping Session 5 of user vagrant.
[[0;32m  OK  [0m] Closed Load/Save RF Kill Switch Status /dev/rfkill Watch.
[[0;32m  OK  [0m] Stopped Daily apt download activities.
[[0;32m  OK  [0m] Stopped Discard unused blocks once a week.
[[0;32m  OK  [0m] Stopped M         Stopping Serial Getty on ttyS0...
         Stopping LXD - container startup/shutdown...
         Stopping LSB: Record successful boot for GRUB...
[[0;32m  OK  [0m] Stopped Daily Cleanup of Temporary Directories.
         Stopping Regular background program processing daemon...
         Stopping User Manager for UID 1000...
[[0;32m  OK  [0m] Unmounted /var/lib/lxcfs.
[[0;32m  OK  [0m] Stopped Deferred execution scheduler.
[[0;32m  OK  [0m] Stopped Dispatcher daemon for systemd-networkd.
[[0;32m  OK  [0m] Stopped System Logging Service.
[[0;32m  OK  [0m] Stopped Accounts Service.
[[0;32m  OK  [0m] Stopped irqbalance daemon.
[[0;32m  OK  [0m] Stopped Regular background program processing daemon.
[[0;32m  OK  [0m] Stopped Authorization Manager.
[[0;32m  OK  [0m] Stopped Serial Getty on ttyS0.
[[0;32m  OK  [0m] Stopped Getty on tty1.
[[0;32m  OK  [0m] Stopped OpenBSD Secure Shell server.
[[0;32m  OK  [0m] Stopped User Manager for UID 1000.
[[0;32m  OK  [0m] Stopped D-Bus System Message Bus.
[[0;32m  OK  [0m] Stopped FUSE filesystem for LXC.
[[0;32m  OK  [0m] Stopped Session 5 of user vagrant.
[[0;32m  OK  [0m] Stopped Availability of block devices.
[[0;32m  OK  [0m] Removed slice User Slice of vagrant.
         Stopping Login Service...
[[0;32m  OK  [0m] Removed slice system-getty.slice.
[[0;32m  OK  [0m] Stopped target Login Prompts (Pre).
[[0;32m  OK  [0m] Removed slice system-serial\x2dgetty.slice.
         Stopping Permit User Sessions...
[[0;32m  OK  [0m] Stopped LXD - container startup/shutdown.
[[0;32m  OK  [0m] Stopped LSB: Record successful boot for GRUB.
[[0;32m  OK  [0m] Stopped Permit User Sessions.
[[0;32m  OK  [0m] Stopped Virtualbox guest utils.
[[0;32m  OK  [0m] Stopped LSB: automatic crash report generation.
[[0;32m  OK  [0m] Stopped target Remote File Systems.
         Unmounting /vagrant...
[[0;32m  OK  [0m] Unmounted /vagrant.
[[0;32m  OK  [0m] Stopped target Network is Online.
[[0;32m  OK  [0m] Stopped target Network.
         Stopping Network Name Resolution...
[[0;32m  OK  [0m] Stopped target Remote File Systems (Pre).
[[0;32m  OK  [0m] Stopped Login Service.
[[0;32m  OK  [0m] Stopped target Basic System.
[[0;32m  OK  [0m] Stopped target Sockets.
[[0;32m  OK  [0m] Closed Syslog Socket.
[[0;32m  OK  [0m] Closed UUID daemon activation socket.
[[0;32m  OK  [0m] Closed LXD - unix socket.
[[0;32m  OK  [0m] Closed ACPID Listen Socket.
[[0;32m  OK  [0m] Closed cloud-init hotplug hook socket.
[[0;32m  OK  [0m] Closed Socket activation for snappy daemon.
[[0;32m  OK  [0m] Closed Open-iSCSI iscsid Socket.
[[0;32m  OK  [0m] Stopped target Paths.
[[0;32m  OK  [0m] Stopped ACPI Events Check.
[[0;32m  OK  [0m] Stopped target Slices.
[[0;32m  OK  [0m] Closed D-Bus System Message Bus Socket.
[[0;32m  OK  [0m] Stopped target System Initialization.
[[0;32m  OK  [0m] Stopped target Local Encrypted Volumes.
[[0;32m  OK  [0m] Stopped Forward Password Requests to Wall Directory Watch.
[[0;32m  OK  [0m] Stopped Dispatch Password Requests to Console Directory Watch.
         Stopping Update UTMP about System Boot/Shutdown...
         Stopping Load/Save Random Seed...
[[0;32m  OK  [0m] Stopped Initial cloud-init job (metadata service crawler).
[[0;32m  OK  [0m] Removed slice User and Session Slice.
[[0;32m  OK  [0m] Stopped target User and Group Name Lookups.
[[0;32m  OK  [0m] Stopped Network Name Resolution.
         Stopping Network Service...
[[0;32m  OK  [0m] Stopped Load/Save Random Seed.
[[0;32m  OK  [0m] Stopped Update UTMP about System Boot/Shutdown.
[[0;32m  OK  [0m] Stopped Create Volatile Files and Directories.
[[0;32m  OK  [0m] Stopped target Local File Systems.
         Unmounting /run/user/1000...
[[0;32m  OK  [0m] Stopped target Mounted snaps.
[[0;32m  OK  [0m] Stopped target Mounting snaps.
[[0;32m  OK  [0m] Unmounted /run/user/1000.
[[0;32m  OK  [0m] Reached target Unmount All Filesystems.
[[0;32m  OK  [0m] Stopped target Swap.
[[0;32m  OK  [0m] Stopped target Local File Systems (Pre).
         Stopping Monitoring of LVM2 mirrors…ng dmeventd or progress polling...
[[0;32m  OK  [0m] Stopped Create Static Device Nodes in /dev.
[[0;32m  OK  [0m] Stopped Network Service.
[[0;32m  OK  [0m] Stopped Apply Kernel Variables.
[[0;32m  OK  [0m] Stopped Load Kernel Modules.
[[0;32m  OK  [0m] Stopped target Network (Pre).
[[0;32m  OK  [0m] Stopped Initial cloud-init job (pre-networking).
[[0;32m  OK  [0m] Stopped Remount Root and Kernel File Systems.
[[0;32m  OK  [0m] Reached target Shutdown.
[[0;32m  OK  [0m] Reached target Final Step.
         Starting Power-Off...
[[0;32m  OK  [0m] Stopped Monitoring of LVM2 mirrors,…sing dmeventd or progress polling.
         Stopping LVM2 metadata daemon...
[  128.956138] reboot: Power down
