[    0.000000] Linux version 4.15.0-212-generic (buildd@lcy02-amd64-083) (gcc version 7.5.0 (Ubuntu 7.5.0-3ubuntu1~18.04)) #223-Ubuntu SMP Tue May 23 13:09:22 UTC 2023 (Ubuntu 4.15.0-212.223-generic 4.15.18)
[    0.000000] Command line: BOOT_IMAGE=/boot/vmlinuz-4.15.0-212-generic root=LABEL=cloudimg-rootfs ro console=tty1 console=ttyS0
[    0.000000] KERNEL supported cpus:
[    0.000000]   Intel GenuineIntel
[    0.000000]   AMD AuthenticAMD
[    0.000000]   Centaur CentaurHauls
[    0.000000] x86/fpu: Supporting XSAVE feature 0x001: 'x87 floating point registers'
[    0.000000] x86/fpu: Supporting XSAVE feature 0x002: 'SSE registers'
[    0.000000] x86/fpu: Supporting XSAVE feature 0x004: 'AVX registers'
[    0.000000] x86/fpu: xstate_offset[2]:  576, xstate_sizes[2]:  256
[    0.000000] x86/fpu: Enabled xstate features 0x7, context size is 832 bytes, using 'standard' format.
[    0.000000] e820: BIOS-provided physical RAM map:
[    0.000000] BIOS-e820: [mem 0x0000000000000000-0x000000000009fbff] usable
[    0.000000] BIOS-e820: [mem 0x000000000009fc00-0x000000000009ffff] reserved
[    0.000000] BIOS-e820: [mem 0x00000000000f0000-0x00000000000fffff] reserved
[    0.000000] BIOS-e820: [mem 0x0000000000100000-0x00000000dffeffff] usable
[    0.000000] BIOS-e820: [mem 0x00000000dfff0000-0x00000000dfffffff] ACPI data
[    0.000000] BIOS-e820: [mem 0x00000000fec00000-0x00000000fec00fff] reserved
[    0.000000] BIOS-e820: [mem 0x00000000fee00000-0x00000000fee00fff] reserved
[    0.000000] BIOS-e820: [mem 0x00000000fffc0000-0x00000000ffffffff] reserved
[    0.000000] BIOS-e820: [mem 0x0000000100000000-0x000000011fffffff] usable
[    0.000000] NX (Execute Disable) protection: active
[    0.000000] SMBIOS 2.5 present.
[    0.000000] DMI: innotek GmbH VirtualBox/VirtualBox, BIOS VirtualBox 12/01/2006
[    0.000000] Hypervisor detected: KVM
[    0.000000] e820: last_pfn = 0x120000 max_arch_pfn = 0x400000000
[    0.000000] x86/PAT: Configuration [0-7]: WB  WC  UC- UC  WB  WP  UC- WT  
[    0.000000] CPU MTRRs all blank - virtualized system.
[    0.000000] e820: last_pfn = 0xdfff0 max_arch_pfn = 0x400000000
[    0.000000] found SMP MP-table at [mem 0x0009fbf0-0x0009fbff]
[    0.000000] Scanning 1 areas for low memory corruption
[    0.000000] RAMDISK: [mem 0x359cb000-0x36cdcfff]
[    0.000000] ACPI: Early table checksum verification disabled
[    0.000000] ACPI: RSDP 0x00000000000E0000 000024 (v02 VBOX  )
[    0.000000] ACPI: XSDT 0x00000000DFFF0030 00003C (v01 VBOX   VBOXXSDT 00000001 ASL  00000061)
[    0.000000] ACPI: FACP 0x00000000DFFF00F0 0000F4 (v04 VBOX   VBOXFACP 00000001 ASL  00000061)
[    0.000000] ACPI: DSDT 0x00000000DFFF0310 002353 (v02 VBOX   VBOXBIOS 00000002 VBOX 00029BF3)
[    0.000000] ACPI: FACS 0x00000000DFFF0200 000040
[    0.000000] ACPI: FACS 0x00000000DFFF0200 000040
[    0.000000] ACPI: APIC 0x00000000DFFF0240 00006C (v02 VBOX   VBOXAPIC 00000001 ASL  00000061)
[    0.000000] ACPI: SSDT 0x00000000DFFF02B0 00005F (v01 VBOX   VBOXCPUT 00000002 VBOX 00029BF3)
[    0.000000] ACPI: Reserving FACP table memory at [mem 0xdfff00f0-0xdfff01e3]
[    0.000000] ACPI: Reserving DSDT table memory at [mem 0xdfff0310-0xdfff2662]
[    0.000000] ACPI: Reserving FACS table memory at [mem 0xdfff0200-0xdfff023f]
[    0.000000] ACPI: Reserving FACS table memory at [mem 0xdfff0200-0xdfff023f]
[    0.000000] ACPI: Reserving APIC table memory at [mem 0xdfff0240-0xdfff02ab]
[    0.000000] ACPI: Reserving SSDT table memory at [mem 0xdfff02b0-0xdfff030e]
[    0.000000] No NUMA configuration found
[    0.000000] Faking a node at [mem 0x0000000000000000-0x000000011fffffff]
[    0.000000] NODE_DATA(0) allocated [mem 0x11ffd1000-0x11fffbfff]
[    0.000000] kvm-clock: cpu 0, msr 1:1ff50001, primary cpu clock
[    0.000000] kvm-clock: Using msrs 4b564d01 and 4b564d00
[    0.000000] kvm-clock: using sched offset of 3852862660 cycles
[    0.000000] clocksource: kvm-clock: mask: 0xffffffffffffffff max_cycles: 0x1cd42e4dffb, max_idle_ns: 881590591483 ns
[    0.000000] Zone ranges:
[    0.000000]   DMA      [mem 0x0000000000001000-0x0000000000ffffff]
[    0.000000]   DMA32    [mem 0x0000000001000000-0x00000000ffffffff]
[    0.000000]   Normal   [mem 0x0000000100000000-0x000000011fffffff]
[    0.000000]   Device   empty
[    0.000000] Movable zone start for each node
[    0.000000] Early memory node ranges
[    0.000000]   node   0: [mem 0x0000000000001000-0x000000000009efff]
[    0.000000]   node   0: [mem 0x0000000000100000-0x00000000dffeffff]
[    0.000000]   node   0: [mem 0x0000000100000000-0x000000011fffffff]
[    0.000000] Reserved but unavailable: 104 pages
[    0.000000] Initmem setup node 0 [mem 0x0000000000001000-0x000000011fffffff]
[    0.000000] ACPI: PM-Timer IO Port: 0x4008
[    0.000000] IOAPIC[0]: apic_id 4, version 32, address 0xfec00000, GSI 0-23
[    0.000000] ACPI: INT_SRC_OVR (bus 0 bus_irq 0 global_irq 2 dfl dfl)
[    0.000000] ACPI: INT_SRC_OVR (bus 0 bus_irq 9 global_irq 9 low level)
[    0.000000] Using ACPI (MADT) for SMP configuration information
[    0.000000] smpboot: Allowing 4 CPUs, 0 hotplug CPUs
[    0.000000] PM: Registered nosave memory: [mem 0x00000000-0x00000fff]
[    0.000000] PM: Registered nosave memory: [mem 0x0009f000-0x0009ffff]
[    0.000000] PM: Registered nosave memory: [mem 0x000a0000-0x000effff]
[    0.000000] PM: Registered nosave memory: [mem 0x000f0000-0x000fffff]
[    0.000000] PM: Registered nosave memory: [mem 0xdfff0000-0xdfffffff]
[    0.000000] PM: Registered nosave memory: [mem 0xe0000000-0xfebfffff]
[    0.000000] PM: Registered nosave memory: [mem 0xfec00000-0xfec00fff]
[    0.000000] PM: Registered nosave memory: [mem 0xfec01000-0xfedfffff]
[    0.000000] PM: Registered nosave memory: [mem 0xfee00000-0xfee00fff]
[    0.000000] PM: Registered nosave memory: [mem 0xfee01000-0xfffbffff]
[    0.000000] PM: Registered nosave memory: [mem 0xfffc0000-0xffffffff]
[    0.000000] e820: [mem 0xe0000000-0xfebfffff] available for PCI devices
[    0.000000] Booting paravirtualized kernel on KVM
[    0.000000] clocksource: refined-jiffies: mask: 0xffffffff max_cycles: 0xffffffff, max_idle_ns: 7645519600211568 ns
[    0.000000] setup_percpu: NR_CPUS:8192 nr_cpumask_bits:4 nr_cpu_ids:4 nr_node_ids:1
[    0.000000] percpu: Embedded 50 pages/cpu s167936 r8192 d28672 u524288
[    0.000000] PV qspinlock hash table entries: 256 (order: 0, 4096 bytes)
[    0.000000] Built 1 zonelists, mobility grouping on.  Total pages: 1032057
[    0.000000] Policy zone: Normal
[    0.000000] Kernel command line: BOOT_IMAGE=/boot/vmlinuz-4.15.0-212-generic root=LABEL=cloudimg-rootfs ro console=tty1 console=ttyS0
[    0.000000] Memory: 4012852K/4193848K available (12300K kernel code, 2477K rwdata, 4324K rodata, 2480K init, 2720K bss, 180996K reserved, 0K cma-reserved)
[    0.000000] SLUB: HWalign=64, Order=0-3, MinObjects=0, CPUs=4, Nodes=1
[    0.000000] Kernel/User page tables isolation: enabled
[    0.000000] ftrace: allocating 39508 entries in 155 pages
[    0.004000] Hierarchical RCU implementation.
[    0.004000] 	RCU restricting CPUs from NR_CPUS=8192 to nr_cpu_ids=4.
[    0.004000] 	Tasks RCU enabled.
[    0.004000] RCU: Adjusting geometry for rcu_fanout_leaf=16, nr_cpu_ids=4
[    0.004000] NR_IRQS: 524544, nr_irqs: 456, preallocated irqs: 16
[    0.004000] random: crng init done
[    0.004000] Console: colour VGA+ 80x25
[    0.004000] console [tty1] enabled
[    0.004000] console [ttyS0] enabled
[    0.004000] ACPI: Core revision 20170831
[    0.004000] ACPI: 2 ACPI AML tables successfully acquired and loaded
[    0.004000] APIC: Switch to symmetric I/O mode setup
[    0.008000] ..TIMER: vector=0x30 apic1=0 pin1=2 apic2=-1 pin2=-1
[    0.008004] tsc: Detected 3695.998 MHz processor
[    0.012009] Calibrating delay loop (skipped) preset value.. 7391.99 BogoMIPS (lpj=14783992)
[    0.016005] pid_max: default: 32768 minimum: 301
[    0.020080] Security Framework initialized
[    0.024002] Yama: becoming mindful.
[    0.028196] AppArmor: AppArmor initialized
[    0.052908] Dentry cache hash table entries: 524288 (order: 10, 4194304 bytes)
[    0.068096] Inode-cache hash table entries: 262144 (order: 9, 2097152 bytes)
[    0.072318] Mount-cache hash table entries: 8192 (order: 4, 65536 bytes)
[    0.076311] Mountpoint-cache hash table entries: 8192 (order: 4, 65536 bytes)
[    0.085685] Last level iTLB entries: 4KB 64, 2MB 8, 4MB 8
[    0.088005] Last level dTLB entries: 4KB 64, 2MB 0, 4MB 0, 1GB 4
[    0.092005] Spectre V1 : Mitigation: usercopy/swapgs barriers and __user pointer sanitization
[    0.096005] Spectre V2 : Mitigation: Retpolines
[    0.100004] Spectre V2 : Spectre v2 / SpectreRSB mitigation: Filling RSB on context switch
[    0.108003] Spectre V2 : Spectre v2 / SpectreRSB : Filling RSB on VMEXIT
[    0.112003] RETBleed: WARNING: Spectre v2 mitigation leaves CPU vulnerable to RETBleed attacks, data leaks possible!
[    0.116004] RETBleed: Vulnerable
[    0.120003] Speculative Store Bypass: Vulnerable
[    0.124075] MDS: Mitigation: Clear CPU buffers
[    0.128003] MMIO Stale Data: Mitigation: Clear CPU buffers
[    0.132005] SRBDS: Unknown: Dependent on hypervisor status
[    0.136155] Freeing SMP alternatives memory: 36K
[    0.256587] APIC calibration not consistent with PM-Timer: 101ms instead of 100ms
[    0.260000] APIC delta adjusted to PM-Timer: 6237900 (6300653)
[    0.260398] smpboot: CPU0: Intel(R) Core(TM) i7-8700K CPU @ 3.70GHz (family: 0x6, model: 0x9e, stepping: 0xa)
[    0.264561] Performance Events: unsupported p6 CPU model 158 no PMU driver, software events only.
[    0.268137] Hierarchical SRCU implementation.
[    0.272743] NMI watchdog: Perf event create on CPU 0 failed with -2
[    0.276002] NMI watchdog: Perf NMI watchdog permanently disabled
[    0.280572] smp: Bringing up secondary CPUs ...
[    0.288253] x86: Booting SMP configuration:
[    0.292002] .... node  #0, CPUs:      #1
[    0.004000] kvm-clock: cpu 1, msr 1:1ff50041, secondary cpu clock
[    0.302730]  #2
[    0.004000] kvm-clock: cpu 2, msr 1:1ff50081, secondary cpu clock
[    0.313166]  #3
[    0.004000] kvm-clock: cpu 3, msr 1:1ff500c1, secondary cpu clock
[    0.324103] smp: Brought up 1 node, 4 CPUs
[    0.328003] smpboot: Max logical packages: 1
[    0.331954] smpboot: Total of 4 processors activated (29567.98 BogoMIPS)
[    0.336702] devtmpfs: initialized
[    0.339481] x86/mm: Memory block size: 128MB
[    0.341071] evm: security.selinux
[    0.344002] evm: security.SMACK64
[    0.347659] evm: security.SMACK64EXEC
[    0.348004] evm: security.SMACK64TRANSMUTE
[    0.352002] evm: security.SMACK64MMAP
[    0.355680] evm: security.apparmor
[    0.356002] evm: security.ima
[    0.358927] evm: security.capability
[    0.360447] clocksource: jiffies: mask: 0xffffffff max_cycles: 0xffffffff, max_idle_ns: 7645041785100000 ns
[    0.364008] futex hash table entries: 1024 (order: 4, 65536 bytes)
[    0.368341] pinctrl core: initialized pinctrl subsystem
[    0.372521] RTC time: 18:03:44, date: 10/25/25
[    0.377376] NET: Registered protocol family 16
[    0.380132] audit: initializing netlink subsys (disabled)
[    0.384230] audit: type=2000 audit(1761415429.972:1): state=initialized audit_enabled=0 res=1
[    0.392005] cpuidle: using governor ladder
[    0.396000] cpuidle: using governor menu
[    0.396054] ACPI: bus type PCI registered
[    0.400002] acpiphp: ACPI Hot Plug PCI Controller Driver version: 0.5
[    0.404658] PCI: Using configuration type 1 for base access
[    0.413821] HugeTLB registered 2.00 MiB page size, pre-allocated 0 pages
[    0.420018] ACPI: Added _OSI(Module Device)
[    0.424000] ACPI: Added _OSI(Processor Device)
[    0.424002] ACPI: Added _OSI(3.0 _SCP Extensions)
[    0.428002] ACPI: Added _OSI(Processor Aggregator Device)
[    0.432002] ACPI: Added _OSI(Linux-Dell-Video)
[    0.436004] ACPI: Added _OSI(Linux-Lenovo-NV-HDMI-Audio)
[    0.440005] ACPI: Added _OSI(Linux-HPI-Hybrid-Graphics)
[    0.444618] ACPI: Executed 1 blocks of module-level executable AML code
[    0.452000] ACPI: Interpreter enabled
[    0.452012] ACPI: (supports S0 S5)
[    0.455206] ACPI: Using IOAPIC for interrupt routing
[    0.460003] PCI: Using host bridge windows from ACPI; if necessary, use "pci=nocrs" and report a bug
[    0.464238] ACPI: Enabled 2 GPEs in block 00 to 07
[    0.478431] ACPI: PCI Root Bridge [PCI0] (domain 0000 [bus 00-ff])
[    0.480012] acpi PNP0A03:00: _OSC: OS supports [ASPM ClockPM Segments MSI]
[    0.488842] acpi PNP0A03:00: _OSC: not requesting OS control; OS requires [ExtendedConfig ASPM ClockPM MSI]
[    0.492010] acpi PNP0A03:00: fail to add MMCONFIG information, can't access extended PCI configuration space under this bridge.
[    0.496771] PCI host bridge to bus 0000:00
[    0.500004] pci_bus 0000:00: root bus resource [io  0x0000-0x0cf7 window]
[    0.504003] pci_bus 0000:00: root bus resource [io  0x0d00-0xffff window]
[    0.508003] pci_bus 0000:00: root bus resource [mem 0x000a0000-0x000bffff window]
[    0.512003] pci_bus 0000:00: root bus resource [mem 0xe0000000-0xfdffffff window]
[    0.516003] pci_bus 0000:00: root bus resource [bus 00-ff]
[    0.527687] pci 0000:00:01.1: legacy IDE quirk: reg 0x10: [io  0x01f0-0x01f7]
[    0.528003] pci 0000:00:01.1: legacy IDE quirk: reg 0x14: [io  0x03f6]
[    0.532008] pci 0000:00:01.1: legacy IDE quirk: reg 0x18: [io  0x0170-0x0177]
[    0.536002] pci 0000:00:01.1: legacy IDE quirk: reg 0x1c: [io  0x0376]
[    0.561725] pci 0000:00:07.0: quirk: [io  0x4000-0x403f] claimed by PIIX4 ACPI
[    0.564038] pci 0000:00:07.0: quirk: [io  0x4100-0x410f] claimed by PIIX4 SMB
[    0.581276] ACPI: PCI Interrupt Link [LNKA] (IRQs 5 9 10 *11)
[    0.584557] ACPI: PCI Interrupt Link [LNKB] (IRQs 5 9 *10 11)
[    0.588207] ACPI: PCI Interrupt Link [LNKC] (IRQs 5 *9 10 11)
[    0.592206] ACPI: PCI Interrupt Link [LNKD] (IRQs 5 9 10 *11)
[    0.596823] SCSI subsystem initialized
[    0.604589] pci 0000:00:02.0: vgaarb: setting as boot VGA device
[    0.608000] pci 0000:00:02.0: vgaarb: VGA device added: decodes=io+mem,owns=io+mem,locks=none
[    0.608005] pci 0000:00:02.0: vgaarb: bridge control possible
[    0.612003] vgaarb: loaded
[    0.616051] ACPI: bus type USB registered
[    0.620015] usbcore: registered new interface driver usbfs
[    0.628015] usbcore: registered new interface driver hub
[    0.632009] usbcore: registered new device driver usb
[    0.636373] EDAC MC: Ver: 3.0.0
[    0.644373] PCI: Using ACPI for IRQ routing
[    0.648873] NetLabel: Initializing
[    0.652002] NetLabel:  domain hash size = 128
[    0.656002] NetLabel:  protocols = UNLABELED CIPSOv4 CALIPSO
[    0.664251] NetLabel:  unlabeled traffic allowed by default
[    0.668462] clocksource: Switched to clocksource kvm-clock
[    0.677324] VFS: Disk quotas dquot_6.6.0
[    0.677324] VFS: Dquot-cache hash table entries: 512 (order 0, 4096 bytes)
[    0.677324] AppArmor: AppArmor Filesystem Enabled
[    0.677324] pnp: PnP ACPI init
[    0.737845] pnp: PnP ACPI: found 3 devices
[    0.783805] clocksource: acpi_pm: mask: 0xffffff max_cycles: 0xffffff, max_idle_ns: 2085701024 ns
[    0.784633] NET: Registered protocol family 2
[    0.784633] IP idents hash table entries: 65536 (order: 7, 524288 bytes)
[    0.784633] TCP established hash table entries: 32768 (order: 6, 262144 bytes)
[    0.813261] TCP bind hash table entries: 32768 (order: 7, 524288 bytes)
[    0.822115] TCP: Hash tables configured (established 32768 bind 32768)
[    0.823857] UDP hash table entries: 2048 (order: 4, 65536 bytes)
[    0.823857] UDP-Lite hash table entries: 2048 (order: 4, 65536 bytes)
[    0.823857] NET: Registered protocol family 1
[    0.823857] pci 0000:00:00.0: Limiting direct PCI/PCI transfers
[    0.823857] pci 0000:00:01.0: Activating ISA DMA hang workarounds
[    0.823857] pci 0000:00:02.0: Video device with shadowed ROM at [mem 0x000c0000-0x000dffff]
[    0.823857] Unpacking initramfs...
[    1.329050] Freeing initrd memory: 19528K
[    1.333571] PCI-DMA: Using software bounce buffering for IO (SWIOTLB)
[    1.337523] software IO TLB: mapped [mem 0xdbff0000-0xdfff0000] (64MB)
[    1.337523] clocksource: tsc: mask: 0xffffffffffffffff max_cycles: 0x6a8d2284b57, max_idle_ns: 881590451434 ns
[    1.337523] platform rtc_cmos: registered platform RTC device (no PNP device found)
[    1.337523] Scanning for low memory corruption every 60 seconds
[    1.368920] Initialise system trusted keyrings
[    1.373434] Key type blacklist registered
[    1.378257] workingset: timestamp_bits=36 max_order=20 bucket_order=0
[    1.386885] zbud: loaded
[    1.391348] squashfs: version 4.0 (2009/01/31) Phillip Lougher
[    1.398204] fuse init (API version 7.26)
[    1.440462] Key type asymmetric registered
[    1.444458] Asymmetric key parser 'x509' registered
[    1.444458] Block layer SCSI generic (bsg) driver version 0.4 loaded (major 246)
[    1.456531] io scheduler noop registered
[    1.460427] io scheduler deadline registered
[    1.460427] io scheduler cfq registered (default)
[    1.472592] ACPI: AC Adapter [AC] (on-line)
[    1.476291] input: Power Button as /devices/LNXSYSTM:00/LNXPWRBN:00/input/input0
[    1.483942] ACPI: Power Button [PWRF]
[    1.487880] input: Sleep Button as /devices/LNXSYSTM:00/LNXSLPBN:00/input/input1
[    1.495066] ACPI: Sleep Button [SLPF]
[    1.503577] Serial: 8250/16550 driver, 32 ports, IRQ sharing enabled
[    1.536969] 00:02: ttyS0 at I/O 0x3f8 (irq = 4, base_baud = 115200) is a 16550A
[    1.560343] Linux agpgart interface v0.103
[    1.575945] loop: module loaded
[    1.582395] scsi host0: ata_piix
[    1.586759] scsi host1: ata_piix
[    1.590332] ata1: PATA max UDMA/33 cmd 0x1f0 ctl 0x3f6 bmdma 0xd000 irq 14
[    1.594255] ata2: PATA max UDMA/33 cmd 0x170 ctl 0x376 bmdma 0xd008 irq 15
[    1.594255] tun: Universal TUN/TAP device driver, 1.6
[    1.608199] PPP generic driver version 2.4.2
[    1.612704] ehci_hcd: USB 2.0 'Enhanced' Host Controller (EHCI) Driver
[    1.616611] ehci-pci: EHCI PCI platform driver
[    1.616611] ehci-platform: EHCI generic platform driver
[    1.616611] ohci_hcd: USB 1.1 'Open' Host Controller (OHCI) Driver
[    1.616611] ohci-pci: OHCI PCI platform driver
[    1.616611] ohci-platform: OHCI generic platform driver
[    1.616611] uhci_hcd: USB Universal Host Controller Interface driver
[    1.616611] i8042: PNP: PS/2 Controller [PNP0303:PS2K,PNP0f03:PS2M] at 0x60,0x64 irq 1,12
[    1.616611] serio: i8042 KBD port at 0x60,0x64 irq 1
[    1.616611] serio: i8042 AUX port at 0x60,0x64 irq 12
[    1.667958] mousedev: PS/2 mouse device common for all mice
[    1.678736] rtc_cmos rtc_cmos: rtc core: registered rtc_cmos as rtc0
[    1.684991] input: AT Translated Set 2 keyboard as /devices/platform/i8042/serio0/input/input2
[    1.693823] rtc_cmos rtc_cmos: alarms up to one day, 114 bytes nvram
[    1.699729] i2c /dev entries driver
[    1.703328] device-mapper: uevent: version 1.0.3
[    1.708382] device-mapper: ioctl: 4.37.0-ioctl (2017-09-20) initialised: dm-devel@redhat.com
[    1.717253] ledtrig-cpu: registered to indicate activity on CPUs
[    1.726220] NET: Registered protocol family 10
[    1.743250] Segment Routing with IPv6
[    1.747109] NET: Registered protocol family 17
[    1.751733] Key type dns_resolver registered
[    1.757954] mce: Using 0 MCE banks
[    1.761724] RAS: Correctable Errors collector initialized.
[    1.767351] sched_clock: Marking stable (1767298382, 0)->(3189146583, -1421848201)
[    1.821385] registered taskstats version 1
[    1.825703] Loading compiled-in X.509 certificates
[    1.835525] Loaded X.509 cert 'Build time autogenerated kernel key: b5b26778eaa3ab3a4a6cee031137706e947d12ad'
[    1.844718] Loaded X.509 cert 'Canonical Ltd. Live Patch Signing: 14df34d1a87cf37625abec039ef2bf521249b969'
[    1.853833] Loaded X.509 cert 'Canonical Ltd. Kernel Module Signing: 88f752e560a1e0737e31163a466ad7b70a850c19'
[    1.862761] blacklist: Loading compiled-in revocation X.509 certificates
[    1.869159] Loaded X.509 cert 'Canonical Ltd. Secure Boot Signing: 61482aa2830d0ab2ad5af10b7250da9033ddcef0'
[    1.878038] Loaded X.509 cert 'Canonical Ltd. Secure Boot Signing (2017): 242ade75ac4a15e50d50c84b0d45ff3eae707a03'
[    1.887606] Loaded X.509 cert 'Canonical Ltd. Secure Boot Signing (ESM 2018): 365188c1d374d6b07c3c8f240f8ef722433d6a8b'
[    1.897426] Loaded X.509 cert 'Canonical Ltd. Secure Boot Signing (2019): c0746fd6c5da3ae827864651ad66ae47fe24b3e8'
[    1.906877] Loaded X.509 cert 'Canonical Ltd. Secure Boot Signing (2021 v1): a8d54bbb3825cfb94fa13c9f8a594a195c107b8d'
[    1.916278] Loaded X.509 cert 'Canonical Ltd. Secure Boot Signing (2021 v2): 4cf046892d6fd3c9a5b03f98d845f90851dc6a8c'
[    1.925736] Loaded X.509 cert 'Canonical Ltd. Secure Boot Signing (2021 v3): 100437bb6de6e469b581e61cd66bce3ef4ed53af'
[    1.934977] Loaded X.509 cert 'Canonical Ltd. Secure Boot Signing (Ubuntu Core 2019): c1d57b8f6b743f23ee41f4f7ee292f06eecadfb9'
[    1.945322] zswap: loaded using pool lzo/zbud
[    1.959166] Key type big_key registered
[    1.963408] Key type trusted registered
[    1.970635] Key type encrypted registered
[    1.974712] AppArmor: AppArmor sha1 policy hashing enabled
[    1.980152] ima: No TPM chip found, activating TPM-bypass! (rc=-19)
[    1.986740] ima: Allocated hash algorithm: sha1
[    1.992256] evm: HMAC attrs: 0x1
[    1.996849]   Magic number: 13:327:90
[    2.000536]  edac: hash matches
[    2.004700] rtc_cmos rtc_cmos: setting system clock to 2025-10-25 18:03:46 UTC (1761415426)
[    2.012684] BIOS EDD facility v0.16 2004-Jun-25, 0 devices found
[    2.018147] EDD information not available.
[    2.026256] Freeing unused kernel image memory: 2480K
[    2.056936] Write protecting the kernel read-only data: 20480k
[    2.063489] Freeing unused kernel image memory: 2008K
[    2.068646] Freeing unused kernel image memory: 1820K
[    2.078362] x86/mm: Checked W+X mappings: passed, no W+X pages found.
[    2.084009] x86/mm: Checking user space page tables
[    2.093022] x86/mm: Checked W+X mappings: passed, no W+X pages found.
Loading, please wait...
starting version 237
[    2.202836] e1000: Intel(R) PRO/1000 Network Driver - version 7.3.21-k8-NAPI
[    2.210906] e1000: Copyright (c) 1999-2006 Intel Corporation.
[    2.218722] Fusion MPT base driver 3.04.20
[    2.223472] Copyright (c) 1999-2008 LSI Corporation
[    2.252951] Fusion MPT SPI Host driver 3.04.20
[    2.261163] AVX2 version of gcm_enc/dec engaged.
[    2.266124] AES CTR mode by8 optimization enabled
[    2.488436] input: ImExPS/2 Generic Explorer Mouse as /devices/platform/i8042/serio1/input/input4
[    2.886262] e1000 0000:00:03.0 eth0: (PCI:33MHz:32-bit) 02:3b:7b:b7:3b:2d
[    2.892351] e1000 0000:00:03.0 eth0: Intel(R) PRO/1000 Network Connection
[    3.617833] e1000 0000:00:08.0 eth1: (PCI:33MHz:32-bit) 08:00:27:ff:58:67
[    3.624080] e1000 0000:00:08.0 eth1: Intel(R) PRO/1000 Network Connection
[    3.634029] e1000 0000:00:03.0 enp0s3: renamed from eth0
[    3.638924] mptbase: ioc0: Initiating bringup
[    3.668839] e1000 0000:00:08.0 enp0s8: renamed from eth1
[    3.851459] ioc0: LSI53C1030 A0: Capabilities={Initiator}
[    4.377913] scsi host2: ioc0: LSI53C1030 A0, FwRev=00000000h, Ports=1, MaxQ=256, IRQ=20
[    4.805627] scsi 2:0:0:0: Direct-Access     VBOX     HARDDISK         1.0  PQ: 0 ANSI: 5
[    4.860383] scsi target2:0:0: Beginning Domain Validation
[    4.874761] scsi target2:0:0: Domain Validation skipping write tests
[    4.880959] scsi target2:0:0: Ending Domain Validation
[    4.885984] scsi target2:0:0: asynchronous
[    4.893194] scsi 2:0:1:0: Direct-Access     VBOX     HARDDISK         1.0  PQ: 0 ANSI: 5
[    5.858535] scsi target2:0:1: Beginning Domain Validation
[    5.873021] scsi target2:0:1: Domain Validation skipping write tests
[    5.878755] scsi target2:0:1: Ending Domain Validation
[    5.883983] scsi target2:0:1: asynchronous
[    5.902998] sd 2:0:0:0: Attached scsi generic sg0 type 0
[    5.909034] sd 2:0:0:0: [sda] 83886080 512-byte logical blocks: (42.9 GB/40.0 GiB)
[    5.910394] sd 2:0:1:0: Attached scsi generic sg1 type 0
[    5.916987] sd 2:0:0:0: [sda] Write Protect is off
[    5.920104] sd 2:0:1:0: [sdb] 20480 512-byte logical blocks: (10.5 MB/10.0 MiB)
[    5.920377] sd 2:0:1:0: [sdb] Write Protect is off
[    5.920860] sd 2:0:1:0: [sdb] Write cache: enabled, read cache: enabled, supports DPO and FUA
[    5.929062] sd 2:0:1:0: [sdb] Attached SCSI disk
[    5.952119] sd 2:0:0:0: [sda] Write cache: enabled, read cache: enabled, supports DPO and FUA
[    5.965441]  sda: sda1
[    5.971650] sd 2:0:0:0: [sda] Attached SCSI disk
Begin: Loading essential drivers ... [    7.841735] raid6: sse2x1   gen() 14663 MB/s
[    7.892173] raid6: sse2x1   xor()  9984 MB/s
[    7.940503] raid6: sse2x2   gen() 18370 MB/s
[    7.992130] raid6: sse2x2   xor() 12001 MB/s
[    8.045783] raid6: sse2x4   gen() 20974 MB/s
[    8.097126] raid6: sse2x4   xor() 12384 MB/s
[    8.151637] raid6: avx2x1   gen() 30728 MB/s
[    8.200336] raid6: avx2x1   xor() 20658 MB/s
[    8.249678] raid6: avx2x2   gen() 35153 MB/s
[    8.301497] raid6: avx2x2   xor() 23047 MB/s
[    8.352659] raid6: avx2x4   gen() 41095 MB/s
[    8.400349] raid6: avx2x4   xor() 23443 MB/s
[    8.404444] raid6: using algorithm avx2x4 gen() 41095 MB/s
[    8.409484] raid6: .... xor() 23443 MB/s, rmw enabled
[    8.414619] raid6: using avx2x2 recovery algorithm
[    8.421714] xor: automatically using best checksumming function   avx       
[    8.430967] async_tx: api initialized (async)
done.
Begin: Running /scripts/init-premount ... done.
Begin: Mounting root file system ... Begin: Running /scripts/local-top ... done.
Begin: Running /scripts/local-premount ... [    8.497295] Btrfs loaded, crc32c=crc32c-intel
Scanning for Btrfs filesystems
done.
Warning: fsck not present, so skipping root file system
[    8.547788] EXT4-fs (sda1): mounted filesystem with ordered data mode. Opts: (null)
done.
Begin: Running /scripts/local-bottom ... done.
Begin: Running /scripts/init-bottom ... done.
[    8.782994] ip_tables: (C) 2000-2006 Netfilter Core Team
[    8.801614] systemd[1]: systemd 237 running in system mode. (+PAM +AUDIT +SELINUX +IMA +APPARMOR +SMACK +SYSVINIT +UTMP +LIBCRYPTSETUP +GCRYPT +GNUTLS +ACL +XZ +LZ4 +SECCOMP +BLKID +ELFUTILS +KMOD -IDN2 +IDN -PCRE2 default-hierarchy=hybrid)
[    8.819469] systemd[1]: Detected virtualization oracle.
[    8.824704] systemd[1]: Detected architecture x86-64.

Welcome to [1mUbuntu 18.04.6 LTS[0m!

[    8.866109] systemd[1]: Set hostname to <ubuntu>.
[    8.875035] systemd[1]: Initializing machine ID from random generator.
[    8.880997] systemd[1]: Installed transient /etc/machine-id file.
[    9.207728] systemd[1]: Created slice User and Session Slice.
[[0;32m  OK  [0m] Created slice User and Session Slice.
[    9.217291] systemd[1]: Reached target Swap.
[[0;32m  OK  [0m] Reached target Swap.
[    9.224919] systemd[1]: Created slice System Slice.
[[0;32m  OK  [0m] Created slice System Slice.
[    9.232802] systemd[1]: Listening on Device-mapper event daemon FIFOs.
[[0;32m  OK  [0m] Listening on Device-mapper event daemon FIFOs.
[[0;32m  OK  [0m] Listening on Journal Socket.
[[0;32m  OK  [0m] Listening on Journal Socket (/dev/log).
         Mounting Huge Pages File System...
[[0;32m  OK  [0m] Listening on Syslog Socket.
         Mounting Kernel Debug File System...
         Starting Uncomplicated firewall...
[[0;32m  OK  [0m] Listening on udev Control Socket.
         Starting Create list of required st…ce nodes for the current kernel...
[[0;32m  OK  [0m] Listening on Network Service Netlink Socket.
         Mounting POSIX Message Queue File System...
[[0;32m  OK  [0m] Listening on Journal Audit Socket.
[[0;32m  OK  [0m] Listening on /dev/initctl Compatibility Named Pipe.
         Starting Set the console keyboard layout...
[[0;32m  OK  [0m] Listening on LVM2 metadata daemon socket.
         Starting Monitoring of LVM2 mirrors…ng dmeventd or progress polling...
[[0;32m  OK  [0m] Created slice system-serial\x2dgetty.slice.
[[0;32m  OK  [0m] Listening on LVM2 poll daemon socket.
         Starting Load Kernel Modules...
[[0;32m  OK  [0m] Listening on udev Kernel Socket.
[[0;32m  OK  [0m] Reached target System Time Synchronized.
[[0;32m  OK  [0m] Reached target User and Group Name Lookups.
[[0;32m  OK  [0m] Set up automount Arbitrary Executab…rmats File System Automount Point.
[    9.357458] Loading iSCSI transport class v2.0-870.
[[0;32m  OK  [0m] Listening on fsck to fsckd communication Socket.
         Starting File System Check on Root Device...
[[0;32m  OK  [0m] Reached target Mounting snaps.
[[0;32m  OK  [0m] Reached target Mounted snaps.
         Starting udev Coldplug all Devices...
         Starting Journal Service...
[[0;32m  OK  [0m] Reached target Slices.[    9.407948] iscsi: registered transport (tcp)

[[0;32m  OK  [0m] Started Forward Password Requests to Wall Directory Watch.
[[0;32m  OK  [0m] Mounted Huge Pages File System.
[[0;32m  OK  [0m] Mounted Kernel Debug File System.
[[0;32m  OK  [0m] Started Uncomplicated firewall.
[[0;32m  OK  [0m] Started Create list of required sta…vice nodes for the current kernel.
[[0;32m  OK  [0m] Mounted POSIX Message Queue File System.
[[0;32m  OK  [0m] Started File System Check Daemon to report status.
[[0;32m  OK  [0m] Started LVM2 metadata daemon.
         Starting Create Static Device Nodes in /dev...
[[0;32m  OK  [0m] Started Journal Service.
[    9.494430] iscsi: registered transport (iser)
[[0;32m  OK  [0m] Started Load Kernel Modules.
[[0;32m  OK  [0m] Started udev Coldplug all Devices.
         Starting Apply Kernel Variables...
         Mounting Kernel Configuration File System...
         Mounting FUSE Control File System...
[[0;32m  OK  [0m] Mounted Kernel Configuration File System.
[[0;32m  OK  [0m] Mounted FUSE Control File System.
[[0;32m  OK  [0m] Started Create Static Device Nodes in /dev.
[[0;32m  OK  [0m] Started File System Check on Root Device.
         Starting Remount Root and Kernel File Systems...
[[0;32m  OK  [0m] Started Monitoring of LVM2 mirrors,…sing dmeventd or progress polling.
[[0;32m  OK  [0m] Started Apply Kernel Variables.
[[0;32m  OK  [0m] Started Remount Root and Kernel File Systems.
         Starting Flush Journal to Persistent Storage...
         Starting Load/Save Random Seed...
         Starting udev Kernel Device Manager...
[[0;32m  OK  [0m] Started Load/Save Random Seed.
[[0;32m  OK  [0m] Started udev Kernel Device Manager.
[[0;32m  OK  [0m] Started Flush Journal to Persistent Storage.
[[0;32m  OK  [0m] Found device /dev/ttyS0.
[[0;32m  OK  [0m] Listening on Load/Save RF Kill Switch Status /dev/rfkill Watch.
         Mounting Arbitrary Executable File Formats File System...
[[0;32m  OK  [0m] Mounted Arbitrary Executable File Formats File System.
[[0;32m  OK  [0m] Started Set the console keyboard layout.
[[0;32m  OK  [0m] Reached target Local File Systems (Pre).
[[0;32m  OK  [0m] Reached target Local File Systems.
         Starting Commit a transient machine-id on disk...
         Starting ebtables ruleset management...
         Starting Set console font and keymap...
         Starting Create Volatile Files and Directories...
         Starting AppArmor initialization...
         Starting Tell Plymouth To Write Out Runtime Data...
[[0;32m  OK  [0m] Started Dispatch Password Requests to Console Directory Watch.
[[0;32m  OK  [0m] Reached target Local Encrypted Volumes.
[[0;32m  OK  [0m] Started Create Volatile Files and Directories.
         Starting Update UTMP about System Boot/Shutdown...
[[0;32m  OK  [0m] Started Tell Plymouth To Write Out Runtime Data.
[[0;32m  OK  [0m] Started Update UTMP about System Boot/Shutdown.
[[0;32m  OK  [0m] Started Commit a transient machine-id on disk.
[[0;32m  OK  [0m] Started ebtables ruleset management.
[[0;32m  OK  [0m] Started AppArmor initialization.
         Starting Initial cloud-init job (pre-networking)...
         Starting Load AppArmor profiles managed internally by snapd...
[[0;32m  OK  [0m] Started Load AppArmor profiles managed internally by snapd.
[[0;32m  OK  [0m] Started Set console font and keymap.
[   12.880212] cloud-init[787]: Cloud-init v. 23.1.2-0ubuntu0~18.04.1 running 'init-local' at Sat, 25 Oct 2025 18:03:57 +0000. Up 12.53 seconds.
[[0;32m  OK  [0m] Started Initial cloud-init job (pre-networking).
[[0;32m  OK  [0m] Reached target Network (Pre).
         Starting Network Service...
[[0;32m  OK  [0m] Started Network Service.
         Starting Network Name Resolution...
         Starting Wait for Network to be Configured...
[[0;32m  OK  [0m] Started Network Name Resolution.
[[0;32m  OK  [0m] Reached target Host and Network Name Lookups.
[[0;32m  OK  [0m] Reached target Network.
[[0;32m  OK  [0m] Started Wait for Network to be Configured.
         Starting Initial cloud-init job (metadata service crawler)...
[   15.238905] cloud-init[946]: Cloud-init v. 23.1.2-0ubuntu0~18.04.1 running 'init' at Sat, 25 Oct 2025 18:03:59 +0000. Up 15.13 seconds.
[   15.243385] cloud-init[946]: ci-info: ++++++++++++++++++++++++++++++++++++++++++++Net device info++++++++++++++++++++++++++++++++++++++++++++
[   15.247529] cloud-init[946]: ci-info: +--------+-------+---------------------------------------+---------------+--------+-------------------+
[   15.252021] cloud-init[946]: ci-info: | Device |   Up  |                Address                |      Mask     | Scope  |     Hw-Address    |
[   15.256337] cloud-init[946]: ci-info: +--------+-------+---------------------------------------+---------------+--------+-------------------+
[   15.261999] cloud-init[946]: ci-info: | enp0s3 |  True |               10.0.2.15               | 255.255.255.0 | global | 02:3b:7b:b7:3b:2d |
[   15.266087] cloud-init[946]: ci-info: | enp0s3 |  True | fd17:625c:f037:2:3b:7bff:feb7:3b2d/64 |       .       | global | 02:3b:7b:b7:3b:2d |
[   15.270284] cloud-init[946]: ci-info: | enp0s3 |  True |       fe80::3b:7bff:feb7:3b2d/64      |       .       |  link  | 02:3b:7b:b7:3b:2d |
[   15.274369] cloud-init[946]: ci-info: | enp0s8 | False |                   .                   |       .       |   .    | 08:00:27:ff:58:67 |
[   15.278128] cloud-init[946]: ci-info: |   lo   |  True |               127.0.0.1               |   255.0.0.0   |  host  |         .         |
[   15.283093] cloud-init[946]: ci-info: |   lo   |  True |                ::1/128                |       .       |  host  |         .         |
[   15.289562] cloud-init[946]: ci-info: +--------+-------+---------------------------------------+---------------+--------+-------------------+
[   15.297604] cloud-init[946]: ci-info: ++++++++++++++++++++++++++++Route IPv4 info+++++++++++++++++++++++++++++
[   15.303063] cloud-init[946]: ci-info: +-------+-------------+----------+-----------------+-----------+-------+
[   15.308234] cloud-init[946]: ci-info: | Route | Destination | Gateway  |     Genmask     | Interface | Flags |
[   15.313470] cloud-init[946]: ci-info: +-------+-------------+----------+-----------------+-----------+-------+
[   15.319103] cloud-init[946]: ci-info: |   0   |   0.0.0.0   | 10.0.2.2 |     0.0.0.0     |   enp0s3  |   UG  |
[   15.326287] cloud-init[946]: ci-info: |   1   |   10.0.2.0  | 0.0.0.0  |  255.255.255.0  |   enp0s3  |   U   |
[   15.331914] cloud-init[946]: ci-info: |   2   |   10.0.2.2  | 0.0.0.0  | 255.255.255.255 |   enp0s3  |   UH  |
[   15.337383] cloud-init[946]: ci-info: +-------+-------------+----------+-----------------+-----------+-------+
[   15.342716] cloud-init[946]: ci-info: ++++++++++++++++++++++++Route IPv6 info++++++++++++++++++++++++
[   15.347887] cloud-init[946]: ci-info: +-------+-----------------------+---------+-----------+-------+
[   15.352908] cloud-init[946]: ci-info: | Route |      Destination      | Gateway | Interface | Flags |
[   15.357956] cloud-init[946]: ci-info: +-------+-----------------------+---------+-----------+-------+
[   15.362918] cloud-init[946]: ci-info: |   1   | fd17:625c:f037:2::/64 |    ::   |   enp0s3  |   U   |
[   15.367964] cloud-init[946]: ci-info: |   2   |       fe80::/64       |    ::   |   enp0s3  |   U   |
[   15.374270] cloud-init[946]: ci-info: |   3   |          ::/0         | fe80::2 |   enp0s3  |   UG  |
[   15.380527] cloud-init[946]: ci-info: |   5   |         local         |    ::   |   enp0s3  |   U   |
[   15.386764] cloud-init[946]: ci-info: |   6   |        ff00::/8       |    ::   |   enp0s3  |   U   |
[   15.394286] cloud-init[946]: ci-info: +-------+-----------------------+---------+-----------+-------+
[   16.571508] cloud-init[946]: Generating public/private rsa key pair.
[   16.577038] cloud-init[946]: Your identification has been saved in /etc/ssh/ssh_host_rsa_key.
[   16.579906] cloud-init[946]: Your public key has been saved in /etc/ssh/ssh_host_rsa_key.pub.
[   16.583264] cloud-init[946]: The key fingerprint is:
[   16.585056] cloud-init[946]: SHA256:FdUk9mbP+3luRpHYtugUyrzyzrlhpTxPaDMa1+p7Mf8 root@ubuntu-bionic
[   16.587912] cloud-init[946]: The key's randomart image is:
[   16.590237] cloud-init[946]: +---[RSA 2048]----+
[   16.591813] cloud-init[946]: |          ..+o.  |
[   16.593614] cloud-init[946]: |           o o.  |
[   16.595384] cloud-init[946]: |          .   * .|
[   16.597202] cloud-init[946]: |         .   = B |
[   16.598835] cloud-init[946]: |        S o ..+ =|
[   16.616410] cloud-init[946]: |          .+== .o|
[   16.618048] cloud-init[946]: |         . %+o+o |
[   16.620320] cloud-init[946]: |         .B.Xo .*|
[   16.621931] cloud-init[946]: |         .=X+. =E|
[   16.623558] cloud-init[946]: +----[SHA256]-----+
[   16.625358] cloud-init[946]: Generating public/private dsa key pair.
[   16.627512] cloud-init[946]: Your identification has been saved in /etc/ssh/ssh_host_dsa_key.
[   16.630523] cloud-init[946]: Your public key has been saved in /etc/ssh/ssh_host_dsa_key.pub.
[   16.633408] cloud-init[946]: The key fingerprint is:
[   16.635067] cloud-init[946]: SHA256:hhj5/m72MSUrpoANffO0o2+W4JwYkjT0ysiboaUO9CE root@ubuntu-bionic
[   16.638067] cloud-init[946]: The key's randomart image is:
[   16.639812] cloud-init[946]: +---[DSA 1024]----+
[   16.641531] cloud-init[946]: |                 |
[   16.643256] [cloud-init[0;32m  OK  [0m[946]: ] |  .  .           |Started Initial cloud-init job (metadata service crawler).

[   16.647061] [cloud-init[0;32m  OK  [0m[946]: ] | . .o            |Reached target Cloud-config availability.

[   16.650220] [cloud-init[0;32m  OK  [0m[946]: ] |  o..+ .         |Reached target System Initialization.

[   16.653684]          cloud-initStarting LXD - unix socket.[946]: 
|.E.=o = S . .    |
[[0;32m  OK  [0m] Started ACPI Events Check.
[[0;32m  OK  [0m] Listening on cloud-init hotplug hook socket.
[   16.661124] cloud-init[946]: |ooO+oo.= . +     |
[   16.665982] [cloud-init[0;32m  OK  [0m[946]: ] |oo=oo=.o*.+      |Listening on UUID daemon activation socket.

[[   16.669223] [0;32m  OK  [0mcloud-init] [946]: Started Ubuntu Advantage Timer for running repeated jobs.|+o  ..+=*o o     |

[   16.672943]          cloud-initStarting Socket activation for snappy daemon.[946]: 
|..    oB+..      |
[   16.677189] [cloud-init[0;32m  OK  [0m[946]: ] +----[SHA256]-----+Reached target Paths.

[   16.680590] [cloud-init[0;32m  OK  [0m[946]: ] Generating public/private ecdsa key pair.Started Discard unused blocks once a week.

[   16.684416] [cloud-init[0;32m  OK  [0m[946]: ] Your identification has been saved in /etc/ssh/ssh_host_ecdsa_key.Started Daily Cleanup of Temporary Directories.

[[0;32m  OK  [0m] Started Daily apt download activities.
[[   16.689160] [0;32m  OK  [0mcloud-init] [946]: Started Daily apt upgrade and clean activities.Your public key has been saved in /etc/ssh/ssh_host_ecdsa_key.pub.

[   16.695574] [cloud-init[0;32m  OK  [0m[946]: ] The key fingerprint is:Listening on ACPID Listen Socket.

[   16.699097] cloud-init[946]: SHA256:z7+d1N9XlONI15lc5txXHyCZ0PF27VHX6ySKsMv7o/o root@ubuntu-bionic
[   16.702439] cloud-init[946]: The key's randomart image is:
[[0;32m  OK  [0m] Listening on D-Bus System Message Bus Socket.
[   16.712600] cloud-init[946]: +---[ECDSA 256]---+
[[0;32m  OK  [0m] Started Message of the Day.
[[0;32m  OK  [0m] Reached target Timers.
[   16.714698] cloud-init[946]: |         .oo+.. +|
[   16.720845] [cloud-init[0;32m  OK  [0m[946]: ] |           +o  .O|Listening on Open-iSCSI iscsid Socket.

[   16.724212] cloud-init[946]: |             o.*&|
[   16.725849] cloud-init[946]: |       .    .o.@X|
[   16.727422] cloud-init[946]: |        S . o B.+|
[   16.729121] cloud-init[946]: |       . + . . +.|
[[0;32m  OK  [0m] Reached target Network is Online.
[   16.729199] cloud-init[946]: |      . . o   . o|
[   16.733959] cloud-init[946]: |       o . . o .+|
[   16.736020] cloud-init[946]: |     .oE+.. o.o +|
         Starting Availability of block devices...
[   16.736276] [cloud-init[946]: [0;32m  OK  [0m+----[SHA256]-----+] 
Reached target Remote File Systems (Pre).
[[0;32m  OK  [0m] Reached target Remote File Systems.
[   16.740372] cloud-init[946]: Generating public/private ed25519 key pair.
[   16.747411] [cloud-init[0;32m  OK  [0m[946]: ] Your identification has been saved in /etc/ssh/ssh_host_ed25519_key.Listening on LXD - unix socket.

[   16.751654] [cloud-init[0;32m  OK  [0m[946]: ] Your public key has been saved in /etc/ssh/ssh_host_ed25519_key.pub.Listening on Socket activation for snappy daemon.

[   16.756411] [cloud-init[0;32m  OK  [0m[946]: ] The key fingerprint is:Started Availability of block devices.

[   16.759638] [cloud-init[0;32m  OK  [0m[946]: ] SHA256:V5OzGXiQr9SOA6ES3SRtpifpc0aa3paefsUYfnXk4Ck root@ubuntu-bionicReached target Sockets.

[[0;32m  OK  [0m] Reached target Basic System.
[   16.764635] cloud-init[946]: The key's randomart image is:
         Starting Accounts Service...
[   16.767801] cloud-init[946]: +--[ED25519 256]--+
[   16.771365] cloud-init[946]: |     ..+. ..     |
         Starting LSB: Record successful boot for GRUB...
[   16.771517] cloud-init[946]: |    . ..* .o .. .|
[   16.776484] cloud-init[946]: |     . * ..oB. = |
[   16.778218] cloud-init[946]: |    . = + ooE*+ o|
[   16.780013] cloud-init[946]: |     o *S+.Boo . |
[   16.782857] [cloud-init[0;32m  OK  [0m[946]: |      = o.* =    |
] Started Deferred execution scheduler.
[   16.783613] cloud-init[946]: |     . = . +     |
[   16.788421] cloud-init[946]: |      . +..      |
         Starting LSB: automatic crash report generation...
[[0;32m  OK  [0m] Started FUSE filesystem for LXC.
[   16.790458] cloud-init[946]: |       ++.       |
[   16.796337] cloud-init[946]: +----[SHA256]-----+
         Starting Dispatcher daemon for systemd-networkd...
         Starting Snap Daemon...
[[0;32m  OK  [0m] Started irqbalance daemon.
         Starting System Logging Service...
         Starting Virtualbox guest utils...
[[0;32m  OK  [0m] Started Regular background program processing daemon.
         Starting LXD - container startup/shutdown...
         Starting Permit User Sessions...
[[0;32m  OK  [0m] Reached target Login Prompts (Pre).
[[0;32m  OK  [0m] Started D-Bus System Message Bus.
         Starting Pollinate to seed the pseudo random number generator...
         Starting Login Service...
[[0;32m  OK  [0m] Started System Logging Service.
[[0;32m  OK  [0m] Started Permit User Sessions.
         Starting Authorization Manager...
         Starting Terminate Plymouth Boot Screen...
         Starting Hold until boot process finishes up...
[[0;32m  OK  [0m] Started Hold until boot process finishes up.
[[0;32m  OK  [0m] Started Serial Getty on ttyS0.
         Starting Set console scheme...
[[0;32m  OK  [0m] Started Terminate Plymouth Boot Screen.
[[0;32m  OK  [0m] Started Login Service.
[[0;32m  OK  [0m] Started Unattended Upgrades Shutdown.
[[0;32m  OK  [0m] Started LSB: automatic crash report generation.
[[0;32m  OK  [0m] Started Set console scheme.
[[0;32m  OK  [0m] Created slice system-getty.slice.
[[0;32m  OK  [0m] Started Getty on tty1.
[[0;32m  OK  [0m] Reached target Login Prompts.
[[0;32m  OK  [0m] Started LSB: Record successful boot for GRUB.
[[0;32m  OK  [0m] Started Dispatcher daemon for systemd-networkd.
[[0;32m  OK  [0m] Started LXD - container startup/shutdown.
[[0;32m  OK  [0m] Started Authorization Manager.
[[0;32m  OK  [0m] Started Accounts Service.
[[0;32m  OK  [0m] Started Virtualbox guest utils.
[[0;32m  OK  [0m] Started Snap Daemon.
         Starting Wait until snapd is fully seeded...
[[0;32m  OK  [0m] Started Pollinate to seed the pseudo random number generator.
         Starting OpenBSD Secure Shell server...
[[0;32m  OK  [0m] Started OpenBSD Secure Shell server.
[[0;32m  OK  [0m] Created slice User Slice of vagrant.
         Starting User Manager for UID 1000...
[[0;32m  OK  [0m] Started Session 1 of user vagrant.
[[0;32m  OK  [0m] Started User Manager for UID 1000.
         Starting Time & Date Service...
[[0;32m  OK  [0m] Started Time & Date Service.
[[0;32m  OK  [0m] Started Wait until snapd is fully seeded.
         Starting Apply the settings specified in cloud-config...
[   20.222622] cloud-init[1559]: Cloud-init v. 23.1.2-0ubuntu0~18.04.1 running 'modules:config' at Sat, 25 Oct 2025 18:04:03 +0000. Up 19.35 seconds.
[[0;32m  OK  [0m] Started Apply the settings specified in cloud-config.
[[0;32m  OK  [0m] Reached target Multi-User System.
[[0;32m  OK  [0m] Reached target Graphical Interface.
         Starting Update UTMP about System Runlevel Changes...
         Starting Execute cloud user/final scripts...
[[0;32m  OK  [0m] Started Update UTMP about System Runlevel Changes.
ci-info: no authorized SSH keys fingerprints found for user ubuntu.
<14>Oct 25 18:04:05 cloud-init: #############################################################
<14>Oct 25 18:04:05 cloud-init: -----BEGIN SSH HOST KEY FINGERPRINTS-----
<14>Oct 25 18:04:05 cloud-init: 1024 SHA256:hhj5/m72MSUrpoANffO0o2+W4JwYkjT0ysiboaUO9CE root@ubuntu-bionic (DSA)
<14>Oct 25 18:04:05 cloud-init: 256 SHA256:z7+d1N9XlONI15lc5txXHyCZ0PF27VHX6ySKsMv7o/o root@ubuntu-bionic (ECDSA)
<14>Oct 25 18:04:05 cloud-init: 256 SHA256:V5OzGXiQr9SOA6ES3SRtpifpc0aa3paefsUYfnXk4Ck root@ubuntu-bionic (ED25519)
<14>Oct 25 18:04:05 cloud-init: 2048 SHA256:FdUk9mbP+3luRpHYtugUyrzyzrlhpTxPaDMa1+p7Mf8 root@ubuntu-bionic (RSA)
<14>Oct 25 18:04:05 cloud-init: -----END SSH HOST KEY FINGERPRINTS-----
<14>Oct 25 18:04:05 cloud-init: #############################################################
-----BEGIN SSH HOST KEY KEYS-----
ecdsa-sha2-nistp256 AAAAE2VjZHNhLXNoYTItbmlzdHAyNTYAAAAIbmlzdHAyNTYAAABBBKEo89winSJz38HtgU8MXSaZkxF4Kg+Ch7ETBqOkLb7TNNGAPJyIzV21C0MKamRQn//E0vITqK+Xtnnq/WhsdSw= root@ubuntu-bionic
ssh-ed25519 AAAAC3NzaC1lZDI1NTE5AAAAIHKJfARcS5E4dLccgYsjBqfP4uUPB5CDcsMdMJCyQwOA root@ubuntu-bionic
ssh-rsa AAAAB3NzaC1yc2EAAAADAQABAAABAQDOsQFeGyptOBv5HuV3kFuT/IUFbK8ggYtZBxXptzr9XCVbsIhygDc23J6yQVHrwYnPNJ+B+fFjyxNb3WYuSqH+J28dg4pVLBnjO8BAtycSR0gRF2gpORcxSgISVyfcPKe4RqT0CK+ZYX7cfHt4+EHP581k3gGjwtZBqqmoX90ikKJj51Q87GMKgU2Y7FPGykaoZfA61t86vjolXTxONbFrpbkXa48OcYPftZniJmmt/dD0U5sESDlc0sUPwtS/ZBrzfnIc0SPoW4HUl9/2lSTUphPKSqzeCpp8LXcvh/aHCWIuC9urC7dgYPgjiHXgnS1I1kHn7/OcbX2lgeT+P94Z root@ubuntu-bionic
-----END SSH HOST KEY KEYS-----
[   21.063396] cloud-init[1637]: Cloud-init v. 23.1.2-0ubuntu0~18.04.1 running 'modules:final' at Sat, 25 Oct 2025 18:04:05 +0000. Up 20.85 seconds.
[   21.067658] cloud-init[1637]: Cloud-init v. 23.1.2-0ubuntu0~18.04.1 finished at Sat, 25 Oct 2025 18:04:05 +0000. Datasource DataSourceNoCloud [seed=/dev/sdb][dsmode=net].  Up 21.05 seconds
[[0;32m  OK  [0m] Started Execute cloud user/final scripts.
[[0;32m  OK  [0m] Reached target Cloud-init target.

Ubuntu 18.04.6 LTS ubuntu-bionic ttyS0

ubuntu-bionic login: [[0;32m  OK  [0m] Stopped target Graphical Interface.
         Stopping Accounts Service...
         Stopping User Manager for UID 1000...
         Stopping Availability of block devices...
[[0;32m  OK  [0m] Stopped target Cloud-init target.
[[0;32m  OK  [0m] Stopped target Host and Network Name Lookups.
[[0;32m  OK  [0m] Stopped Execute cloud user/final scripts.
         Stopping Session 7 of user vagrant.
[[0;32m  OK  [0m] Stopped Apply the settings specified in cloud-config.
[[0;32m  OK  [0m] Stopped target Timers.
[[0;32m  OK  [0m] Stopped Discard unused blocks once a week.
[[0;32m  OK  [0m] Stopped Ubuntu Advantage Timer for running repeated jobs.
[[0;32m  OK  [0m] Stopped Message of the Day.
[[0;32m  OK           Stopping Serial Getty on ttyS0...
         Stopping LXD - container startup/shutdown...
[[0;32m  OK  [0m] Stopped target Cloud-config availability.
[[0;32m  OK  [0m] Stopped Daily apt upgrade and clean activities.
[[0;32m  OK  [0m] Stopped Daily apt download activities.
[[0;32m  OK  [0m] Stopped target System Time Synchronized.
         Stopping Authorization Manager...
         Stopping OpenBSD Secure Shell server...
         Stopping Regular background program processing daemon...
         Stopping Dispatcher daemon for systemd-networkd...
[[0;32m  OK  [0m] Unmounted /var/lib/lxcfs.
[[0;32m  OK  [0m] Stopped Accounts Service.
[[0;32m  OK  [0m] Stopped Deferred execution scheduler.
[[0;32m  OK  [0m] Stopped Dispatcher daemon for systemd-networkd.
[[0;32m  OK  [0m] Stopped irqbalance daemon.
[[0;32m  OK  [0m] Stopped System Logging Service.
[[0;32m  OK  [0m] Stopped Regular background program processing daemon.
[[0;32m  OK  [0m] Stopped Authorization Manager.
[[0;32m  OK  [0m] Stopped Serial Getty on ttyS0.
[[0;32m  OK  [0m] Stopped Getty on tty1.
[[0;32m  OK  [0m] Stopped OpenBSD Secure Shell server.
[[0;32m  OK  [0m] Stopped User Manager for UID 1000.
[[0;32m  OK  [0m] Stopped Availability of block devices.
[[0;32m  OK  [0m] Stopped D-Bus System Message Bus.
[[0;32m  OK  [0m] Stopped FUSE filesystem for LXC.
[[0;32m  OK  [0m] Stopped Session 7 of user vagrant.
[[0;32m  OK  [0m] Stopped LXD - container startup/shutdown.
[[0;32m  OK  [0m] Removed slice User Slice of vagrant.
         Stopping Login Service...
[[0;32m  OK  [0m] Removed slice system-getty.slice.
[[0;32m  OK  [0m] Stopped target Login Prompts (Pre).
[[0;32m  OK  [0m] Removed slice system-serial\x2dgetty.slice.
         Stopping Permit User Sessions...
[[0;32m  OK  [0m] Stopped LSB: automatic crash report generation.
[[0;32m  OK  [0m] Stopped Virtualbox guest utils.
[[0;32m  OK  [0m] Stopped LSB: Record successful boot for GRUB.
[[0;32m  OK  [0m] Stopped Permit User Sessions.
[[0;32m  OK  [0m] Stopped target Remote File Systems.
         Unmounting /vagrant...
[[0;32m  OK  [0m] Unmounted /vagrant.
[[0;32m  OK  [0m] Stopped Login Service.
[[0;32m  OK  [0m] Stopped target User and Group Name Lookups.
[[0;32m  OK  [0m] Stopped target Basic System.
[[0;32m  OK  [0m] Stopped target Paths.
[[0;32m  OK  [0m] Stopped ACPI Events Check.
[[0;32m  OK  [0m] Stopped target Slices.
[[0;32m  OK  [0m] Removed slice User and Session Slice.
[[0;32m  OK  [0m] Stopped target Sockets.
[[0;32m  OK  [0m] Closed ACPID Listen Socket.
[[0;32m  OK  [0m] Closed Syslog Socket.
[[0;32m  OK  [0m] Closed Socket activation for snappy daemon.
[[0;32m  OK  [0m] Closed cloud-init hotplug hook socket.
[[0;32m  OK  [0m] Closed Open-iSCSI iscsid Socket.
[[0;32m  OK  [0m] Closed LXD - unix socket.
[[0;32m  OK  [0m] Closed UUID daemon activation socket.
[[0;32m  OK  [0m] Closed D-Bus System Message Bus Socket.
[[0;32m  OK  [0m] Stopped target System Initialization.
[[0;32m  OK  [0m] Stopped Commit a transient machine-id on disk.
[[0;32m  OK  [0m] Stopped target Local Encrypted Volumes.
[[0;32m  OK  [0m] Stopped Dispatch Password Requests to Console Directory Watch.
[[0;32m  OK  [0m] Stopped Forward Password Requests to Wall Directory Watch.
         Stopping Update UTMP about System Boot/Shutdown...
         Stopping Load/Save Random Seed...
[[0;32m  OK  [0m] Stopped Update UTMP about System Boot/Shutdown.
[[0;32m  OK  [0m] Stopped Load/Save Random Seed.
[[0;32m  OK  [0m] Stopped Create Volatile Files and Directories.
[[0;32m  OK  [0m] Stopped target Local File Systems.
         Unmounting /run/user/1000...
         Unmounting /home/vagrant/prueba...
[[0;32m  OK  [0m] Stopped target Mounted snaps.
[[0;32m  OK  [0m] Stopped target Mounting snaps.
[[0;32m  OK  [0m] Unmounted /run/user/1000.
[[0;32m  OK  [0m] Unmounted /home/vagrant/prueba.
[[0;32m  OK  [0m] Stopped target Network is Online.
[[0;32m  OK  [0m] Stopped Initial cloud-init job (metadata service crawler).
[[0;32m  OK  [0m] Stopped target Network.
         Stopping Network Service...
[[0;32m  OK  [0m] Stopped target Remote File Systems (Pre).
[[0;32m  OK  [0m] Reached target Unmount All Filesystems.
[[0;32m  OK  [0m] Stopped target Swap.
[[0;32m  OK  [0m] Stopped target Local File Systems (Pre).
[[0;32m  OK  [0m] Stopped Create Static Device Nodes in /dev.
         Stopping Monitoring of LVM2 mirrors…ng dmeventd or progress polling...
[[0;32m  OK  [0m] Stopped Monitoring of LVM2 mirrors,…sing dmeventd or progress polling.
         Stopping LVM2 metadata daemon...
[[0;32m  OK  [0m] Stopped LVM2 metadata daemon.
[[0;32m  OK  [0m] Stopped Network Service.
[[0;32m  OK  [0m] Stopped target Network (Pre).
[[0;32m  OK  [0m] Stopped Initial cloud-init job (pre-networking).
[[0;32m  OK  [0m] Stopped Remount Root and Kernel File Systems.
[[0;32m  OK  [0m] Stopped Apply Kernel Variables.
[[0;32m  OK  [0m] Stopped Load Kernel Modules.
[[0;32m  OK  [0m] Reached target Shutdown.
[[0;32m  OK  [0m] Reached target Final Step.
         Starting Power-Off...
[  231.636257] reboot: Power down
